<html>
<body>
<pre>
<h1>µVision Build Log</h1>
<h2>Tool Versions:</h2>
IDE-Version: µVision V5.20.0.0
Copyright (C) 2016 ARM Ltd and ARM Germany GmbH. All rights reserved.
License Information: Aleksandrs Sevastjanovs, Silmor, LIC=AK19U-SJKQE-C1XPU-SKRS9-T85H7-ATFRP
 
Tool Versions:
Toolchain:       MDK-ARM Professional  Version: 5.20
Toolchain Path:  H:\Keil_v5\ARM\ARMCC\Bin
C Compiler:      Armcc.exe V5.06 update 2 (build 183)
Assembler:       Armasm.exe V5.06 update 2 (build 183)
Linker/Locator:  ArmLink.exe V5.06 update 2 (build 183)
Library Manager: ArmAr.exe V5.06 update 2 (build 183)
Hex Converter:   FromElf.exe V5.06 update 2 (build 183)
CPU DLL:         SARMCM3.DLL V5.20
Dialog DLL:      DCM.DLL V1.13.7.0
Target DLL:      STLink\ST-LINKIII-KEIL_SWO.dll V2.0.18.0
Dialog DLL:      TCM.DLL V1.14.9.0
 
<h2>Project:</h2>
F:\workspace\QREH\Q1kony.uvprojx
Project File Date:  09/25/2016

<h2>Output:</h2>
*** Using Compiler 'V5.06 update 2 (build 183)', folder: 'H:\Keil_v5\ARM\ARMCC\Bin'
Build target 'Q1kony'
compiling ErrorProcessing.c...
compiling stm32f10x_it.c...
compiling motor_driver.c...
compiling mcu_config.c...
compiling main.c...
compiling usart.c...
USER\usart.c(199): warning:  #167-D: argument of type "unsigned char *" is incompatible with parameter of type "const char *"
      incoming_packet.packet_length = strlen(packet);
USER\usart.c(229): warning:  #167-D: argument of type "char *" is incompatible with parameter of type "uint8_t *"
      outgoing_packet.crc8 = usart_crc8(
RC_INIT_VAL, data_for_crc8); 
USER\usart.c(253): warning:  #167-D: argument of type "char *" is incompatible with parameter of type "uint8_t *"
  	incoming_crc8 = usart_crc8(
RC_INIT_VAL, data_for_crc8);
USER\usart.c(268): warning:  #167-D: argument of type "uint8_t *" is incompatible with parameter of type "const char *"
  	uint8_t len = strlen(packet);
USER\usart.c: 4 warnings, 0 errors
linking...
Program Size: Code=17986 RO-data=1070 RW-data=156 ZI-data=17900  
".\Objects\Q1kony.axf" - 0 Error(s), 4 Warning(s).

<h2>Collection of Component include folders:</h2>
  F:\workspace\QREH\RTE
  H:\Keil_v5\ARM\PACK\Keil\STM32F1xx_DFP\2.1.0\Device\Include

<h2>Collection of Component Files used:</h2>
Build Time Elapsed:  00:00:05
</pre>
</body>
</html>
