<html>
<body>
<pre>
<h1>µVision Build Log</h1>
<h2>Tool Versions:</h2>
IDE-Version: µVision V5.20.0.0
Copyright (C) 2016 ARM Ltd and ARM Germany GmbH. All rights reserved.
License Information: A S, AS, LIC=LJWDY-IWR9F-GNTA5-G7RBD-61JVX-YHPUE
 
Tool Versions:
Toolchain:       MDK-ARM Professional  Version: 5.20
Toolchain Path:  D:\Keil_v5.2\ARM\ARMCC\Bin
C Compiler:      Armcc.exe V5.06 update 2 (build 183)
Assembler:       Armasm.exe V5.06 update 2 (build 183)
Linker/Locator:  ArmLink.exe V5.06 update 2 (build 183)
Library Manager: ArmAr.exe V5.06 update 2 (build 183)
Hex Converter:   FromElf.exe V5.06 update 2 (build 183)
CPU DLL:         SARMCM3.DLL V5.20
Dialog DLL:      DCM.DLL V1.13.7.0
Target DLL:      STLink\ST-LINKIII-KEIL_SWO.dll V2.0.18.0
Dialog DLL:      TCM.DLL V1.14.9.0
 
<h2>Project:</h2>
D:\workspace\QREH\Q1kony.uvprojx
Project File Date:  11/03/2016

<h2>Output:</h2>
*** Using Compiler 'V5.06 update 2 (build 183)', folder: 'D:\Keil_v5.2\ARM\ARMCC\Bin'
Build target 'Q1kony'
compiling stm32f10x_it.c...
compiling mcu_config.c...
compiling main.c...
USER\main.c(41): warning:  #177-D: variable "packet" was declared but never referenced
  	unsigned char packet[DATA_PACKET_LEN + 1];
USER\main.c(42): warning:  #177-D: variable "incoming_packet" was declared but never referenced
  	incoming_packet_t incoming_packet;
USER\main.c: 2 warnings, 0 errors
compiling ErrorProcessing.c...
compiling motor_driver.c...
compiling usart.c...
USER\usart.c(214): warning:  #167-D: argument of type "unsigned char *" is incompatible with parameter of type "const char *"
      incoming_packet.packet_length = strlen(packet);
USER\usart.c(251): warning:  #167-D: argument of type "char *" is incompatible with parameter of type "uint8_t *"
      outgoing_packet.crc8 = usart_crc8(
RC_INIT_VAL, data_for_crc8); 
USER\usart.c(277): warning:  #167-D: argument of type "char *" is incompatible with parameter of type "uint8_t *"
  	incoming_crc8 = usart_crc8(
RC_INIT_VAL, data_for_crc8);
USER\usart.c(292): warning:  #167-D: argument of type "uint8_t *" is incompatible with parameter of type "const char *"
  	uint8_t len = strlen(packet);
USER\usart.c: 4 warnings, 0 errors
linking...
Program Size: Code=19482 RO-data=1070 RW-data=180 ZI-data=17932  
FromELF: creating hex file...
".\Objects\Q1kony.axf" - 0 Error(s), 6 Warning(s).

<h2>Collection of Component include folders:</h2>
  D:\workspace\QREH\RTE
  D:\Keil_v5.2\ARM\PACK\Keil\STM32F1xx_DFP\2.1.0\Device\Include

<h2>Collection of Component Files used:</h2>
Build Time Elapsed:  00:00:02
</pre>
</body>
</html>
