Component: ARM Compiler 5.06 update 2 (build 183) Tool: armlink [4d35b7]

==============================================================================

Section Cross References

    startup_stm32f10x_md.o(STACK) refers (Special) to heapauxi.o(.text) for __use_two_region_memory
    startup_stm32f10x_md.o(HEAP) refers (Special) to heapauxi.o(.text) for __use_two_region_memory
    startup_stm32f10x_md.o(RESET) refers (Special) to heapauxi.o(.text) for __use_two_region_memory
    startup_stm32f10x_md.o(RESET) refers to startup_stm32f10x_md.o(STACK) for __initial_sp
    startup_stm32f10x_md.o(RESET) refers to startup_stm32f10x_md.o(.text) for Reset_Handler
    startup_stm32f10x_md.o(RESET) refers to stm32f10x_it.o(.text) for NMI_Handler
    startup_stm32f10x_md.o(RESET) refers to port.o(.emb_text) for SVC_Handler
    startup_stm32f10x_md.o(RESET) refers to port.o(.text) for SysTick_Handler
    startup_stm32f10x_md.o(RESET) refers to usart.o(.text) for USART1_IRQHandler
    startup_stm32f10x_md.o(.text) refers (Special) to heapauxi.o(.text) for __use_two_region_memory
    startup_stm32f10x_md.o(.text) refers to system_stm32f10x.o(.text) for SystemInit
    startup_stm32f10x_md.o(.text) refers to __main.o(!!!main) for __main
    startup_stm32f10x_md.o(.text) refers to startup_stm32f10x_md.o(HEAP) for Heap_Mem
    startup_stm32f10x_md.o(.text) refers to startup_stm32f10x_md.o(STACK) for Stack_Mem
    system_stm32f10x.o(.text) refers to system_stm32f10x.o(.data) for .data
    stm32f10x_gpio.o(.text) refers to stm32f10x_rcc.o(.text) for RCC_APB2PeriphResetCmd
    stm32f10x_rcc.o(.text) refers to stm32f10x_rcc.o(.data) for .data
    stm32f10x_tim.o(.text) refers to stm32f10x_rcc.o(.text) for RCC_APB1PeriphResetCmd
    stm32f10x_usart.o(.text) refers to stm32f10x_rcc.o(.text) for RCC_APB2PeriphResetCmd
    stm32f10x_adc.o(.text) refers to stm32f10x_rcc.o(.text) for RCC_APB2PeriphResetCmd
    croutine.o(.text) refers to heap_2.o(.text) for pvPortMalloc
    croutine.o(.text) refers to list.o(.text) for vListInitialise
    croutine.o(.text) refers to tasks.o(.text) for xTaskGetTickCount
    croutine.o(.text) refers to port.o(.emb_text) for vPortSetInterruptMask
    croutine.o(.text) refers to croutine.o(.data) for .data
    croutine.o(.text) refers to croutine.o(.bss) for .bss
    queue.o(.text) refers to heap_2.o(.text) for pvPortMalloc
    queue.o(.text) refers to list.o(.text) for vListInitialise
    queue.o(.text) refers to port.o(.text) for vPortEnterCritical
    queue.o(.text) refers to tasks.o(.text) for xTaskRemoveFromEventList
    queue.o(.text) refers to rt_memcpy_v6.o(.text) for __aeabi_memcpy
    queue.o(.text) refers to port.o(.emb_text) for vPortSetInterruptMask
    tasks.o(.text) refers to heap_2.o(.text) for pvPortMalloc
    tasks.o(.text) refers to aeabi_memset.o(.text) for __aeabi_memset
    tasks.o(.text) refers to strncpy.o(.text) for strncpy
    tasks.o(.text) refers to list.o(.text) for vListInitialiseItem
    tasks.o(.text) refers to port.o(.text) for pxPortInitialiseStack
    tasks.o(.text) refers to tasks.o(.data) for .data
    tasks.o(.text) refers to tasks.o(.bss) for .bss
    tasks.o(.text) refers to port.o(.emb_text) for vPortSetInterruptMask
    port.o(.emb_text) refers to tasks.o(.text) for vTaskSwitchContext
    port.o(.emb_text) refers to tasks.o(.data) for pxCurrentTCB
    port.o(.text) refers to port.o(.emb_text) for vPortStartFirstTask
    port.o(.text) refers to tasks.o(.text) for vTaskIncrementTick
    port.o(.text) refers to port.o(.data) for .data
    heap_2.o(.text) refers to tasks.o(.text) for vTaskSuspendAll
    heap_2.o(.text) refers to heap_2.o(.data) for .data
    heap_2.o(.text) refers to heap_2.o(.bss) for .bss
    delay.o(.text) refers to stm32f10x_rcc.o(.text) for RCC_GetClocksFreq
    lph8731-3c.o(.text) refers to stm32f10x_gpio.o(.text) for GPIO_SetBits
    lph8731-3c.o(.text) refers to stm32f10x_rcc.o(.text) for RCC_APB2PeriphClockCmd
    lph8731-3c.o(.text) refers to lph8731-3c.o(.data) for .data
    lph8731-3c.o(.text) refers to lph8731-3c.o(.constdata) for .constdata
    main.o(.text) refers to _printf_pad.o(.text) for _printf_pre_padding
    main.o(.text) refers to _printf_percent.o(.ARM.Collect$$_printf_percent$$00000000) for _printf_percent
    main.o(.text) refers to _printf_d.o(.ARM.Collect$$_printf_percent$$00000009) for _printf_d
    main.o(.text) refers to _printf_dec.o(.text) for _printf_int_dec
    main.o(.text) refers to mcu_config.o(.text) for get_task_counter
    main.o(.text) refers to usart.o(.text) for check_usart_while_playing
    main.o(.text) refers to motor_driver.o(.text) for MotorInit
    main.o(.text) refers to stm32f10x_gpio.o(.text) for GPIO_SetBits
    main.o(.text) refers to lph8731-3c.o(.text) for LCD_init
    main.o(.text) refers to noretval__2sprintf.o(.text) for __2sprintf
    main.o(.text) refers to delay.o(.text) for delay_ms
    mcu_config.o(.text) refers to misc.o(.text) for SysTick_CLKSourceConfig
[...]
    ../clib/printf.c                         0x00000000   Number         0  __printf_ss_wp.o ABSOLUTE
    ../clib/printf.c                         0x00000000   Number         0  __printf_flags_wp.o ABSOLUTE
    ../clib/printf.c                         0x00000000   Number         0  _printf_intcommon.o ABSOLUTE
    ../clib/printf.c                         0x00000000   Number         0  __printf_flags.o ABSOLUTE
    ../clib/printf.c                         0x00000000   Number         0  _sputc.o ABSOLUTE
    ../clib/printf.c                         0x00000000   Number         0  _printf_dec.o ABSOLUTE
    ../clib/printf.c                         0x00000000   Number         0  _printf_pad.o ABSOLUTE
    ../clib/printf.c                         0x00000000   Number         0  __printf.o ABSOLUTE
    ../clib/printf.c                         0x00000000   Number         0  _printf_char_common.o ABSOLUTE
    ../clib/printf.c                         0x00000000   Number         0  __printf_flags_ss.o ABSOLUTE
    ../clib/printf.c                         0x00000000   Number         0  noretval__2sprintf.o ABSOLUTE
    ../clib/printf.c                         0x00000000   Number         0  __2sprintf.o ABSOLUTE
    ../clib/printf.c                         0x00000000   Number         0  __printf_wp.o ABSOLUTE
    ../clib/printf.c                         0x00000000   Number         0  __printf_nopercent.o ABSOLUTE
    ../clib/printf_percent.s                 0x00000000   Number         0  _printf_d.o ABSOLUTE
    ../clib/printf_percent.s                 0x00000000   Number         0  _printf_percent.o ABSOLUTE
    ../clib/printf_percent.s                 0x00000000   Number         0  _printf_percent_end.o ABSOLUTE
    ../clib/signal.c                         0x00000000   Number         0  defsig_other.o ABSOLUTE
    ../clib/signal.c                         0x00000000   Number         0  defsig_rtmem_outer.o ABSOLUTE
    ../clib/signal.c                         0x00000000   Number         0  defsig_rtmem_formal.o ABSOLUTE
    ../clib/signal.c                         0x00000000   Number         0  defsig_exit.o ABSOLUTE
    ../clib/signal.c                         0x00000000   Number         0  defsig_rtmem_inner.o ABSOLUTE
    ../clib/signal.c                         0x00000000   Number         0  __raise.o ABSOLUTE
    ../clib/signal.c                         0x00000000   Number         0  defsig_general.o ABSOLUTE
    ../clib/signal.c                         0x00000000   Number         0  defsig_abrt_inner.o ABSOLUTE
    ../clib/signal.c                         0x00000000   Number         0  defsig_fpe_inner.o ABSOLUTE
    ../clib/signal.c                         0x00000000   Number         0  defsig_rtred_inner.o ABSOLUTE
    ../clib/signal.c                         0x00000000   Number         0  defsig_stak_inner.o ABSOLUTE
    ../clib/signal.c                         0x00000000   Number         0  defsig_pvfn_inner.o ABSOLUTE
    ../clib/signal.c                         0x00000000   Number         0  defsig_cppl_inner.o ABSOLUTE
    ../clib/signal.c                         0x00000000   Number         0  defsig_segv_inner.o ABSOLUTE
    ../clib/signal.s                         0x00000000   Number         0  defsig.o ABSOLUTE
    ../clib/stdlib.c                         0x00000000   Number         0  exit.o ABSOLUTE
    ../clib/string.c                         0x00000000   Number         0  strlen.o ABSOLUTE
    ../fplib/fpinit.s                        0x00000000   Number         0  fpinit.o ABSOLUTE
    Libraries\CMSIS\CM3\CoreSupport\core_cm3.c 0x00000000   Number         0  core_cm3.o ABSOLUTE
    Libraries\CMSIS\CM3\DeviceSupport\ST\STM32F10x\startup\arm\startup_stm32f10x_md.s 0x00000000   Number         0  startup_stm32f10x_md.o ABSOLUTE
    Libraries\STM32F10x_StdPeriph_Driver\src\misc.c 0x00000000   Number         0  misc.o ABSOLUTE
    Libraries\STM32F10x_StdPeriph_Driver\src\stm32f10x_adc.c 0x00000000   Number         0  stm32f10x_adc.o ABSOLUTE
    Libraries\STM32F10x_StdPeriph_Driver\src\stm32f10x_exti.c 0x00000000   Number         0  stm32f10x_exti.o ABSOLUTE
    Libraries\STM32F10x_StdPeriph_Driver\src\stm32f10x_gpio.c 0x00000000   Number         0  stm32f10x_gpio.o ABSOLUTE
    Libraries\STM32F10x_StdPeriph_Driver\src\stm32f10x_iwdg.c 0x00000000   Number         0  stm32f10x_iwdg.o ABSOLUTE
    Libraries\STM32F10x_StdPeriph_Driver\src\stm32f10x_rcc.c 0x00000000   Number         0  stm32f10x_rcc.o ABSOLUTE
    Libraries\STM32F10x_StdPeriph_Driver\src\stm32f10x_tim.c 0x00000000   Number         0  stm32f10x_tim.o ABSOLUTE
    Libraries\STM32F10x_StdPeriph_Driver\src\stm32f10x_usart.c 0x00000000   Number         0  stm32f10x_usart.o ABSOLUTE
    Libraries\\CMSIS\\CM3\\CoreSupport\\core_cm3.c 0x00000000   Number         0  core_cm3.o ABSOLUTE
    USER\ErrorProcessing.c                   0x00000000   Number         0  errorprocessing.o ABSOLUTE
    USER\FreeRTOSV6.1.0\croutine.c           0x00000000   Number         0  croutine.o ABSOLUTE
    USER\FreeRTOSV6.1.0\list.c               0x00000000   Number         0  list.o ABSOLUTE
    USER\FreeRTOSV6.1.0\portable\MemMang\heap_2.c 0x00000000   Number         0  heap_2.o ABSOLUTE
    USER\FreeRTOSV6.1.0\portable\RVDS\ARM_CM3\port.c 0x00000000   Number         0  port.o ABSOLUTE
    USER\FreeRTOSV6.1.0\queue.c              0x00000000   Number         0  queue.o ABSOLUTE
    USER\FreeRTOSV6.1.0\tasks.c              0x00000000   Number         0  tasks.o ABSOLUTE
    USER\MyDrv\LPH8731-3C.c                  0x00000000   Number         0  lph8731-3c.o ABSOLUTE
    USER\MyDrv\delay.c                       0x00000000   Number         0  delay.o ABSOLUTE
    USER\\FreeRTOSV6.1.0\\portable\\RVDS\\ARM_CM3\\port.c 0x00000000   Number         0  port.o ABSOLUTE
    USER\main.c                              0x00000000   Number         0  main.o ABSOLUTE
    USER\mcu_config.c                        0x00000000   Number         0  mcu_config.o ABSOLUTE
    USER\motor_driver.c                      0x00000000   Number         0  motor_driver.o ABSOLUTE
    USER\stm32f10x_it.c                      0x00000000   Number         0  stm32f10x_it.o ABSOLUTE
    USER\system_stm32f10x.c                  0x00000000   Number         0  system_stm32f10x.o ABSOLUTE
    USER\usart.c                             0x00000000   Number         0  usart.o ABSOLUTE
    dc.s                                     0x00000000   Number         0  dc.o ABSOLUTE
    RESET                                    0x08000000   Section      236  startup_stm32f10x_md.o(RESET)
    !!!main                                  0x080000ec   Section        8  __main.o(!!!main)
    !!!scatter                               0x080000f4   Section       52  __scatter.o(!!!scatter)
    !!handler_copy                           0x08000128   Section       26  __scatter_copy.o(!!handler_copy)
    !!handler_zi                             0x08000144   Section       28  __scatter_zi.o(!!handler_zi)
    .ARM.Collect$$_printf_percent$$00000000  0x08000160   Section        0  _printf_percent.o(.ARM.Collect$$_printf_percent$$00000000)
    .ARM.Collect$$_printf_percent$$00000009  0x08000160   Section        6  _printf_d.o(.ARM.Collect$$_printf_percent$$00000009)
    .ARM.Collect$$_printf_percent$$00000017  0x08000166   Section        4  _printf_percent_end.o(.ARM.Collect$$_printf_percent$$00000017)
    .ARM.Collect$$libinit$$00000000          0x0800016a   Section        2  libinit.o(.ARM.Collect$$libinit$$00000000)
    .ARM.Collect$$libinit$$00000002          0x0800016c   Section        0  libinit2.o(.ARM.Collect$$libinit$$00000002)
    .ARM.Collect$$libinit$$00000004          0x0800016c   Section        0  libinit2.o(.ARM.Collect$$libinit$$00000004)
    .ARM.Collect$$libinit$$00000005          0x0800016c   Section        8  libinit2.o(.ARM.Collect$$libinit$$00000005)
    .ARM.Collect$$libinit$$0000000A          0x08000174   Section        0  libinit2.o(.ARM.Collect$$libinit$$0000000A)
    .ARM.Collect$$libinit$$0000000C          0x08000174   Section        0  libinit2.o(.ARM.Collect$$libinit$$0000000C)
    .ARM.Collect$$libinit$$0000000E          0x08000174   Section        0  libinit2.o(.ARM.Collect$$libinit$$0000000E)
    .ARM.Collect$$libinit$$00000011          0x08000174   Section        0  libinit2.o(.ARM.Collect$$libinit$$00000011)
    .ARM.Collect$$libinit$$00000013          0x08000174   Section        0  libinit2.o(.ARM.Collect$$libinit$$00000013)
    .ARM.Collect$$libinit$$00000015          0x08000174   Section        0  libinit2.o(.ARM.Collect$$libinit$$00000015)
    .ARM.Collect$$libinit$$00000017          0x08000174   Section        0  libinit2.o(.ARM.Collect$$libinit$$00000017)
    .ARM.Collect$$libinit$$00000019          0x08000174   Section        0  libinit2.o(.ARM.Collect$$libinit$$00000019)
    .ARM.Collect$$libinit$$0000001B          0x08000174   Section        0  libinit2.o(.ARM.Collect$$libinit$$0000001B)
    .ARM.Collect$$libinit$$0000001D          0x08000174   Section        0  libinit2.o(.ARM.Collect$$libinit$$0000001D)
    .ARM.Collect$$libinit$$0000001F          0x08000174   Section        0  libinit2.o(.ARM.Collect$$libinit$$0000001F)
    .ARM.Collect$$libinit$$00000021          0x08000174   Section        0  libinit2.o(.ARM.Collect$$libinit$$00000021)
    .ARM.Collect$$libinit$$00000023          0x08000174   Section        0  libinit2.o(.ARM.Collect$$libinit$$00000023)
    .ARM.Collect$$libinit$$00000025          0x08000174   Section        0  libinit2.o(.ARM.Collect$$libinit$$00000025)
    .ARM.Collect$$libinit$$0000002C          0x08000174   Section        0  libinit2.o(.ARM.Collect$$libinit$$0000002C)
    .ARM.Collect$$libinit$$0000002E          0x08000174   Section        0  libinit2.o(.ARM.Collect$$libinit$$0000002E)
    .ARM.Collect$$libinit$$00000030          0x08000174   Section        0  libinit2.o(.ARM.Collect$$libinit$$00000030)
    .ARM.Collect$$libinit$$00000032          0x08000174   Section        0  libinit2.o(.ARM.Collect$$libinit$$00000032)
    .ARM.Collect$$libinit$$00000033          0x08000174   Section        2  libinit2.o(.ARM.Collect$$libinit$$00000033)
    .ARM.Collect$$libshutdown$$00000000      0x08000176   Section        2  libshutdown.o(.ARM.Collect$$libshutdown$$00000000)
    .ARM.Collect$$libshutdown$$00000002      0x08000178   Section        0  libshutdown2.o(.ARM.Collect$$libshutdown$$00000002)
    .ARM.Collect$$libshutdown$$00000004      0x08000178   Section        0  libshutdown2.o(.ARM.Collect$$libshutdown$$00000004)
    .ARM.Collect$$libshutdown$$00000007      0x08000178   Section        0  libshutdown2.o(.ARM.Collect$$libshutdown$$00000007)
    .ARM.Collect$$libshutdown$$0000000A      0x08000178   Section        0  libshutdown2.o(.ARM.Collect$$libshutdown$$0000000A)
    .ARM.Collect$$libshutdown$$0000000C      0x08000178   Section        0  libshutdown2.o(.ARM.Collect$$libshutdown$$0000000C)
    .ARM.Collect$$libshutdown$$0000000F      0x08000178   Section        0  libshutdown2.o(.ARM.Collect$$libshutdown$$0000000F)
    .ARM.Collect$$libshutdown$$00000010      0x08000178   Section        2  libshutdown2.o(.ARM.Collect$$libshutdown$$00000010)
    .ARM.Collect$$rtentry$$00000000          0x0800017a   Section        0  __rtentry.o(.ARM.Collect$$rtentry$$00000000)
    .ARM.Collect$$rtentry$$00000002          0x0800017a   Section        0  __rtentry2.o(.ARM.Collect$$rtentry$$00000002)
    .ARM.Collect$$rtentry$$00000004          0x0800017a   Section        6  __rtentry4.o(.ARM.Collect$$rtentry$$00000004)
    .ARM.Collect$$rtentry$$00000009          0x08000180   Section        0  __rtentry2.o(.ARM.Collect$$rtentry$$00000009)
    .ARM.Collect$$rtentry$$0000000A          0x08000180   Section        4  __rtentry2.o(.ARM.Collect$$rtentry$$0000000A)
    .ARM.Collect$$rtentry$$0000000C          0x08000184   Section        0  __rtentry2.o(.ARM.Collect$$rtentry$$0000000C)
    .ARM.Collect$$rtentry$$0000000D          0x08000184   Section        8  __rtentry2.o(.ARM.Collect$$rtentry$$0000000D)
    .ARM.Collect$$rtexit$$00000000           0x0800018c   Section        2  rtexit.o(.ARM.Collect$$rtexit$$00000000)
    .ARM.Collect$$rtexit$$00000002           0x0800018e   Section        0  rtexit2.o(.ARM.Collect$$rtexit$$00000002)
    .ARM.Collect$$rtexit$$00000003           0x0800018e   Section        4  rtexit2.o(.ARM.Collect$$rtexit$$00000003)
    .ARM.Collect$$rtexit$$00000004           0x08000192   Section        6  rtexit2.o(.ARM.Collect$$rtexit$$00000004)
    .emb_text                                0x08000198   Section      136  port.o(.emb_text)
    .emb_text                                0x08000220   Section        0  maybetermalloc1.o(.emb_text)
    .text                                    0x08000220   Section       64  startup_stm32f10x_md.o(.text)
    .text                                    0x08000260   Section        0  system_stm32f10x.o(.text)
    SetSysClockTo72                          0x08000261   Thumb Code   160  system_stm32f10x.o(.text)
    .text                                    0x080003b8   Section        0  misc.o(.text)
    .text                                    0x08000468   Section        0  stm32f10x_gpio.o(.text)
    .text                                    0x080006cc   Section        0  stm32f10x_rcc.o(.text)
    .text                                    0x08000984   Section        0  stm32f10x_tim.o(.text)
    TI2_Config                               0x08000d17   Thumb Code   166  stm32f10x_tim.o(.text)
    TI1_Config                               0x08000dcd   Thumb Code    88  stm32f10x_tim.o(.text)
    .text                                    0x08001474   Section        0  stm32f10x_usart.o(.text)
    .text                                    0x0800179c   Section        0  stm32f10x_adc.o(.text)
    .text                                    0x08001acc   Section        0  list.o(.text)
    .text                                    0x08001b58   Section        0  tasks.o(.text)
    prvIdleTask                              0x080020eb   Thumb Code    20  tasks.o(.text)
    prvCheckTasksWaitingTermination          0x08002261   Thumb Code    92  tasks.o(.text)
    .text                                    0x080022d0   Section        0  port.o(.text)
    .text                                    0x08002370   Section        0  heap_2.o(.text)
    .text                                    0x08002464   Section        0  delay.o(.text)
    .text                                    0x080024b8   Section        0  lph8731-3c.o(.text)
    .text                                    0x08003348   Section        0  main.o(.text)
    .text                                    0x080034f0   Section        0  mcu_config.o(.text)
    .text                                    0x08003878   Section        0  stm32f10x_it.o(.text)
    .text                                    0x08003884   Section        0  motor_driver.o(.text)
    .text                                    0x08003b94   Section        0  usart.o(.text)
    .text                                    0x08004058   Section        0  h1_alloc.o(.text)
    .text                                    0x080040b6   Section        0  h1_free.o(.text)
    .text                                    0x08004104   Section        0  noretval__2sprintf.o(.text)
    .text                                    0x0800412c   Section        0  _printf_pad.o(.text)
    .text                                    0x0800417c   Section        0  _printf_dec.o(.text)
    .text                                    0x080041f4   Section        0  __printf_wp.o(.text)
    .text                                    0x08004302   Section        0  strlen.o(.text)
    .text                                    0x08004340   Section       16  aeabi_memset.o(.text)
    .text                                    0x08004350   Section       86  strncpy.o(.text)
    .text                                    0x080043a6   Section        0  heapauxi.o(.text)
    .text                                    0x080043ac   Section        8  rt_heap_descriptor_intlibspace.o(.text)
    .text                                    0x080043b4   Section        0  hguard.o(.text)
    .text                                    0x080043b8   Section        0  init_alloc.o(.text)
    .text                                    0x08004442   Section        0  h1_init.o(.text)
    .text                                    0x08004450   Section        0  _printf_intcommon.o(.text)
    .text                                    0x08004504   Section        0  _printf_char_common.o(.text)
    _printf_input_char                       0x08004505   Thumb Code    10  _printf_char_common.o(.text)
    .text                                    0x08004534   Section        0  _sputc.o(.text)
    .text                                    0x0800453e   Section       68  rt_memclr.o(.text)
    .text                                    0x08004584   Section        8  libspace.o(.text)
    .text                                    0x0800458c   Section        0  h1_extend.o(.text)
    .text                                    0x080045c0   Section        0  defsig_rtmem_outer.o(.text)
    .text                                    0x080045ce   Section       78  rt_memclr_w.o(.text)
    .text                                    0x0800461c   Section        2  use_no_semi.o(.text)
    .text                                    0x0800461e   Section       74  sys_stackheap_outer.o(.text)
    .text                                    0x0800461e   Section        0  indicate_semi.o(.text)
    .text                                    0x08004668   Section        0  exit.o(.text)
    .text                                    0x0800467a   Section        0  defsig_exit.o(.text)
    .text                                    0x08004684   Section        0  defsig_rtmem_inner.o(.text)
    .text                                    0x080046d4   Section        0  sys_exit.o(.text)
    .text                                    0x080046e0   Section        0  defsig_general.o(.text)
    .text                                    0x08004712   Section        0  sys_wrch.o(.text)
    i._is_digit                              0x08004720   Section        0  __printf_wp.o(i._is_digit)
    .constdata                               0x0800472e   Section      800  lph8731-3c.o(.constdata)
    .data                                    0x20000000   Section       20  system_stm32f10x.o(.data)
    .data                                    0x20000014   Section       20  stm32f10x_rcc.o(.data)
    ADCPrescTable                            0x20000014   Data           4  stm32f10x_rcc.o(.data)
    APBAHBPrescTable                         0x20000018   Data          16  stm32f10x_rcc.o(.data)
    .data                                    0x20000028   Section       56  tasks.o(.data)
    uxTasksDeleted                           0x2000002c   Data           4  tasks.o(.data)
    uxCurrentNumberOfTasks                   0x20000030   Data           4  tasks.o(.data)
    xTickCount                               0x20000034   Data           4  tasks.o(.data)
    uxTopUsedPriority                        0x20000038   Data           4  tasks.o(.data)
    uxTopReadyPriority                       0x2000003c   Data           4  tasks.o(.data)
    xSchedulerRunning                        0x20000040   Data           4  tasks.o(.data)
    uxSchedulerSuspended                     0x20000044   Data           4  tasks.o(.data)
    uxMissedTicks                            0x20000048   Data           4  tasks.o(.data)
    xMissedYield                             0x2000004c   Data           4  tasks.o(.data)
    xNumOfOverflows                          0x20000050   Data           4  tasks.o(.data)
    uxTaskNumber                             0x20000054   Data           4  tasks.o(.data)
    pxDelayedTaskList                        0x20000058   Data           4  tasks.o(.data)
    pxOverflowDelayedTaskList                0x2000005c   Data           4  tasks.o(.data)
    .data                                    0x20000060   Section        4  port.o(.data)
    uxCriticalNesting                        0x20000060   Data           4  port.o(.data)
    .data                                    0x20000064   Section       24  heap_2.o(.data)
    xFreeBytesRemaining                      0x20000064   Data           4  heap_2.o(.data)
    xHeapHasBeenInitialised                  0x20000068   Data           4  heap_2.o(.data)
    xStart                                   0x2000006c   Data           8  heap_2.o(.data)
    xEnd                                     0x20000074   Data           8  heap_2.o(.data)
    .data                                    0x2000007c   Section        8  lph8731-3c.o(.data)
    .data                                    0x20000084   Section        1  mcu_config.o(.data)
    .data                                    0x20000086   Section       19  usart.o(.data)
    .bss                                     0x2000009c   Section      200  tasks.o(.bss)
    pxReadyTasksLists                        0x2000009c   Data         100  tasks.o(.bss)
    xDelayedTaskList1                        0x20000100   Data          20  tasks.o(.bss)
    xDelayedTaskList2                        0x20000114   Data          20  tasks.o(.bss)
    xPendingReadyList                        0x20000128   Data          20  tasks.o(.bss)
    xTasksWaitingTermination                 0x2000013c   Data          20  tasks.o(.bss)
    xSuspendedTaskList                       0x20000150   Data          20  tasks.o(.bss)
    .bss                                     0x20000168   Section    15360  heap_2.o(.bss)
    xHeap                                    0x20000168   Data       15360  heap_2.o(.bss)
    .bss                                     0x20003d68   Section      700  usart.o(.bss)
    .bss                                     0x20004024   Section       96  libspace.o(.bss)
    HEAP                                     0x20004088   Section      512  startup_stm32f10x_md.o(HEAP)
    Heap_Mem                                 0x20004088   Data         512  startup_stm32f10x_md.o(HEAP)
    STACK                                    0x20004288   Section     1024  startup_stm32f10x_md.o(STACK)
    Stack_Mem                                0x20004288   Data        1024  startup_stm32f10x_md.o(STACK)
    __initial_sp                             0x20004688   Data           0  startup_stm32f10x_md.o(STACK)

    Global Symbols

    Symbol Name                              Value     Ov Type        Size  Object(Section)

    BuildAttributes$$THM_ISAv4$P$D$K$B$S$PE$A:L22UL41UL21$X:L11$S22US41US21$IEEE1$IW$USESV6$~STKCKD$USESV7$~SHL$OTIME$ROPI$EBA8$UX$STANDARDLIB$REQ8$PRES8$EABIv2 0x00000000   Number         0  anon$$obj.o ABSOLUTE
    __ARM_use_no_argv                        0x00000000   Number         0  main.o ABSOLUTE
    _printf_flags                            0x00000000   Number         0  printf_stubs.o ABSOLUTE
    _printf_return_value                     0x00000000   Number         0  printf_stubs.o ABSOLUTE
    _printf_sizespec                         0x00000000   Number         0  printf_stubs.o ABSOLUTE
    _printf_widthprec                        0x00000000   Number         0  printf_stubs.o ABSOLUTE
    __ARM_exceptions_init                     - Undefined Weak Reference
    __alloca_initialize                       - Undefined Weak Reference
    __arm_preinit_                            - Undefined Weak Reference
    __cpp_initialize__aeabi_                  - Undefined Weak Reference
    __cxa_finalize                            - Undefined Weak Reference
    __rt_locale                               - Undefined Weak Reference
    __sigvec_lookup                           - Undefined Weak Reference
    __user_heap_extent                        - Undefined Weak Reference
    _atexit_init                              - Undefined Weak Reference
    _call_atexit_fns                          - Undefined Weak Reference
    _clock_init                               - Undefined Weak Reference
    _fp_trap_init                             - Undefined Weak Reference
    _fp_trap_shutdown                         - Undefined Weak Reference
    _get_lc_collate                           - Undefined Weak Reference
    _get_lc_ctype                             - Undefined Weak Reference
    _get_lc_monetary                          - Undefined Weak Reference
    _get_lc_numeric                           - Undefined Weak Reference
    _get_lc_time                              - Undefined Weak Reference
    _getenv_init                              - Undefined Weak Reference
    _handle_redirection                       - Undefined Weak Reference
    _initio                                   - Undefined Weak Reference
    _mutex_acquire                            - Undefined Weak Reference
    _mutex_free                               - Undefined Weak Reference
    _mutex_release                            - Undefined Weak Reference
    _printf_truncate_signed                   - Undefined Weak Reference
    _printf_truncate_unsigned                 - Undefined Weak Reference
    _rand_init                                - Undefined Weak Reference
    _signal_finish                            - Undefined Weak Reference
    _signal_init                              - Undefined Weak Reference
    _terminateio                              - Undefined Weak Reference
    __Vectors_Size                           0x000000ec   Number         0  startup_stm32f10x_md.o ABSOLUTE
    __Vectors                                0x08000000   Data           4  startup_stm32f10x_md.o(RESET)
    __Vectors_End                            0x080000ec   Data           0  startup_stm32f10x_md.o(RESET)
    __main                                   0x080000ed   Thumb Code     8  __main.o(!!!main)
    __scatterload                            0x080000f5   Thumb Code     0  __scatter.o(!!!scatter)
    __scatterload_rt2                        0x080000f5   Thumb Code    44  __scatter.o(!!!scatter)
    __scatterload_rt2_thumb_only             0x080000f5   Thumb Code     0  __scatter.o(!!!scatter)
    __scatterload_null                       0x08000103   Thumb Code     0  __scatter.o(!!!scatter)
    __scatterload_copy                       0x08000129   Thumb Code    26  __scatter_copy.o(!!handler_copy)
    __scatterload_zeroinit                   0x08000145   Thumb Code    28  __scatter_zi.o(!!handler_zi)
    _printf_d                                0x08000161   Thumb Code     0  _printf_d.o(.ARM.Collect$$_printf_percent$$00000009)
    _printf_percent                          0x08000161   Thumb Code     0  _printf_percent.o(.ARM.Collect$$_printf_percent$$00000000)
    _printf_percent_end                      0x08000167   Thumb Code     0  _printf_percent_end.o(.ARM.Collect$$_printf_percent$$00000017)
    __rt_lib_init                            0x0800016b   Thumb Code     0  libinit.o(.ARM.Collect$$libinit$$00000000)
    __rt_lib_init_fp_1                       0x0800016d   Thumb Code     0  libinit2.o(.ARM.Collect$$libinit$$00000002)
    __rt_lib_init_heap_2                     0x0800016d   Thumb Code     0  libinit2.o(.ARM.Collect$$libinit$$00000005)
    __rt_lib_init_preinit_1                  0x0800016d   Thumb Code     0  libinit2.o(.ARM.Collect$$libinit$$00000004)
    __rt_lib_init_alloca_1                   0x08000175   Thumb Code     0  libinit2.o(.ARM.Collect$$libinit$$0000002E)
    __rt_lib_init_argv_1                     0x08000175   Thumb Code     0  libinit2.o(.ARM.Collect$$libinit$$0000002C)
    __rt_lib_init_atexit_1                   0x08000175   Thumb Code     0  libinit2.o(.ARM.Collect$$libinit$$0000001B)
    __rt_lib_init_clock_1                    0x08000175   Thumb Code     0  libinit2.o(.ARM.Collect$$libinit$$00000021)
    __rt_lib_init_cpp_1                      0x08000175   Thumb Code     0  libinit2.o(.ARM.Collect$$libinit$$00000032)
    __rt_lib_init_exceptions_1               0x08000175   Thumb Code     0  libinit2.o(.ARM.Collect$$libinit$$00000030)
    __rt_lib_init_fp_trap_1                  0x08000175   Thumb Code     0  libinit2.o(.ARM.Collect$$libinit$$0000001F)
    __rt_lib_init_getenv_1                   0x08000175   Thumb Code     0  libinit2.o(.ARM.Collect$$libinit$$00000023)
    __rt_lib_init_heap_1                     0x08000175   Thumb Code     0  libinit2.o(.ARM.Collect$$libinit$$0000000A)
    __rt_lib_init_lc_collate_1               0x08000175   Thumb Code     0  libinit2.o(.ARM.Collect$$libinit$$00000011)
    __rt_lib_init_lc_ctype_1                 0x08000175   Thumb Code     0  libinit2.o(.ARM.Collect$$libinit$$00000013)
    __rt_lib_init_lc_monetary_1              0x08000175   Thumb Code     0  libinit2.o(.ARM.Collect$$libinit$$00000015)
    __rt_lib_init_lc_numeric_1               0x08000175   Thumb Code     0  libinit2.o(.ARM.Collect$$libinit$$00000017)
    __rt_lib_init_lc_time_1                  0x08000175   Thumb Code     0  libinit2.o(.ARM.Collect$$libinit$$00000019)
    __rt_lib_init_rand_1                     0x08000175   Thumb Code     0  libinit2.o(.ARM.Collect$$libinit$$0000000E)
    __rt_lib_init_return                     0x08000175   Thumb Code     0  libinit2.o(.ARM.Collect$$libinit$$00000033)
    __rt_lib_init_signal_1                   0x08000175   Thumb Code     0  libinit2.o(.ARM.Collect$$libinit$$0000001D)
    __rt_lib_init_stdio_1                    0x08000175   Thumb Code     0  libinit2.o(.ARM.Collect$$libinit$$00000025)
    __rt_lib_init_user_alloc_1               0x08000175   Thumb Code     0  libinit2.o(.ARM.Collect$$libinit$$0000000C)
    __rt_lib_shutdown                        0x08000177   Thumb Code     0  libshutdown.o(.ARM.Collect$$libshutdown$$00000000)
    __rt_lib_shutdown_cpp_1                  0x08000179   Thumb Code     0  libshutdown2.o(.ARM.Collect$$libshutdown$$00000002)
    __rt_lib_shutdown_fp_trap_1              0x08000179   Thumb Code     0  libshutdown2.o(.ARM.Collect$$libshutdown$$00000007)
    __rt_lib_shutdown_heap_1                 0x08000179   Thumb Code     0  libshutdown2.o(.ARM.Collect$$libshutdown$$0000000F)
    __rt_lib_shutdown_return                 0x08000179   Thumb Code     0  libshutdown2.o(.ARM.Collect$$libshutdown$$00000010)
    __rt_lib_shutdown_signal_1               0x08000179   Thumb Code     0  libshutdown2.o(.ARM.Collect$$libshutdown$$0000000A)
    __rt_lib_shutdown_stdio_1                0x08000179   Thumb Code     0  libshutdown2.o(.ARM.Collect$$libshutdown$$00000004)
    __rt_lib_shutdown_user_alloc_1           0x08000179   Thumb Code     0  libshutdown2.o(.ARM.Collect$$libshutdown$$0000000C)
    __rt_entry                               0x0800017b   Thumb Code     0  __rtentry.o(.ARM.Collect$$rtentry$$00000000)
    __rt_entry_presh_1                       0x0800017b   Thumb Code     0  __rtentry2.o(.ARM.Collect$$rtentry$$00000002)
    __rt_entry_sh                            0x0800017b   Thumb Code     0  __rtentry4.o(.ARM.Collect$$rtentry$$00000004)
    __rt_entry_li                            0x08000181   Thumb Code     0  __rtentry2.o(.ARM.Collect$$rtentry$$0000000A)
    __rt_entry_postsh_1                      0x08000181   Thumb Code     0  __rtentry2.o(.ARM.Collect$$rtentry$$00000009)
    __rt_entry_main                          0x08000185   Thumb Code     0  __rtentry2.o(.ARM.Collect$$rtentry$$0000000D)
    __rt_entry_postli_1                      0x08000185   Thumb Code     0  __rtentry2.o(.ARM.Collect$$rtentry$$0000000C)
    __rt_exit                                0x0800018d   Thumb Code     0  rtexit.o(.ARM.Collect$$rtexit$$00000000)
    __rt_exit_ls                             0x0800018f   Thumb Code     0  rtexit2.o(.ARM.Collect$$rtexit$$00000003)
    __rt_exit_prels_1                        0x0800018f   Thumb Code     0  rtexit2.o(.ARM.Collect$$rtexit$$00000002)
    __rt_exit_exit                           0x08000193   Thumb Code     0  rtexit2.o(.ARM.Collect$$rtexit$$00000004)
    SVC_Handler                              0x08000199   Thumb Code    28  port.o(.emb_text)
    vPortStartFirstTask                      0x080001b9   Thumb Code    12  port.o(.emb_text)
    PendSV_Handler                           0x080001c9   Thumb Code    56  port.o(.emb_text)
    vPortSetInterruptMask                    0x08000205   Thumb Code    14  port.o(.emb_text)
    vPortClearInterruptMask                  0x08000213   Thumb Code    14  port.o(.emb_text)
    Reset_Handler                            0x08000221   Thumb Code     8  startup_stm32f10x_md.o(.text)
    _maybe_terminate_alloc                   0x08000221   Thumb Code     0  maybetermalloc1.o(.emb_text)
    ADC1_2_IRQHandler                        0x0800023b   Thumb Code     0  startup_stm32f10x_md.o(.text)
    CAN1_RX1_IRQHandler                      0x0800023b   Thumb Code     0  startup_stm32f10x_md.o(.text)
    CAN1_SCE_IRQHandler                      0x0800023b   Thumb Code     0  startup_stm32f10x_md.o(.text)
    DMA1_Channel1_IRQHandler                 0x0800023b   Thumb Code     0  startup_stm32f10x_md.o(.text)
    DMA1_Channel2_IRQHandler                 0x0800023b   Thumb Code     0  startup_stm32f10x_md.o(.text)
    DMA1_Channel3_IRQHandler                 0x0800023b   Thumb Code     0  startup_stm32f10x_md.o(.text)
    DMA1_Channel4_IRQHandler                 0x0800023b   Thumb Code     0  startup_stm32f10x_md.o(.text)
    DMA1_Channel5_IRQHandler                 0x0800023b   Thumb Code     0  startup_stm32f10x_md.o(.text)
    DMA1_Channel6_IRQHandler                 0x0800023b   Thumb Code     0  startup_stm32f10x_md.o(.text)
    DMA1_Channel7_IRQHandler                 0x0800023b   Thumb Code     0  startup_stm32f10x_md.o(.text)
    EXTI0_IRQHandler                         0x0800023b   Thumb Code     0  startup_stm32f10x_md.o(.text)
    EXTI15_10_IRQHandler                     0x0800023b   Thumb Code     0  startup_stm32f10x_md.o(.text)
    EXTI1_IRQHandler                         0x0800023b   Thumb Code     0  startup_stm32f10x_md.o(.text)
    EXTI2_IRQHandler                         0x0800023b   Thumb Code     0  startup_stm32f10x_md.o(.text)
    EXTI3_IRQHandler                         0x0800023b   Thumb Code     0  startup_stm32f10x_md.o(.text)
    EXTI4_IRQHandler                         0x0800023b   Thumb Code     0  startup_stm32f10x_md.o(.text)
    EXTI9_5_IRQHandler                       0x0800023b   Thumb Code     0  startup_stm32f10x_md.o(.text)
    FLASH_IRQHandler                         0x0800023b   Thumb Code     0  startup_stm32f10x_md.o(.text)
    I2C1_ER_IRQHandler                       0x0800023b   Thumb Code     0  startup_stm32f10x_md.o(.text)
    I2C1_EV_IRQHandler                       0x0800023b   Thumb Code     0  startup_stm32f10x_md.o(.text)
    I2C2_ER_IRQHandler                       0x0800023b   Thumb Code     0  startup_stm32f10x_md.o(.text)
    I2C2_EV_IRQHandler                       0x0800023b   Thumb Code     0  startup_stm32f10x_md.o(.text)
    PVD_IRQHandler                           0x0800023b   Thumb Code     0  startup_stm32f10x_md.o(.text)
    RCC_IRQHandler                           0x0800023b   Thumb Code     0  startup_stm32f10x_md.o(.text)
    RTCAlarm_IRQHandler                      0x0800023b   Thumb Code     0  startup_stm32f10x_md.o(.text)
    RTC_IRQHandler                           0x0800023b   Thumb Code     0  startup_stm32f10x_md.o(.text)
    SPI1_IRQHandler                          0x0800023b   Thumb Code     0  startup_stm32f10x_md.o(.text)
    SPI2_IRQHandler                          0x0800023b   Thumb Code     0  startup_stm32f10x_md.o(.text)
    TAMPER_IRQHandler                        0x0800023b   Thumb Code     0  startup_stm32f10x_md.o(.text)
    TIM1_BRK_IRQHandler                      0x0800023b   Thumb Code     0  startup_stm32f10x_md.o(.text)
    TIM1_CC_IRQHandler                       0x0800023b   Thumb Code     0  startup_stm32f10x_md.o(.text)
    TIM1_TRG_COM_IRQHandler                  0x0800023b   Thumb Code     0  startup_stm32f10x_md.o(.text)
    TIM1_UP_IRQHandler                       0x0800023b   Thumb Code     0  startup_stm32f10x_md.o(.text)
    TIM2_IRQHandler                          0x0800023b   Thumb Code     0  startup_stm32f10x_md.o(.text)
    TIM3_IRQHandler                          0x0800023b   Thumb Code     0  startup_stm32f10x_md.o(.text)
    TIM4_IRQHandler                          0x0800023b   Thumb Code     0  startup_stm32f10x_md.o(.text)
    USART2_IRQHandler                        0x0800023b   Thumb Code     0  startup_stm32f10x_md.o(.text)
    USART3_IRQHandler                        0x0800023b   Thumb Code     0  startup_stm32f10x_md.o(.text)
    USBWakeUp_IRQHandler                     0x0800023b   Thumb Code     0  startup_stm32f10x_md.o(.text)
    USB_HP_CAN1_TX_IRQHandler                0x0800023b   Thumb Code     0  startup_stm32f10x_md.o(.text)
    USB_LP_CAN1_RX0_IRQHandler               0x0800023b   Thumb Code     0  startup_stm32f10x_md.o(.text)
    WWDG_IRQHandler                          0x0800023b   Thumb Code     0  startup_stm32f10x_md.o(.text)
    __user_initial_stackheap                 0x0800023d   Thumb Code     0  startup_stm32f10x_md.o(.text)
    SystemInit                               0x08000301   Thumb Code    64  system_stm32f10x.o(.text)
    SystemCoreClockUpdate                    0x08000341   Thumb Code    86  system_stm32f10x.o(.text)
    NVIC_PriorityGroupConfig                 0x080003b9   Thumb Code    10  misc.o(.text)
    NVIC_Init                                0x080003c3   Thumb Code    94  misc.o(.text)
    NVIC_SetVectorTable                      0x08000421   Thumb Code    14  misc.o(.text)
    NVIC_SystemLPConfig                      0x0800042f   Thumb Code    20  misc.o(.text)
    SysTick_CLKSourceConfig                  0x08000443   Thumb Code    24  misc.o(.text)
    GPIO_DeInit                              0x08000469   Thumb Code   152  stm32f10x_gpio.o(.text)
    GPIO_AFIODeInit                          0x08000501   Thumb Code    22  stm32f10x_gpio.o(.text)
    GPIO_Init                                0x08000517   Thumb Code   156  stm32f10x_gpio.o(.text)
    GPIO_StructInit                          0x080005b3   Thumb Code    16  stm32f10x_gpio.o(.text)
    GPIO_ReadInputDataBit                    0x080005c3   Thumb Code    14  stm32f10x_gpio.o(.text)
    GPIO_ReadInputData                       0x080005d1   Thumb Code     6  stm32f10x_gpio.o(.text)
    GPIO_ReadOutputDataBit                   0x080005d7   Thumb Code    14  stm32f10x_gpio.o(.text)
    GPIO_ReadOutputData                      0x080005e5   Thumb Code     6  stm32f10x_gpio.o(.text)
    GPIO_SetBits                             0x080005eb   Thumb Code     4  stm32f10x_gpio.o(.text)
    GPIO_ResetBits                           0x080005ef   Thumb Code     4  stm32f10x_gpio.o(.text)
    GPIO_WriteBit                            0x080005f3   Thumb Code    10  stm32f10x_gpio.o(.text)
    GPIO_Write                               0x080005fd   Thumb Code     4  stm32f10x_gpio.o(.text)
    GPIO_PinLockConfig                       0x08000601   Thumb Code    16  stm32f10x_gpio.o(.text)
    GPIO_EventOutputConfig                   0x08000611   Thumb Code    22  stm32f10x_gpio.o(.text)
    GPIO_EventOutputCmd                      0x08000627   Thumb Code     6  stm32f10x_gpio.o(.text)
    GPIO_PinRemapConfig                      0x0800062d   Thumb Code    82  stm32f10x_gpio.o(.text)
    GPIO_EXTILineConfig                      0x0800067f   Thumb Code    34  stm32f10x_gpio.o(.text)
    GPIO_ETH_MediaInterfaceConfig            0x080006a1   Thumb Code     8  stm32f10x_gpio.o(.text)
    RCC_DeInit                               0x080006cd   Thumb Code    50  stm32f10x_rcc.o(.text)
    RCC_HSEConfig                            0x080006ff   Thumb Code    48  stm32f10x_rcc.o(.text)
    RCC_GetFlagStatus                        0x0800072f   Thumb Code    42  stm32f10x_rcc.o(.text)
    RCC_WaitForHSEStartUp                    0x08000759   Thumb Code    44  stm32f10x_rcc.o(.text)
    RCC_AdjustHSICalibrationValue            0x08000785   Thumb Code    16  stm32f10x_rcc.o(.text)
    RCC_HSICmd                               0x08000795   Thumb Code     6  stm32f10x_rcc.o(.text)
    RCC_PLLConfig                            0x0800079b   Thumb Code    16  stm32f10x_rcc.o(.text)
    RCC_PLLCmd                               0x080007ab   Thumb Code     6  stm32f10x_rcc.o(.text)
    RCC_SYSCLKConfig                         0x080007b1   Thumb Code    14  stm32f10x_rcc.o(.text)
    RCC_GetSYSCLKSource                      0x080007bf   Thumb Code    10  stm32f10x_rcc.o(.text)
    RCC_HCLKConfig                           0x080007c9   Thumb Code    14  stm32f10x_rcc.o(.text)
    RCC_PCLK1Config                          0x080007d7   Thumb Code    14  stm32f10x_rcc.o(.text)
    RCC_PCLK2Config                          0x080007e5   Thumb Code    16  stm32f10x_rcc.o(.text)
    RCC_ITConfig                             0x080007f5   Thumb Code    18  stm32f10x_rcc.o(.text)
    RCC_USBCLKConfig                         0x08000807   Thumb Code     8  stm32f10x_rcc.o(.text)
    RCC_ADCCLKConfig                         0x0800080f   Thumb Code    14  stm32f10x_rcc.o(.text)
    RCC_LSEConfig                            0x0800081d   Thumb Code    28  stm32f10x_rcc.o(.text)
    RCC_LSICmd                               0x08000839   Thumb Code     6  stm32f10x_rcc.o(.text)
    RCC_RTCCLKConfig                         0x0800083f   Thumb Code    10  stm32f10x_rcc.o(.text)
    RCC_RTCCLKCmd                            0x08000849   Thumb Code     8  stm32f10x_rcc.o(.text)
    RCC_GetClocksFreq                        0x08000851   Thumb Code   132  stm32f10x_rcc.o(.text)
    RCC_AHBPeriphClockCmd                    0x080008d5   Thumb Code    18  stm32f10x_rcc.o(.text)
    RCC_APB2PeriphClockCmd                   0x080008e7   Thumb Code    18  stm32f10x_rcc.o(.text)
    RCC_APB1PeriphClockCmd                   0x080008f9   Thumb Code    18  stm32f10x_rcc.o(.text)
    RCC_APB2PeriphResetCmd                   0x0800090b   Thumb Code    18  stm32f10x_rcc.o(.text)
    RCC_APB1PeriphResetCmd                   0x0800091d   Thumb Code    18  stm32f10x_rcc.o(.text)
    RCC_BackupResetCmd                       0x0800092f   Thumb Code     8  stm32f10x_rcc.o(.text)
    RCC_ClockSecuritySystemCmd               0x08000937   Thumb Code     6  stm32f10x_rcc.o(.text)
    RCC_MCOConfig                            0x0800093d   Thumb Code     6  stm32f10x_rcc.o(.text)
    RCC_ClearFlag                            0x08000943   Thumb Code    12  stm32f10x_rcc.o(.text)
    RCC_GetITStatus                          0x0800094f   Thumb Code    16  stm32f10x_rcc.o(.text)
    RCC_ClearITPendingBit                    0x0800095f   Thumb Code     6  stm32f10x_rcc.o(.text)
    TIM_DeInit                               0x08000985   Thumb Code   304  stm32f10x_tim.o(.text)
    TIM_TimeBaseInit                         0x08000ab5   Thumb Code   114  stm32f10x_tim.o(.text)
    TIM_OC1Init                              0x08000b27   Thumb Code   106  stm32f10x_tim.o(.text)
    TIM_OC2Init                              0x08000b91   Thumb Code   120  stm32f10x_tim.o(.text)
    TIM_OC3Init                              0x08000c09   Thumb Code   116  stm32f10x_tim.o(.text)
    TIM_OC4Init                              0x08000c7d   Thumb Code    90  stm32f10x_tim.o(.text)
    TIM_SetIC4Prescaler                      0x08000cd7   Thumb Code    24  stm32f10x_tim.o(.text)
    TIM_SetIC3Prescaler                      0x08000cef   Thumb Code    16  stm32f10x_tim.o(.text)
    TIM_SetIC2Prescaler                      0x08000cff   Thumb Code    24  stm32f10x_tim.o(.text)
    TIM_SetIC1Prescaler                      0x08000dbd   Thumb Code    16  stm32f10x_tim.o(.text)
    TIM_ICInit                               0x08000e25   Thumb Code   270  stm32f10x_tim.o(.text)
    TIM_PWMIConfig                           0x08000f33   Thumb Code   104  stm32f10x_tim.o(.text)
    TIM_BDTRConfig                           0x08000f9b   Thumb Code    34  stm32f10x_tim.o(.text)
    TIM_TimeBaseStructInit                   0x08000fbd   Thumb Code    18  stm32f10x_tim.o(.text)
    TIM_OCStructInit                         0x08000fcf   Thumb Code    20  stm32f10x_tim.o(.text)
    TIM_ICStructInit                         0x08000fe3   Thumb Code    16  stm32f10x_tim.o(.text)
    TIM_BDTRStructInit                       0x08000ff3   Thumb Code    18  stm32f10x_tim.o(.text)
    TIM_Cmd                                  0x08001005   Thumb Code    20  stm32f10x_tim.o(.text)
    TIM_CtrlPWMOutputs                       0x08001019   Thumb Code    22  stm32f10x_tim.o(.text)
    TIM_ITConfig                             0x0800102f   Thumb Code    16  stm32f10x_tim.o(.text)
    TIM_GenerateEvent                        0x0800103f   Thumb Code     4  stm32f10x_tim.o(.text)
    TIM_DMAConfig                            0x08001043   Thumb Code     8  stm32f10x_tim.o(.text)
    TIM_DMACmd                               0x0800104b   Thumb Code    16  stm32f10x_tim.o(.text)
    TIM_InternalClockConfig                  0x0800105b   Thumb Code    10  stm32f10x_tim.o(.text)
    TIM_SelectInputTrigger                   0x08001065   Thumb Code    12  stm32f10x_tim.o(.text)
    TIM_ITRxExternalClockConfig              0x08001071   Thumb Code    18  stm32f10x_tim.o(.text)
    TIM_TIxExternalClockConfig               0x08001083   Thumb Code    46  stm32f10x_tim.o(.text)
    TIM_ETRConfig                            0x080010b1   Thumb Code    24  stm32f10x_tim.o(.text)
    TIM_ETRClockMode1Config                  0x080010c9   Thumb Code    18  stm32f10x_tim.o(.text)
    TIM_ETRClockMode2Config                  0x080010db   Thumb Code    18  stm32f10x_tim.o(.text)
    TIM_PrescalerConfig                      0x080010ed   Thumb Code     6  stm32f10x_tim.o(.text)
    TIM_CounterModeConfig                    0x080010f3   Thumb Code    12  stm32f10x_tim.o(.text)
    TIM_EncoderInterfaceConfig               0x080010ff   Thumb Code    50  stm32f10x_tim.o(.text)
    TIM_ForcedOC1Config                      0x08001131   Thumb Code    12  stm32f10x_tim.o(.text)
    TIM_ForcedOC2Config                      0x0800113d   Thumb Code    20  stm32f10x_tim.o(.text)
    TIM_ForcedOC3Config                      0x08001151   Thumb Code    12  stm32f10x_tim.o(.text)
    TIM_ForcedOC4Config                      0x0800115d   Thumb Code    20  stm32f10x_tim.o(.text)
    TIM_ARRPreloadConfig                     0x08001171   Thumb Code    20  stm32f10x_tim.o(.text)
    TIM_SelectCOM                            0x08001185   Thumb Code    20  stm32f10x_tim.o(.text)
    TIM_SelectCCDMA                          0x08001199   Thumb Code    20  stm32f10x_tim.o(.text)
    TIM_CCPreloadControl                     0x080011ad   Thumb Code    20  stm32f10x_tim.o(.text)
    TIM_OC1PreloadConfig                     0x080011c1   Thumb Code    32  stm32f10x_tim.o(.text)
    TIM_OC2PreloadConfig                     0x080011e1   Thumb Code    20  stm32f10x_tim.o(.text)
    TIM_OC3PreloadConfig                     0x080011f5   Thumb Code    12  stm32f10x_tim.o(.text)
    TIM_OC4PreloadConfig                     0x08001201   Thumb Code    20  stm32f10x_tim.o(.text)
    TIM_OC1FastConfig                        0x08001215   Thumb Code    12  stm32f10x_tim.o(.text)
    TIM_OC2FastConfig                        0x08001221   Thumb Code    20  stm32f10x_tim.o(.text)
    TIM_OC3FastConfig                        0x08001235   Thumb Code    12  stm32f10x_tim.o(.text)
    TIM_OC4FastConfig                        0x08001241   Thumb Code    20  stm32f10x_tim.o(.text)
    TIM_ClearOC1Ref                          0x08001255   Thumb Code    12  stm32f10x_tim.o(.text)
    TIM_ClearOC2Ref                          0x08001261   Thumb Code    20  stm32f10x_tim.o(.text)
    TIM_ClearOC3Ref                          0x08001275   Thumb Code    12  stm32f10x_tim.o(.text)
    TIM_ClearOC4Ref                          0x08001281   Thumb Code    20  stm32f10x_tim.o(.text)
    TIM_OC1PolarityConfig                    0x08001295   Thumb Code    12  stm32f10x_tim.o(.text)
    TIM_OC1NPolarityConfig                   0x080012a1   Thumb Code    12  stm32f10x_tim.o(.text)
    TIM_OC2PolarityConfig                    0x080012ad   Thumb Code    20  stm32f10x_tim.o(.text)
    TIM_OC2NPolarityConfig                   0x080012c1   Thumb Code    20  stm32f10x_tim.o(.text)
    TIM_OC3PolarityConfig                    0x080012d5   Thumb Code    20  stm32f10x_tim.o(.text)
    TIM_OC3NPolarityConfig                   0x080012e9   Thumb Code    20  stm32f10x_tim.o(.text)
    TIM_OC4PolarityConfig                    0x080012fd   Thumb Code    20  stm32f10x_tim.o(.text)
    TIM_CCxCmd                               0x08001311   Thumb Code    22  stm32f10x_tim.o(.text)
    TIM_CCxNCmd                              0x08001327   Thumb Code    22  stm32f10x_tim.o(.text)
    TIM_SelectOCxM                           0x0800133d   Thumb Code    70  stm32f10x_tim.o(.text)
    TIM_UpdateDisableConfig                  0x08001383   Thumb Code    20  stm32f10x_tim.o(.text)
    TIM_UpdateRequestConfig                  0x08001397   Thumb Code    20  stm32f10x_tim.o(.text)
    TIM_SelectHallSensor                     0x080013ab   Thumb Code    20  stm32f10x_tim.o(.text)
    TIM_SelectOnePulseMode                   0x080013bf   Thumb Code    16  stm32f10x_tim.o(.text)
    TIM_SelectOutputTrigger                  0x080013cf   Thumb Code    16  stm32f10x_tim.o(.text)
    TIM_SelectSlaveMode                      0x080013df   Thumb Code    16  stm32f10x_tim.o(.text)
    TIM_SelectMasterSlaveMode                0x080013ef   Thumb Code    16  stm32f10x_tim.o(.text)
    TIM_SetCounter                           0x080013ff   Thumb Code     4  stm32f10x_tim.o(.text)
    TIM_SetAutoreload                        0x08001403   Thumb Code     4  stm32f10x_tim.o(.text)
    TIM_SetCompare1                          0x08001407   Thumb Code     4  stm32f10x_tim.o(.text)
    TIM_SetCompare2                          0x0800140b   Thumb Code     4  stm32f10x_tim.o(.text)
    TIM_SetCompare3                          0x0800140f   Thumb Code     4  stm32f10x_tim.o(.text)
    TIM_SetCompare4                          0x08001413   Thumb Code     6  stm32f10x_tim.o(.text)
    TIM_SetClockDivision                     0x08001419   Thumb Code    16  stm32f10x_tim.o(.text)
    TIM_GetCapture1                          0x08001429   Thumb Code     4  stm32f10x_tim.o(.text)
    TIM_GetCapture2                          0x0800142d   Thumb Code     4  stm32f10x_tim.o(.text)
    TIM_GetCapture3                          0x08001431   Thumb Code     4  stm32f10x_tim.o(.text)
    TIM_GetCapture4                          0x08001435   Thumb Code     6  stm32f10x_tim.o(.text)
    TIM_GetCounter                           0x0800143b   Thumb Code     4  stm32f10x_tim.o(.text)
    TIM_GetPrescaler                         0x0800143f   Thumb Code     4  stm32f10x_tim.o(.text)
    TIM_GetFlagStatus                        0x08001443   Thumb Code    14  stm32f10x_tim.o(.text)
    TIM_ClearFlag                            0x08001451   Thumb Code     6  stm32f10x_tim.o(.text)
    TIM_GetITStatus                          0x08001457   Thumb Code    24  stm32f10x_tim.o(.text)
    TIM_ClearITPendingBit                    0x0800146f   Thumb Code     6  stm32f10x_tim.o(.text)
    USART_DeInit                             0x08001475   Thumb Code    96  stm32f10x_usart.o(.text)
    USART_Init                               0x080014d5   Thumb Code   166  stm32f10x_usart.o(.text)
    USART_StructInit                         0x0800157b   Thumb Code    22  stm32f10x_usart.o(.text)
    USART_ClockInit                          0x08001591   Thumb Code    30  stm32f10x_usart.o(.text)
    USART_ClockStructInit                    0x080015af   Thumb Code    12  stm32f10x_usart.o(.text)
    USART_Cmd                                0x080015bb   Thumb Code    20  stm32f10x_usart.o(.text)
    USART_ITConfig                           0x080015cf   Thumb Code    48  stm32f10x_usart.o(.text)
    USART_DMACmd                             0x080015ff   Thumb Code    16  stm32f10x_usart.o(.text)
    USART_SetAddress                         0x0800160f   Thumb Code    16  stm32f10x_usart.o(.text)
    USART_WakeUpConfig                       0x0800161f   Thumb Code    16  stm32f10x_usart.o(.text)
    USART_ReceiverWakeUpCmd                  0x0800162f   Thumb Code    20  stm32f10x_usart.o(.text)
    USART_LINBreakDetectLengthConfig         0x08001643   Thumb Code    16  stm32f10x_usart.o(.text)
    USART_LINCmd                             0x08001653   Thumb Code    20  stm32f10x_usart.o(.text)
    USART_SendData                           0x08001667   Thumb Code     8  stm32f10x_usart.o(.text)
    USART_ReceiveData                        0x0800166f   Thumb Code     8  stm32f10x_usart.o(.text)
    USART_SendBreak                          0x08001677   Thumb Code    10  stm32f10x_usart.o(.text)
    USART_SetGuardTime                       0x08001681   Thumb Code    16  stm32f10x_usart.o(.text)
    USART_SetPrescaler                       0x08001691   Thumb Code    16  stm32f10x_usart.o(.text)
    USART_SmartCardCmd                       0x080016a1   Thumb Code    20  stm32f10x_usart.o(.text)
    USART_SmartCardNACKCmd                   0x080016b5   Thumb Code    20  stm32f10x_usart.o(.text)
    USART_HalfDuplexCmd                      0x080016c9   Thumb Code    20  stm32f10x_usart.o(.text)
    USART_OverSampling8Cmd                   0x080016dd   Thumb Code    20  stm32f10x_usart.o(.text)
    USART_OneBitMethodCmd                    0x080016f1   Thumb Code    20  stm32f10x_usart.o(.text)
    USART_IrDAConfig                         0x08001705   Thumb Code    16  stm32f10x_usart.o(.text)
    USART_IrDACmd                            0x08001715   Thumb Code    20  stm32f10x_usart.o(.text)
    USART_GetFlagStatus                      0x08001729   Thumb Code    14  stm32f10x_usart.o(.text)
    USART_ClearFlag                          0x08001737   Thumb Code     6  stm32f10x_usart.o(.text)
    USART_GetITStatus                        0x0800173d   Thumb Code    62  stm32f10x_usart.o(.text)
    USART_ClearITPendingBit                  0x0800177b   Thumb Code    12  stm32f10x_usart.o(.text)
    ADC_DeInit                               0x0800179d   Thumb Code    56  stm32f10x_adc.o(.text)
    ADC_Init                                 0x080017d5   Thumb Code    62  stm32f10x_adc.o(.text)
    ADC_StructInit                           0x08001813   Thumb Code    18  stm32f10x_adc.o(.text)
    ADC_Cmd                                  0x08001825   Thumb Code    20  stm32f10x_adc.o(.text)
    ADC_DMACmd                               0x08001839   Thumb Code    20  stm32f10x_adc.o(.text)
    ADC_ITConfig                             0x0800184d   Thumb Code    18  stm32f10x_adc.o(.text)
    ADC_ResetCalibration                     0x0800185f   Thumb Code    10  stm32f10x_adc.o(.text)
    ADC_GetResetCalibrationStatus            0x08001869   Thumb Code    14  stm32f10x_adc.o(.text)
    ADC_StartCalibration                     0x08001877   Thumb Code    10  stm32f10x_adc.o(.text)
    ADC_GetCalibrationStatus                 0x08001881   Thumb Code    14  stm32f10x_adc.o(.text)
    ADC_SoftwareStartConvCmd                 0x0800188f   Thumb Code    20  stm32f10x_adc.o(.text)
    ADC_GetSoftwareStartConvStatus           0x080018a3   Thumb Code    14  stm32f10x_adc.o(.text)
    ADC_DiscModeChannelCountConfig           0x080018b1   Thumb Code    16  stm32f10x_adc.o(.text)
    ADC_DiscModeCmd                          0x080018c1   Thumb Code    20  stm32f10x_adc.o(.text)
    ADC_RegularChannelConfig                 0x080018d5   Thumb Code   116  stm32f10x_adc.o(.text)
    ADC_ExternalTrigConvCmd                  0x08001949   Thumb Code    20  stm32f10x_adc.o(.text)
    ADC_GetConversionValue                   0x0800195d   Thumb Code     6  stm32f10x_adc.o(.text)
    ADC_GetDualModeConversionValue           0x08001963   Thumb Code     8  stm32f10x_adc.o(.text)
    ADC_AutoInjectedConvCmd                  0x0800196b   Thumb Code    20  stm32f10x_adc.o(.text)
    ADC_InjectedDiscModeCmd                  0x0800197f   Thumb Code    20  stm32f10x_adc.o(.text)
    ADC_ExternalTrigInjectedConvConfig       0x08001993   Thumb Code    12  stm32f10x_adc.o(.text)
    ADC_ExternalTrigInjectedConvCmd          0x0800199f   Thumb Code    20  stm32f10x_adc.o(.text)
    ADC_SoftwareStartInjectedConvCmd         0x080019b3   Thumb Code    20  stm32f10x_adc.o(.text)
    ADC_GetSoftwareStartInjectedConvCmdStatus 0x080019c7   Thumb Code    14  stm32f10x_adc.o(.text)
    ADC_InjectedChannelConfig                0x080019d5   Thumb Code    74  stm32f10x_adc.o(.text)
    ADC_InjectedSequencerLengthConfig        0x08001a1f   Thumb Code    16  stm32f10x_adc.o(.text)
    ADC_SetInjectedOffset                    0x08001a2f   Thumb Code    10  stm32f10x_adc.o(.text)
    ADC_GetInjectedConversionValue           0x08001a39   Thumb Code    14  stm32f10x_adc.o(.text)
    ADC_AnalogWatchdogCmd                    0x08001a47   Thumb Code    12  stm32f10x_adc.o(.text)
    ADC_AnalogWatchdogThresholdsConfig       0x08001a53   Thumb Code     6  stm32f10x_adc.o(.text)
    ADC_AnalogWatchdogSingleChannelConfig    0x08001a59   Thumb Code    12  stm32f10x_adc.o(.text)
    ADC_TempSensorVrefintCmd                 0x08001a65   Thumb Code    24  stm32f10x_adc.o(.text)
    ADC_GetFlagStatus                        0x08001a7d   Thumb Code    14  stm32f10x_adc.o(.text)
    ADC_ClearFlag                            0x08001a8b   Thumb Code     6  stm32f10x_adc.o(.text)
    ADC_GetITStatus                          0x08001a91   Thumb Code    28  stm32f10x_adc.o(.text)
    ADC_ClearITPendingBit                    0x08001aad   Thumb Code     8  stm32f10x_adc.o(.text)
    vListInitialise                          0x08001acd   Thumb Code    22  list.o(.text)
    vListInitialiseItem                      0x08001ae3   Thumb Code     6  list.o(.text)
    vListInsertEnd                           0x08001ae9   Thumb Code    28  list.o(.text)
    vListInsert                              0x08001b05   Thumb Code    48  list.o(.text)
    vListRemove                              0x08001b35   Thumb Code    36  list.o(.text)
    xTaskGenericCreate                       0x08001b59   Thumb Code   356  tasks.o(.text)
    vTaskDelete                              0x08001cbd   Thumb Code    92  tasks.o(.text)
    vTaskIncrementTick                       0x08001d19   Thumb Code   116  tasks.o(.text)
    xTaskResumeAll                           0x08001d8d   Thumb Code   166  tasks.o(.text)
    vTaskSuspendAll                          0x08001e33   Thumb Code    10  tasks.o(.text)
    vTaskDelayUntil                          0x08001e3d   Thumb Code    96  tasks.o(.text)
    vTaskDelay                               0x08001e9d   Thumb Code    66  tasks.o(.text)
    uxTaskPriorityGet                        0x08001edf   Thumb Code    24  tasks.o(.text)
    vTaskPrioritySet                         0x08001ef7   Thumb Code   136  tasks.o(.text)
    vTaskSwitchContext                       0x08001f7f   Thumb Code    66  tasks.o(.text)
    vTaskSuspend                             0x08001fc1   Thumb Code   100  tasks.o(.text)
    xTaskIsTaskSuspended                     0x08002025   Thumb Code    28  tasks.o(.text)
    vTaskResume                              0x08002041   Thumb Code    86  tasks.o(.text)
    xTaskResumeFromISR                       0x08002097   Thumb Code    84  tasks.o(.text)
    vTaskStartScheduler                      0x080020ff   Thumb Code    50  tasks.o(.text)
    vTaskEndScheduler                        0x08002131   Thumb Code    20  tasks.o(.text)
    xTaskGetTickCount                        0x08002145   Thumb Code    18  tasks.o(.text)
    xTaskGetTickCountFromISR                 0x08002157   Thumb Code     6  tasks.o(.text)
    uxTaskGetNumberOfTasks                   0x0800215d   Thumb Code     6  tasks.o(.text)
    vTaskPlaceOnEventList                    0x08002163   Thumb Code    72  tasks.o(.text)
    xTaskRemoveFromEventList                 0x080021ab   Thumb Code    90  tasks.o(.text)
    vTaskSetTimeOutState                     0x08002205   Thumb Code    12  tasks.o(.text)
    xTaskCheckForTimeOut                     0x08002211   Thumb Code    72  tasks.o(.text)
    vTaskMissedYield                         0x08002259   Thumb Code     8  tasks.o(.text)
    pxPortInitialiseStack                    0x080022d1   Thumb Code    28  port.o(.text)
    xPortStartScheduler                      0x080022ed   Thumb Code    46  port.o(.text)
    vPortEndScheduler                        0x0800231b   Thumb Code     2  port.o(.text)
    vPortYieldFromISR                        0x0800231d   Thumb Code    12  port.o(.text)
    vPortEnterCritical                       0x08002329   Thumb Code    16  port.o(.text)
    vPortExitCritical                        0x08002339   Thumb Code    16  port.o(.text)
    SysTick_Handler                          0x08002349   Thumb Code    28  port.o(.text)
    pvPortMalloc                             0x08002371   Thumb Code   170  heap_2.o(.text)
    vPortFree                                0x0800241b   Thumb Code    56  heap_2.o(.text)
    xPortGetFreeHeapSize                     0x08002453   Thumb Code     6  heap_2.o(.text)
    vPortInitialiseBlocks                    0x08002459   Thumb Code     2  heap_2.o(.text)
    delay_ms                                 0x08002465   Thumb Code    42  delay.o(.text)
    delay_us                                 0x0800248f   Thumb Code    38  delay.o(.text)
    lcd_delay_us                             0x080024b9   Thumb Code    12  lph8731-3c.o(.text)
    lcd_delay_ms                             0x080024c5   Thumb Code    12  lph8731-3c.o(.text)
    ClkPulse                                 0x080024d1   Thumb Code    28  lph8731-3c.o(.text)
    Send_spi                                 0x080024ed   Thumb Code   204  lph8731-3c.o(.text)
    Send_to_lcd                              0x080025b9   Thumb Code   102  lph8731-3c.o(.text)
    LCD_init                                 0x0800261f   Thumb Code   804  lph8731-3c.o(.text)
    SetRotation                              0x08002943   Thumb Code    56  lph8731-3c.o(.text)
    SetArea                                  0x0800297b   Thumb Code    74  lph8731-3c.o(.text)
    Put_Pixel                                0x080029c5   Thumb Code    24  lph8731-3c.o(.text)
    Send_Symbol                              0x080029dd   Thumb Code   290  lph8731-3c.o(.text)
    LCD_Putchar                              0x08002aff   Thumb Code    74  lph8731-3c.o(.text)
    LCD_Puts                                 0x08002b49   Thumb Code    78  lph8731-3c.o(.text)
    Send_Symbol_Shadow                       0x08002b97   Thumb Code   274  lph8731-3c.o(.text)
    LCD_Putchar_Shadow                       0x08002ca9   Thumb Code    70  lph8731-3c.o(.text)
    LCD_Puts_Shadow                          0x08002cef   Thumb Code    78  lph8731-3c.o(.text)
    LCD_FillScreen                           0x08002d3d   Thumb Code    38  lph8731-3c.o(.text)
    Send_Image                               0x08002d63   Thumb Code   156  lph8731-3c.o(.text)
    LCD_Output_image                         0x08002dff   Thumb Code    58  lph8731-3c.o(.text)
    LCD_DrawLine                             0x08002e39   Thumb Code   206  lph8731-3c.o(.text)
    LCD_FillRect                             0x08002f07   Thumb Code    86  lph8731-3c.o(.text)
    LCD_FillLine                             0x08002f5d   Thumb Code   196  lph8731-3c.o(.text)
    LCD_DrawRect                             0x08003021   Thumb Code   118  lph8731-3c.o(.text)
    LCD_DrawCircle                           0x08003097   Thumb Code   216  lph8731-3c.o(.text)
    LCD_FillCircle                           0x0800316f   Thumb Code   154  lph8731-3c.o(.text)
    LCD_DrawTriangle                         0x08003209   Thumb Code    56  lph8731-3c.o(.text)
    LCD_FillTriangleA                        0x08003241   Thumb Code   194  lph8731-3c.o(.text)
    LCD_FillTriangle                         0x08003303   Thumb Code    70  lph8731-3c.o(.text)
    PerformQuest                             0x08003349   Thumb Code    48  main.o(.text)
    main                                     0x08003379   Thumb Code   334  main.o(.text)
    ChipInit                                 0x080034f1   Thumb Code   598  mcu_config.o(.text)
    ADC_Configuration                        0x08003747   Thumb Code   106  mcu_config.o(.text)
    readADC1                                 0x080037b1   Thumb Code    46  mcu_config.o(.text)
    BlinkOnboardLED                          0x080037df   Thumb Code    78  mcu_config.o(.text)
    reset_task_counter                       0x0800382d   Thumb Code     8  mcu_config.o(.text)
    get_task_counter                         0x08003835   Thumb Code     6  mcu_config.o(.text)
    set_task_counter                         0x0800383b   Thumb Code    22  mcu_config.o(.text)
    NMI_Handler                              0x08003879   Thumb Code     2  stm32f10x_it.o(.text)
    HardFault_Handler                        0x0800387b   Thumb Code     2  stm32f10x_it.o(.text)
    MemManage_Handler                        0x0800387d   Thumb Code     2  stm32f10x_it.o(.text)
    BusFault_Handler                         0x0800387f   Thumb Code     2  stm32f10x_it.o(.text)
    UsageFault_Handler                       0x08003881   Thumb Code     2  stm32f10x_it.o(.text)
    DebugMon_Handler                         0x08003883   Thumb Code     2  stm32f10x_it.o(.text)
    MotorInit                                0x08003885   Thumb Code   358  motor_driver.o(.text)
    HorseRace                                0x080039eb   Thumb Code   340  motor_driver.o(.text)
    init_usart                               0x08003b95   Thumb Code   204  usart.o(.text)
    USART1_IRQHandler                        0x08003c61   Thumb Code   178  usart.o(.text)
    get_char                                 0x08003d13   Thumb Code    66  usart.o(.text)
    usart_has_data                           0x08003d55   Thumb Code    12  usart.o(.text)
    usart_get_data_packet                    0x08003d61   Thumb Code    36  usart.o(.text)
    put_char                                 0x08003d85   Thumb Code   106  usart.o(.text)
    put_str                                  0x08003def   Thumb Code    20  usart.o(.text)
    usart_packet_is_addressed_to_me          0x08003e03   Thumb Code    16  usart.o(.text)
    usart_packet_parser                      0x08003e13   Thumb Code    88  usart.o(.text)
    usart_crc8                               0x08003e6b   Thumb Code    58  usart.o(.text)
    usart_assemble_response                  0x08003ea5   Thumb Code    78  usart.o(.text)
    usart_validate_crc8                      0x08003ef3   Thumb Code    48  usart.o(.text)
    usart_convert_outgoing_packet            0x08003f23   Thumb Code    20  usart.o(.text)
    set_break_flag                           0x08003f37   Thumb Code     6  usart.o(.text)
    SendInstruction                          0x08003f3d   Thumb Code    74  usart.o(.text)
    check_usart_while_playing                0x08003f87   Thumb Code   188  usart.o(.text)
    get_break_flag                           0x08004043   Thumb Code     6  usart.o(.text)
    malloc                                   0x08004059   Thumb Code    94  h1_alloc.o(.text)
    free                                     0x080040b7   Thumb Code    78  h1_free.o(.text)
    __2sprintf                               0x08004105   Thumb Code    34  noretval__2sprintf.o(.text)
    _printf_pre_padding                      0x0800412d   Thumb Code    44  _printf_pad.o(.text)
    _printf_post_padding                     0x08004159   Thumb Code    34  _printf_pad.o(.text)
    _printf_int_dec                          0x0800417d   Thumb Code   104  _printf_dec.o(.text)
    __printf                                 0x080041f5   Thumb Code   270  __printf_wp.o(.text)
    strlen                                   0x08004303   Thumb Code    62  strlen.o(.text)
    __aeabi_memset                           0x08004341   Thumb Code    16  aeabi_memset.o(.text)
    strncpy                                  0x08004351   Thumb Code    86  strncpy.o(.text)
    __use_two_region_memory                  0x080043a7   Thumb Code     2  heapauxi.o(.text)
    __rt_heap_escrow                         0x080043a9   Thumb Code     2  heapauxi.o(.text)
    __rt_heap_expand                         0x080043ab   Thumb Code     2  heapauxi.o(.text)
    __rt_heap_descriptor                     0x080043ad   Thumb Code     8  rt_heap_descriptor_intlibspace.o(.text)
    __use_no_heap                            0x080043b5   Thumb Code     2  hguard.o(.text)
    __heap$guard                             0x080043b7   Thumb Code     2  hguard.o(.text)
    _terminate_user_alloc                    0x080043b9   Thumb Code     2  init_alloc.o(.text)
    _init_user_alloc                         0x080043bb   Thumb Code     2  init_alloc.o(.text)
    __Heap_Full                              0x080043bd   Thumb Code    34  init_alloc.o(.text)
    __Heap_Broken                            0x080043df   Thumb Code     6  init_alloc.o(.text)
    _init_alloc                              0x080043e5   Thumb Code    94  init_alloc.o(.text)
    __Heap_Initialize                        0x08004443   Thumb Code    10  h1_init.o(.text)
    __Heap_DescSize                          0x0800444d   Thumb Code     4  h1_init.o(.text)
    _printf_int_common                       0x08004451   Thumb Code   178  _printf_intcommon.o(.text)
    _printf_char_common                      0x0800450f   Thumb Code    32  _printf_char_common.o(.text)
    _sputc                                   0x08004535   Thumb Code    10  _sputc.o(.text)
    __aeabi_memclr                           0x0800453f   Thumb Code     0  rt_memclr.o(.text)
    __rt_memclr                              0x0800453f   Thumb Code    68  rt_memclr.o(.text)
    _memset                                  0x08004543   Thumb Code     0  rt_memclr.o(.text)
    __user_libspace                          0x08004585   Thumb Code     8  libspace.o(.text)
    __user_perproc_libspace                  0x08004585   Thumb Code     0  libspace.o(.text)
    __user_perthread_libspace                0x08004585   Thumb Code     0  libspace.o(.text)
    __Heap_ProvideMemory                     0x0800458d   Thumb Code    52  h1_extend.o(.text)
    __rt_SIGRTMEM                            0x080045c1   Thumb Code    14  defsig_rtmem_outer.o(.text)
    __aeabi_memclr4                          0x080045cf   Thumb Code     0  rt_memclr_w.o(.text)
    __aeabi_memclr8                          0x080045cf   Thumb Code     0  rt_memclr_w.o(.text)
    __rt_memclr_w                            0x080045cf   Thumb Code    78  rt_memclr_w.o(.text)
    _memset_w                                0x080045d3   Thumb Code     0  rt_memclr_w.o(.text)
    __I$use$semihosting                      0x0800461d   Thumb Code     0  use_no_semi.o(.text)
    __use_no_semihosting_swi                 0x0800461d   Thumb Code     2  use_no_semi.o(.text)
    __semihosting_library_function           0x0800461f   Thumb Code     0  indicate_semi.o(.text)
    __user_setup_stackheap                   0x0800461f   Thumb Code    74  sys_stackheap_outer.o(.text)
    exit                                     0x08004669   Thumb Code    18  exit.o(.text)
    __sig_exit                               0x0800467b   Thumb Code    10  defsig_exit.o(.text)
    __rt_SIGRTMEM_inner                      0x08004685   Thumb Code    22  defsig_rtmem_inner.o(.text)
    _sys_exit                                0x080046d5   Thumb Code     8  sys_exit.o(.text)
    __default_signal_display                 0x080046e1   Thumb Code    50  defsig_general.o(.text)
    _ttywrch                                 0x08004713   Thumb Code    14  sys_wrch.o(.text)
    _is_digit                                0x08004721   Thumb Code    14  __printf_wp.o(i._is_digit)
    font_5x8                                 0x0800472e   Data         800  lph8731-3c.o(.constdata)
    Region$$Table$$Base                      0x08004a50   Number         0  anon$$obj.o(Region$$Table)
    Region$$Table$$Limit                     0x08004a70   Number         0  anon$$obj.o(Region$$Table)
    SystemCoreClock                          0x20000000   Data           4  system_stm32f10x.o(.data)
    AHBPrescTable                            0x20000004   Data          16  system_stm32f10x.o(.data)
    pxCurrentTCB                             0x20000028   Data           4  tasks.o(.data)
    RS_old                                   0x2000007c   Data           1  lph8731-3c.o(.data)
    rot                                      0x20000080   Data           4  lph8731-3c.o(.data)
    _task_counter                            0x20000084   Data           1  mcu_config.o(.data)
    rx_buffer_overflow                       0x20000086   Data           1  usart.o(.data)
    break_flag                               0x20000087   Data           1  usart.o(.data)
    incoming_crc8                            0x20000088   Data           1  usart.o(.data)
    rx_wr_index                              0x2000008a   Data           2  usart.o(.data)
    rx_rd_index                              0x2000008c   Data           2  usart.o(.data)
    rx_counter                               0x2000008e   Data           2  usart.o(.data)
    tx_wr_index                              0x20000090   Data           2  usart.o(.data)
    tx_rd_index                              0x20000092   Data           2  usart.o(.data)
    tx_counter                               0x20000094   Data           2  usart.o(.data)
    data_for_crc8                            0x20000096   Data           3  usart.o(.data)
    rx_buffer                                0x20003d68   Data         350  usart.o(.bss)
    tx_buffer                                0x20003ec6   Data         350  usart.o(.bss)
    __libspace_start                         0x20004024   Data          96  libspace.o(.bss)
    __temporary_stack_top$libspace           0x20004084   Data           0  libspace.o(.bss)



==============================================================================

Memory Map of the image

  Image Entry point : 0x080000ed

  Load Region LR_IROM1 (Base: 0x08000000, Size: 0x00004b0c, Max: 0x00010000, ABSOLUTE)

    Execution Region ER_IROM1 (Base: 0x08000000, Size: 0x00004a70, Max: 0x00010000, ABSOLUTE)

    Base Addr    Size         Type   Attr      Idx    E Section Name        Object

    0x08000000   0x000000ec   Data   RO            3    RESET               startup_stm32f10x_md.o
    0x080000ec   0x00000008   Code   RO          636  * !!!main             c_w.l(__main.o)
    0x080000f4   0x00000034   Code   RO          852    !!!scatter          c_w.l(__scatter.o)
    0x08000128   0x0000001a   Code   RO          854    !!handler_copy      c_w.l(__scatter_copy.o)
    0x08000142   0x00000002   PAD
    0x08000144   0x0000001c   Code   RO          856    !!handler_zi        c_w.l(__scatter_zi.o)
    0x08000160   0x00000000   Code   RO          625    .ARM.Collect$$_printf_percent$$00000000  c_w.l(_printf_percent.o)
    0x08000160   0x00000006   Code   RO          624    .ARM.Collect$$_printf_percent$$00000009  c_w.l(_printf_d.o)
    0x08000166   0x00000004   Code   RO          672    .ARM.Collect$$_printf_percent$$00000017  c_w.l(_printf_percent_end.o)
    0x0800016a   0x00000002   Code   RO          791    .ARM.Collect$$libinit$$00000000  c_w.l(libinit.o)
    0x0800016c   0x00000000   Code   RO          680    .ARM.Collect$$libinit$$00000002  c_w.l(libinit2.o)
    0x0800016c   0x00000000   Code   RO          682    .ARM.Collect$$libinit$$00000004  c_w.l(libinit2.o)
    0x0800016c   0x00000008   Code   RO          683    .ARM.Collect$$libinit$$00000005  c_w.l(libinit2.o)
    0x08000174   0x00000000   Code   RO          685    .ARM.Collect$$libinit$$0000000A  c_w.l(libinit2.o)
    0x08000174   0x00000000   Code   RO          687    .ARM.Collect$$libinit$$0000000C  c_w.l(libinit2.o)
    0x08000174   0x00000000   Code   RO          689    .ARM.Collect$$libinit$$0000000E  c_w.l(libinit2.o)
    0x08000174   0x00000000   Code   RO          692    .ARM.Collect$$libinit$$00000011  c_w.l(libinit2.o)
    0x08000174   0x00000000   Code   RO          694    .ARM.Collect$$libinit$$00000013  c_w.l(libinit2.o)
    0x08000174   0x00000000   Code   RO          696    .ARM.Collect$$libinit$$00000015  c_w.l(libinit2.o)
    0x08000174   0x00000000   Code   RO          698    .ARM.Collect$$libinit$$00000017  c_w.l(libinit2.o)
    0x08000174   0x00000000   Code   RO          700    .ARM.Collect$$libinit$$00000019  c_w.l(libinit2.o)
    0x08000174   0x00000000   Code   RO          702    .ARM.Collect$$libinit$$0000001B  c_w.l(libinit2.o)
    0x08000174   0x00000000   Code   RO          704    .ARM.Collect$$libinit$$0000001D  c_w.l(libinit2.o)
    0x08000174   0x00000000   Code   RO          706    .ARM.Collect$$libinit$$0000001F  c_w.l(libinit2.o)
    0x08000174   0x00000000   Code   RO          708    .ARM.Collect$$libinit$$00000021  c_w.l(libinit2.o)
    0x08000174   0x00000000   Code   RO          710    .ARM.Collect$$libinit$$00000023  c_w.l(libinit2.o)
    0x08000174   0x00000000   Code   RO          712    .ARM.Collect$$libinit$$00000025  c_w.l(libinit2.o)
    0x08000174   0x00000000   Code   RO          716    .ARM.Collect$$libinit$$0000002C  c_w.l(libinit2.o)
    0x08000174   0x00000000   Code   RO          718    .ARM.Collect$$libinit$$0000002E  c_w.l(libinit2.o)
    0x08000174   0x00000000   Code   RO          720    .ARM.Collect$$libinit$$00000030  c_w.l(libinit2.o)
    0x08000174   0x00000000   Code   RO          722    .ARM.Collect$$libinit$$00000032  c_w.l(libinit2.o)
    0x08000174   0x00000002   Code   RO          723    .ARM.Collect$$libinit$$00000033  c_w.l(libinit2.o)
    0x08000176   0x00000002   Code   RO          849    .ARM.Collect$$libshutdown$$00000000  c_w.l(libshutdown.o)
    0x08000178   0x00000000   Code   RO          805    .ARM.Collect$$libshutdown$$00000002  c_w.l(libshutdown2.o)
    0x08000178   0x00000000   Code   RO          807    .ARM.Collect$$libshutdown$$00000004  c_w.l(libshutdown2.o)
    0x08000178   0x00000000   Code   RO          810    .ARM.Collect$$libshutdown$$00000007  c_w.l(libshutdown2.o)
    0x08000178   0x00000000   Code   RO          813    .ARM.Collect$$libshutdown$$0000000A  c_w.l(libshutdown2.o)
    0x08000178   0x00000000   Code   RO          815    .ARM.Collect$$libshutdown$$0000000C  c_w.l(libshutdown2.o)
    0x08000178   0x00000000   Code   RO          818    .ARM.Collect$$libshutdown$$0000000F  c_w.l(libshutdown2.o)
    0x08000178   0x00000002   Code   RO          819    .ARM.Collect$$libshutdown$$00000010  c_w.l(libshutdown2.o)
    0x0800017a   0x00000000   Code   RO          640    .ARM.Collect$$rtentry$$00000000  c_w.l(__rtentry.o)
    0x0800017a   0x00000000   Code   RO          730    .ARM.Collect$$rtentry$$00000002  c_w.l(__rtentry2.o)
    0x0800017a   0x00000006   Code   RO          742    .ARM.Collect$$rtentry$$00000004  c_w.l(__rtentry4.o)
    0x08000180   0x00000000   Code   RO          732    .ARM.Collect$$rtentry$$00000009  c_w.l(__rtentry2.o)
    0x08000180   0x00000004   Code   RO          733    .ARM.Collect$$rtentry$$0000000A  c_w.l(__rtentry2.o)
    0x08000184   0x00000000   Code   RO          735    .ARM.Collect$$rtentry$$0000000C  c_w.l(__rtentry2.o)
    0x08000184   0x00000008   Code   RO          736    .ARM.Collect$$rtentry$$0000000D  c_w.l(__rtentry2.o)
    0x0800018c   0x00000002   Code   RO          794    .ARM.Collect$$rtexit$$00000000  c_w.l(rtexit.o)
    0x0800018e   0x00000000   Code   RO          823    .ARM.Collect$$rtexit$$00000002  c_w.l(rtexit2.o)
    0x0800018e   0x00000004   Code   RO          824    .ARM.Collect$$rtexit$$00000003  c_w.l(rtexit2.o)
    0x08000192   0x00000006   Code   RO          825    .ARM.Collect$$rtexit$$00000004  c_w.l(rtexit2.o)
    0x08000198   0x00000088   Code   RO          297    .emb_text           port.o
    0x08000220   0x00000000   Code   RO          746    .emb_text           c_w.l(maybetermalloc1.o)
    0x08000220   0x00000040   Code   RO            4    .text               startup_stm32f10x_md.o
    0x08000260   0x00000158   Code   RO           24    .text               system_stm32f10x.o
    0x080003b8   0x000000b0   Code   RO           76    .text               misc.o
    0x08000468   0x00000264   Code   RO          107    .text               stm32f10x_gpio.o
    0x080006cc   0x000002b8   Code   RO          134    .text               stm32f10x_rcc.o
    0x08000984   0x00000af0   Code   RO          148    .text               stm32f10x_tim.o
    0x08001474   0x00000328   Code   RO          161    .text               stm32f10x_usart.o
    0x0800179c   0x00000330   Code   RO          173    .text               stm32f10x_adc.o
    0x08001acc   0x0000008c   Code   RO          231    .text               list.o
    0x08001b58   0x00000778   Code   RO          264    .text               tasks.o
    0x080022d0   0x000000a0   Code   RO          298    .text               port.o
    0x08002370   0x000000f4   Code   RO          315    .text               heap_2.o
    0x08002464   0x00000054   Code   RO          330    .text               delay.o
    0x080024b8   0x00000e90   Code   RO          342    .text               lph8731-3c.o
    0x08003348   0x000001a8   Code   RO          365    .text               main.o
    0x080034f0   0x00000388   Code   RO          440    .text               mcu_config.o
    0x08003878   0x0000000c   Code   RO          459    .text               stm32f10x_it.o
    0x08003884   0x00000310   Code   RO          487    .text               motor_driver.o
    0x08003b94   0x000004c4   Code   RO          502    .text               usart.o
    0x08004058   0x0000005e   Code   RO          536    .text               c_w.l(h1_alloc.o)
    0x080040b6   0x0000004e   Code   RO          538    .text               c_w.l(h1_free.o)
    0x08004104   0x00000028   Code   RO          596    .text               c_w.l(noretval__2sprintf.o)
    0x0800412c   0x0000004e   Code   RO          600    .text               c_w.l(_printf_pad.o)
    0x0800417a   0x00000002   PAD
    0x0800417c   0x00000078   Code   RO          602    .text               c_w.l(_printf_dec.o)
    0x080041f4   0x0000010e   Code   RO          612    .text               c_w.l(__printf_wp.o)
    0x08004302   0x0000003e   Code   RO          626    .text               c_w.l(strlen.o)
    0x08004340   0x00000010   Code   RO          630    .text               c_w.l(aeabi_memset.o)
    0x08004350   0x00000056   Code   RO          632    .text               c_w.l(strncpy.o)
    0x080043a6   0x00000006   Code   RO          634    .text               c_w.l(heapauxi.o)
    0x080043ac   0x00000008   Code   RO          644    .text               c_w.l(rt_heap_descriptor_intlibspace.o)
    0x080043b4   0x00000004   Code   RO          646    .text               c_w.l(hguard.o)
    0x080043b8   0x0000008a   Code   RO          648    .text               c_w.l(init_alloc.o)
    0x08004442   0x0000000e   Code   RO          652    .text               c_w.l(h1_init.o)
    0x08004450   0x000000b2   Code   RO          666    .text               c_w.l(_printf_intcommon.o)
    0x08004502   0x00000002   PAD
    0x08004504   0x00000030   Code   RO          668    .text               c_w.l(_printf_char_common.o)
    0x08004534   0x0000000a   Code   RO          670    .text               c_w.l(_sputc.o)
    0x0800453e   0x00000044   Code   RO          675    .text               c_w.l(rt_memclr.o)
    0x08004582   0x00000002   PAD
    0x08004584   0x00000008   Code   RO          726    .text               c_w.l(libspace.o)
    0x0800458c   0x00000034   Code   RO          748    .text               c_w.l(h1_extend.o)
    0x080045c0   0x0000000e   Code   RO          754    .text               c_w.l(defsig_rtmem_outer.o)
    0x080045ce   0x0000004e   Code   RO          758    .text               c_w.l(rt_memclr_w.o)
    0x0800461c   0x00000002   Code   RO          767    .text               c_w.l(use_no_semi.o)
    0x0800461e   0x00000000   Code   RO          769    .text               c_w.l(indicate_semi.o)
    0x0800461e   0x0000004a   Code   RO          770    .text               c_w.l(sys_stackheap_outer.o)
    0x08004668   0x00000012   Code   RO          776    .text               c_w.l(exit.o)
    0x0800467a   0x0000000a   Code   RO          778    .text               c_w.l(defsig_exit.o)
    0x08004684   0x00000050   Code   RO          780    .text               c_w.l(defsig_rtmem_inner.o)
    0x080046d4   0x0000000c   Code   RO          792    .text               c_w.l(sys_exit.o)
    0x080046e0   0x00000032   Code   RO          802    .text               c_w.l(defsig_general.o)
    0x08004712   0x0000000e   Code   RO          820    .text               c_w.l(sys_wrch.o)
    0x08004720   0x0000000e   Code   RO          614    i._is_digit         c_w.l(__printf_wp.o)
    0x0800472e   0x00000320   Data   RO          343    .constdata          lph8731-3c.o
    0x08004a4e   0x00000002   PAD
    0x08004a50   0x00000020   Data   RO          850    Region$$Table       anon$$obj.o


    Execution Region RW_IRAM1 (Base: 0x20000000, Size: 0x00004688, Max: 0x00005000, ABSOLUTE)

    Base Addr    Size         Type   Attr      Idx    E Section Name        Object

    0x20000000   0x00000014   Data   RW           25    .data               system_stm32f10x.o
    0x20000014   0x00000014   Data   RW          135    .data               stm32f10x_rcc.o
    0x20000028   0x00000038   Data   RW          266    .data               tasks.o
    0x20000060   0x00000004   Data   RW          299    .data               port.o
    0x20000064   0x00000018   Data   RW          317    .data               heap_2.o
    0x2000007c   0x00000008   Data   RW          344    .data               lph8731-3c.o
    0x20000084   0x00000001   Data   RW          441    .data               mcu_config.o
    0x20000085   0x00000001   PAD
    0x20000086   0x00000013   Data   RW          508    .data               usart.o
    0x20000099   0x00000003   PAD
    0x2000009c   0x000000c8   Zero   RW          265    .bss                tasks.o
    0x20000164   0x00000004   PAD
    0x20000168   0x00003c00   Zero   RW          316    .bss                heap_2.o
    0x20003d68   0x000002bc   Zero   RW          505    .bss                usart.o
    0x20004024   0x00000060   Zero   RW          727    .bss                c_w.l(libspace.o)
    0x20004084   0x00000004   PAD
    0x20004088   0x00000200   Zero   RW            2    HEAP                startup_stm32f10x_md.o
    0x20004288   0x00000400   Zero   RW            1    STACK               startup_stm32f10x_md.o


==============================================================================

Image component sizes


      Code (inc. data)   RO Data    RW Data    ZI Data      Debug   Object Name

         0          0          0          0          0       4508   core_cm3.o
         0          0          0          0          0       5016   croutine.o
        84          4          0          0          0       1056   delay.o
       244         10          0         24      15360       3412   heap_2.o
       140          0          0          0          0       3213   list.o
      3728         20        800          8          0      14733   lph8731-3c.o
       424         42          0          0          0      17591   main.o
       904         40          0          1          0      17582   mcu_config.o
       176         14          0          0          0       1917   misc.o
       784         86          0          0          0       1134   motor_driver.o
       296         24          0          4          0       3437   port.o
        64         26        236          0       1536        888   startup_stm32f10x_md.o
       816         24          0          0          0      11365   stm32f10x_adc.o
       612         36          0          0          0       6041   stm32f10x_gpio.o
        12          0          0          0          0        851   stm32f10x_it.o
       696         32          0         20          0       9004   stm32f10x_rcc.o
      2800         84          0          0          0      23982   stm32f10x_tim.o
       808         22          0          0          0       8912   stm32f10x_usart.o
       344         34          0         20          0     256651   system_stm32f10x.o
      1912         28          0         56        200      12092   tasks.o
      1220         38          0         19        700       6522   usart.o

    ----------------------------------------------------------------------
     16064        564       1070        156      17800     409907   Object Totals
         0          0         32          0          0          0   (incl. Generated)
         0          0          2          4          4          0   (incl. Padding)

    ----------------------------------------------------------------------

      Code (inc. data)   RO Data    RW Data    ZI Data      Debug   Library Member Name

         8          0          0          0          0         68   __main.o
       284          0          0          0          0        156   __printf_wp.o
         0          0          0          0          0          0   __rtentry.o
        12          0          0          0          0          0   __rtentry2.o
         6          0          0          0          0          0   __rtentry4.o
        52          8          0          0          0          0   __scatter.o
        26          0          0          0          0          0   __scatter_copy.o
        28          0          0          0          0          0   __scatter_zi.o
        48          6          0          0          0         96   _printf_char_common.o
         6          0          0          0          0          0   _printf_d.o
       120         16          0          0          0         92   _printf_dec.o
       178          0          0          0          0         88   _printf_intcommon.o
        78          0          0          0          0        108   _printf_pad.o
         0          0          0          0          0          0   _printf_percent.o
         4          0          0          0          0          0   _printf_percent_end.o
        10          0          0          0          0         68   _sputc.o
        16          0          0          0          0         68   aeabi_memset.o
        10          0          0          0          0         68   defsig_exit.o
        50          0          0          0          0         88   defsig_general.o
        80         58          0          0          0         76   defsig_rtmem_inner.o
        14          0          0          0          0         80   defsig_rtmem_outer.o
        18          0          0          0          0         80   exit.o
        94          0          0          0          0         80   h1_alloc.o
        52          0          0          0          0         68   h1_extend.o
        78          0          0          0          0         80   h1_free.o
        14          0          0          0          0         84   h1_init.o
         6          0          0          0          0        152   heapauxi.o
         4          0          0          0          0        136   hguard.o
         0          0          0          0          0          0   indicate_semi.o
       138          0          0          0          0        168   init_alloc.o
         2          0          0          0          0          0   libinit.o
        10          0          0          0          0          0   libinit2.o
         2          0          0          0          0          0   libshutdown.o
         2          0          0          0          0          0   libshutdown2.o
         8          4          0          0         96         68   libspace.o
         0          0          0          0          0          0   maybetermalloc1.o
        40          6          0          0          0         84   noretval__2sprintf.o
         8          4          0          0          0         68   rt_heap_descriptor_intlibspace.o
        68          0          0          0          0         68   rt_memclr.o
        78          0          0          0          0         80   rt_memclr_w.o
         2          0          0          0          0          0   rtexit.o
        10          0          0          0          0          0   rtexit2.o
        62          0          0          0          0         76   strlen.o
        86          0          0          0          0         76   strncpy.o
        12          4          0          0          0         68   sys_exit.o
        74          0          0          0          0         80   sys_stackheap_outer.o
        14          0          0          0          0         76   sys_wrch.o
         2          0          0          0          0         68   use_no_semi.o

    ----------------------------------------------------------------------
      1922        106          0          0        100       2716   Library Totals
         8          0          0          0          4          0   (incl. Padding)

    ----------------------------------------------------------------------

      Code (inc. data)   RO Data    RW Data    ZI Data      Debug   Library Name

      1914        106          0          0         96       2716   c_w.l

    ----------------------------------------------------------------------
      1922        106          0          0        100       2716   Library Totals

    ----------------------------------------------------------------------

==============================================================================


      Code (inc. data)   RO Data    RW Data    ZI Data      Debug   

     17986        670       1070        156      17900     408303   Grand Totals
     17986        670       1070        156      17900     408303   ELF Image Totals
     17986        670       1070        156          0          0   ROM Totals

==============================================================================

    Total RO  Size (Code + RO Data)                19056 (  18.61kB)
    Total RW  Size (RW Data + ZI Data)             18056 (  17.63kB)
    Total ROM Size (Code + RO Data + RW Data)      19212 (  18.76kB)

==============================================================================

