Component: ARM Compiler 5.06 update 2 (build 183) Tool: armlink [4d35b7]

==============================================================================

Section Cross References

    startup_stm32f10x_md.o(STACK) refers (Special) to heapauxi.o(.text) for __use_two_region_memory
    startup_stm32f10x_md.o(HEAP) refers (Special) to heapauxi.o(.text) for __use_two_region_memory
    startup_stm32f10x_md.o(RESET) refers (Special) to heapauxi.o(.text) for __use_two_region_memory
    startup_stm32f10x_md.o(RESET) refers to startup_stm32f10x_md.o(STACK) for __initial_sp
    startup_stm32f10x_md.o(RESET) refers to startup_stm32f10x_md.o(.text) for Reset_Handler
    startup_stm32f10x_md.o(RESET) refers to stm32f10x_it.o(.text) for NMI_Handler
    startup_stm32f10x_md.o(RESET) refers to port.o(.emb_text) for SVC_Handler
    startup_stm32f10x_md.o(RESET) refers to port.o(.text) for SysTick_Handler
    startup_stm32f10x_md.o(RESET) refers to usart.o(.text) for USART1_IRQHandler
    startup_stm32f10x_md.o(.text) refers (Special) to heapauxi.o(.text) for __use_two_region_memory
    startup_stm32f10x_md.o(.text) refers to system_stm32f10x.o(.text) for SystemInit
    startup_stm32f10x_md.o(.text) refers to __main.o(!!!main) for __main
    startup_stm32f10x_md.o(.text) refers to startup_stm32f10x_md.o(HEAP) for Heap_Mem
    startup_stm32f10x_md.o(.text) refers to startup_stm32f10x_md.o(STACK) for Stack_Mem
    system_stm32f10x.o(.text) refers to system_stm32f10x.o(.data) for .data
    stm32f10x_gpio.o(.text) refers to stm32f10x_rcc.o(.text) for RCC_APB2PeriphResetCmd
    stm32f10x_rcc.o(.text) refers to stm32f10x_rcc.o(.data) for .data
    stm32f10x_tim.o(.text) refers to stm32f10x_rcc.o(.text) for RCC_APB1PeriphResetCmd
    stm32f10x_usart.o(.text) refers to stm32f10x_rcc.o(.text) for RCC_APB2PeriphResetCmd
    croutine.o(.text) refers to heap_2.o(.text) for pvPortMalloc
    croutine.o(.text) refers to list.o(.text) for vListInitialise
    croutine.o(.text) refers to tasks.o(.text) for xTaskGetTickCount
    croutine.o(.text) refers to port.o(.emb_text) for vPortSetInterruptMask
    croutine.o(.text) refers to croutine.o(.data) for .data
    croutine.o(.text) refers to croutine.o(.bss) for .bss
    queue.o(.text) refers to heap_2.o(.text) for pvPortMalloc
    queue.o(.text) refers to list.o(.text) for vListInitialise
    queue.o(.text) refers to port.o(.text) for vPortEnterCritical
    queue.o(.text) refers to tasks.o(.text) for xTaskRemoveFromEventList
    queue.o(.text) refers to rt_memcpy_v6.o(.text) for __aeabi_memcpy
    queue.o(.text) refers to port.o(.emb_text) for vPortSetInterruptMask
    tasks.o(.text) refers to heap_2.o(.text) for pvPortMalloc
    tasks.o(.text) refers to aeabi_memset.o(.text) for __aeabi_memset
    tasks.o(.text) refers to strncpy.o(.text) for strncpy
    tasks.o(.text) refers to list.o(.text) for vListInitialiseItem
    tasks.o(.text) refers to port.o(.text) for pxPortInitialiseStack
    tasks.o(.text) refers to tasks.o(.data) for .data
    tasks.o(.text) refers to tasks.o(.bss) for .bss
    tasks.o(.text) refers to port.o(.emb_text) for vPortSetInterruptMask
    port.o(.emb_text) refers to tasks.o(.text) for vTaskSwitchContext
    port.o(.emb_text) refers to tasks.o(.data) for pxCurrentTCB
    port.o(.text) refers to port.o(.emb_text) for vPortStartFirstTask
    port.o(.text) refers to tasks.o(.text) for vTaskIncrementTick
    port.o(.text) refers to port.o(.data) for .data
    heap_2.o(.text) refers to tasks.o(.text) for vTaskSuspendAll
    heap_2.o(.text) refers to heap_2.o(.data) for .data
    heap_2.o(.text) refers to heap_2.o(.bss) for .bss
    delay.o(.text) refers to stm32f10x_rcc.o(.text) for RCC_GetClocksFreq
    lph8731-3c.o(.text) refers to stm32f10x_gpio.o(.text) for GPIO_SetBits
    lph8731-3c.o(.text) refers to stm32f10x_rcc.o(.text) for RCC_APB2PeriphClockCmd
    lph8731-3c.o(.text) refers to lph8731-3c.o(.data) for .data
    lph8731-3c.o(.text) refers to lph8731-3c.o(.constdata) for .constdata
    main.o(.text) refers to mcu_config.o(.text) for get_task_counter
    main.o(.text) refers to usart.o(.text) for check_usart_while_playing
    main.o(.text) refers to motor_driver.o(.text) for MotorInit
    main.o(.text) refers to stm32f10x_gpio.o(.text) for GPIO_SetBits
    main.o(.text) refers to lph8731-3c.o(.text) for LCD_init
    main.o(.text) refers to delay.o(.text) for delay_ms
    mcu_config.o(.text) refers to misc.o(.text) for SysTick_CLKSourceConfig
    mcu_config.o(.text) refers to stm32f10x_rcc.o(.text) for RCC_APB2PeriphClockCmd
    mcu_config.o(.text) refers to stm32f10x_gpio.o(.text) for GPIO_Init
    mcu_config.o(.text) refers to stm32f10x_usart.o(.text) for USART_Init
    mcu_config.o(.text) refers to stm32f10x_tim.o(.text) for TIM_TimeBaseInit
    mcu_config.o(.text) refers to delay.o(.text) for delay_ms
    mcu_config.o(.text) refers to mcu_config.o(.data) for .data
    errorprocessing.o(.text) refers to stm32f10x_gpio.o(.text) for GPIO_SetBits
[...]
    rtexit.o(.ARM.Collect$$rtexit$$00000000) refers (Special) to rtexit2.o(.ARM.Collect$$rtexit$$00000002) for __rt_exit_prels_1
    rtexit.o(.ARM.exidx) refers (Special) to rtexit2.o(.ARM.Collect$$rtexit$$00000004) for __rt_exit_exit
    rtexit.o(.ARM.exidx) refers (Special) to rtexit2.o(.ARM.Collect$$rtexit$$00000003) for __rt_exit_ls
    rtexit.o(.ARM.exidx) refers (Special) to rtexit2.o(.ARM.Collect$$rtexit$$00000002) for __rt_exit_prels_1
    rtexit.o(.ARM.exidx) refers to rtexit.o(.ARM.Collect$$rtexit$$00000000) for .ARM.Collect$$rtexit$$00000000
    __raise.o(.text) refers to defsig.o(CL$$defsig) for __default_signal_handler
    defsig_general.o(.text) refers to sys_wrch.o(.text) for _ttywrch
    libshutdown2.o(.ARM.Collect$$libshutdown$$0000000D) refers (Weak) to term_alloc.o(.text) for _terminate_alloc
    sys_wrch.o(.text) refers (Special) to use_no_semi.o(.text) for __I$use$semihosting
    sys_wrch.o(.text) refers (Special) to indicate_semi.o(.text) for __semihosting_library_function
    rtexit2.o(.ARM.Collect$$rtexit$$00000003) refers to libshutdown.o(.ARM.Collect$$libshutdown$$00000000) for __rt_lib_shutdown
    rtexit2.o(.ARM.Collect$$rtexit$$00000004) refers to sys_exit.o(.text) for _sys_exit
    rtexit2.o(.ARM.exidx) refers to rtexit2.o(.ARM.Collect$$rtexit$$00000001) for .ARM.Collect$$rtexit$$00000001
    rtexit2.o(.ARM.exidx) refers to rtexit2.o(.ARM.Collect$$rtexit$$00000003) for .ARM.Collect$$rtexit$$00000003
    rtexit2.o(.ARM.exidx) refers to rtexit2.o(.ARM.Collect$$rtexit$$00000004) for .ARM.Collect$$rtexit$$00000004
    defsig.o(CL$$defsig) refers to defsig_rtmem_inner.o(.text) for __rt_SIGRTMEM_inner
    defsig_abrt_inner.o(.text) refers to defsig_general.o(.text) for __default_signal_display
    defsig_fpe_inner.o(.text) refers to defsig_general.o(.text) for __default_signal_display
    defsig_rtred_inner.o(.text) refers to defsig_general.o(.text) for __default_signal_display
    defsig_stak_inner.o(.text) refers to defsig_general.o(.text) for __default_signal_display
    defsig_pvfn_inner.o(.text) refers to defsig_general.o(.text) for __default_signal_display
    defsig_cppl_inner.o(.text) refers to defsig_general.o(.text) for __default_signal_display
    defsig_segv_inner.o(.text) refers to defsig_general.o(.text) for __default_signal_display
    defsig_other.o(.text) refers to defsig_general.o(.text) for __default_signal_display
    libshutdown.o(.ARM.Collect$$libshutdown$$00000000) refers (Special) to libshutdown2.o(.ARM.Collect$$libshutdown$$00000002) for __rt_lib_shutdown_cpp_1
    libshutdown.o(.ARM.Collect$$libshutdown$$00000000) refers (Special) to libshutdown2.o(.ARM.Collect$$libshutdown$$00000007) for __rt_lib_shutdown_fp_trap_1
    libshutdown.o(.ARM.Collect$$libshutdown$$00000000) refers (Special) to libshutdown2.o(.ARM.Collect$$libshutdown$$0000000F) for __rt_lib_shutdown_heap_1
    libshutdown.o(.ARM.Collect$$libshutdown$$00000000) refers (Special) to libshutdown2.o(.ARM.Collect$$libshutdown$$00000010) for __rt_lib_shutdown_return
    libshutdown.o(.ARM.Collect$$libshutdown$$00000000) refers (Special) to libshutdown2.o(.ARM.Collect$$libshutdown$$0000000A) for __rt_lib_shutdown_signal_1
    libshutdown.o(.ARM.Collect$$libshutdown$$00000000) refers (Special) to libshutdown2.o(.ARM.Collect$$libshutdown$$00000004) for __rt_lib_shutdown_stdio_1
    libshutdown.o(.ARM.Collect$$libshutdown$$00000000) refers (Special) to libshutdown2.o(.ARM.Collect$$libshutdown$$0000000C) for __rt_lib_shutdown_user_alloc_1


==============================================================================

Removing Unused input sections from the image.

    Removing core_cm3.o(.emb_text), (32 bytes).
    Removing stm32f10x_exti.o(.text), (232 bytes).
    Removing stm32f10x_iwdg.o(.text), (60 bytes).
    Removing croutine.o(.text), (576 bytes).
    Removing croutine.o(.bss), (100 bytes).
    Removing croutine.o(.data), (28 bytes).
    Removing queue.o(.text), (990 bytes).
    Removing errorprocessing.o(.text), (16 bytes).
    Removing usart.o(.bss), (15 bytes).
    Removing usart.o(.bss), (15 bytes).
    Removing usart.o(.data), (5 bytes).
    Removing usart.o(.data), (7 bytes).
    Removing usart.o(.data), (1 bytes).
    Removing usart.o(.data), (7 bytes).
    Removing usart.o(.data), (7 bytes).

15 unused section(s) (total 2091 bytes) removed from the image.

==============================================================================

Image Symbol Table

    Local Symbols

    Symbol Name                              Value     Ov Type        Size  Object(Section)

    ../clib/angel/boardlib.s                 0x00000000   Number         0  boardinit3.o ABSOLUTE
    ../clib/angel/boardlib.s                 0x00000000   Number         0  boardshut.o ABSOLUTE
    ../clib/angel/boardlib.s                 0x00000000   Number         0  boardinit1.o ABSOLUTE
    ../clib/angel/boardlib.s                 0x00000000   Number         0  boardinit2.o ABSOLUTE
    ../clib/angel/handlers.s                 0x00000000   Number         0  __scatter_zi.o ABSOLUTE
    ../clib/angel/handlers.s                 0x00000000   Number         0  __scatter_copy.o ABSOLUTE
    ../clib/angel/kernel.s                   0x00000000   Number         0  __rtentry2.o ABSOLUTE
    ../clib/angel/kernel.s                   0x00000000   Number         0  __rtentry4.o ABSOLUTE
    ../clib/angel/kernel.s                   0x00000000   Number         0  rtexit2.o ABSOLUTE
    ../clib/angel/kernel.s                   0x00000000   Number         0  __rtentry.o ABSOLUTE
    ../clib/angel/kernel.s                   0x00000000   Number         0  rtexit.o ABSOLUTE
    ../clib/angel/rt.s                       0x00000000   Number         0  rt_raise.o ABSOLUTE
    ../clib/angel/rt.s                       0x00000000   Number         0  rt_heap_descriptor_intlibspace.o ABSOLUTE
    ../clib/angel/rt.s                       0x00000000   Number         0  rt_heap_descriptor.o ABSOLUTE
    ../clib/angel/scatter.s                  0x00000000   Number         0  __scatter.o ABSOLUTE
    ../clib/angel/startup.s                  0x00000000   Number         0  __main.o ABSOLUTE
    ../clib/angel/sys.s                      0x00000000   Number         0  libspace.o ABSOLUTE
    ../clib/angel/sys.s                      0x00000000   Number         0  mutex_dummy.o ABSOLUTE
    ../clib/angel/sys.s                      0x00000000   Number         0  sys_stackheap_outer.o ABSOLUTE
    ../clib/angel/sys.s                      0x00000000   Number         0  indicate_semi.o ABSOLUTE
    ../clib/angel/sys.s                      0x00000000   Number         0  use_no_semi.o ABSOLUTE
    ../clib/angel/sysapp.c                   0x00000000   Number         0  sys_command.o ABSOLUTE
    ../clib/angel/sysapp.c                   0x00000000   Number         0  sys_exit.o ABSOLUTE
    ../clib/angel/sysapp.c                   0x00000000   Number         0  sys_wrch.o ABSOLUTE
    ../clib/armsys.c                         0x00000000   Number         0  _get_argv.o ABSOLUTE
    ../clib/armsys.c                         0x00000000   Number         0  _get_argv_nomalloc.o ABSOLUTE
    ../clib/armsys.c                         0x00000000   Number         0  no_argv.o ABSOLUTE
    ../clib/armsys.c                         0x00000000   Number         0  argv_veneer.o ABSOLUTE
    ../clib/armsys.c                         0x00000000   Number         0  argv_veneer.o ABSOLUTE
    ../clib/heap1.c                          0x00000000   Number         0  h1_final.o ABSOLUTE
    ../clib/heap1.c                          0x00000000   Number         0  h1_init_mt.o ABSOLUTE
    ../clib/heap1.c                          0x00000000   Number         0  h1_init.o ABSOLUTE
    ../clib/heap1.c                          0x00000000   Number         0  h1_alloc.o ABSOLUTE
    ../clib/heap1.c                          0x00000000   Number         0  h1_alloc_mt.o ABSOLUTE
    ../clib/heap1.c                          0x00000000   Number         0  h1_free_mt.o ABSOLUTE
    ../clib/heap1.c                          0x00000000   Number         0  h1_free.o ABSOLUTE
    ../clib/heap1.c                          0x00000000   Number         0  h1_final_mt.o ABSOLUTE
    ../clib/heap1.c                          0x00000000   Number         0  h1_extend_mt.o ABSOLUTE
    ../clib/heap1.c                          0x00000000   Number         0  h1_extend.o ABSOLUTE
    ../clib/heap2.c                          0x00000000   Number         0  fdtree.o ABSOLUTE
    ../clib/heap2.c                          0x00000000   Number         0  heap2mt.o ABSOLUTE
    ../clib/heap2.c                          0x00000000   Number         0  heap2.o ABSOLUTE
    ../clib/heapalloc.c                      0x00000000   Number         0  hguard.o ABSOLUTE
    ../clib/heapalloc.c                      0x00000000   Number         0  heapstubs.o ABSOLUTE
    ../clib/heapalloc.c                      0x00000000   Number         0  malloc.o ABSOLUTE
    ../clib/heapalloc.c                      0x00000000   Number         0  term_alloc.o ABSOLUTE
    ../clib/heapalloc.c                      0x00000000   Number         0  init_alloc.o ABSOLUTE
    ../clib/heapalloc.c                      0x00000000   Number         0  hrguard.o ABSOLUTE
    ../clib/heapalloc.c                      0x00000000   Number         0  free.o ABSOLUTE
    ../clib/heapalloc.c                      0x00000000   Number         0  maybetermalloc2.o ABSOLUTE
    ../clib/heapalloc.c                      0x00000000   Number         0  maybetermalloc2.o ABSOLUTE
    ../clib/heapalloc.c                      0x00000000   Number         0  maybetermalloc1.o ABSOLUTE
    ../clib/heapalloc.c                      0x00000000   Number         0  maybetermalloc1.o ABSOLUTE
    ../clib/heapaux.c                        0x00000000   Number         0  heapauxi.o ABSOLUTE
    ../clib/heapaux.c                        0x00000000   Number         0  heapauxa.o ABSOLUTE
    ../clib/libinit.s                        0x00000000   Number         0  libshutdown.o ABSOLUTE
    ../clib/libinit.s                        0x00000000   Number         0  libinit2.o ABSOLUTE
    ../clib/libinit.s                        0x00000000   Number         0  libinit.o ABSOLUTE
    ../clib/libinit.s                        0x00000000   Number         0  libshutdown2.o ABSOLUTE
    ../clib/memcpset.s                       0x00000000   Number         0  rt_memclr_w.o ABSOLUTE
    ../clib/memcpset.s                       0x00000000   Number         0  rt_memcpy_v6.o ABSOLUTE
    ../clib/memcpset.s                       0x00000000   Number         0  aeabi_memset.o ABSOLUTE
    ../clib/memcpset.s                       0x00000000   Number         0  strncpy.o ABSOLUTE
    ../clib/memcpset.s                       0x00000000   Number         0  rt_memclr.o ABSOLUTE
    ../clib/memcpset.s                       0x00000000   Number         0  rt_memcpy_w.o ABSOLUTE
    ../clib/signal.c                         0x00000000   Number         0  defsig_rtmem_inner.o ABSOLUTE
    ../clib/signal.c                         0x00000000   Number         0  defsig_segv_inner.o ABSOLUTE
    ../clib/signal.c                         0x00000000   Number         0  defsig_cppl_inner.o ABSOLUTE
    ../clib/signal.c                         0x00000000   Number         0  defsig_pvfn_inner.o ABSOLUTE
    ../clib/signal.c                         0x00000000   Number         0  defsig_stak_inner.o ABSOLUTE
    ../clib/signal.c                         0x00000000   Number         0  defsig_rtred_inner.o ABSOLUTE
    ../clib/signal.c                         0x00000000   Number         0  defsig_fpe_inner.o ABSOLUTE
    ../clib/signal.c                         0x00000000   Number         0  defsig_abrt_inner.o ABSOLUTE
    ../clib/signal.c                         0x00000000   Number         0  defsig_other.o ABSOLUTE
    ../clib/signal.c                         0x00000000   Number         0  defsig_rtmem_formal.o ABSOLUTE
    ../clib/signal.c                         0x00000000   Number         0  defsig_rtmem_outer.o ABSOLUTE
    ../clib/signal.c                         0x00000000   Number         0  defsig_general.o ABSOLUTE
    ../clib/signal.c                         0x00000000   Number         0  __raise.o ABSOLUTE
    ../clib/signal.c                         0x00000000   Number         0  defsig_exit.o ABSOLUTE
    ../clib/signal.s                         0x00000000   Number         0  defsig.o ABSOLUTE
    ../clib/stdlib.c                         0x00000000   Number         0  exit.o ABSOLUTE
    ../clib/string.c                         0x00000000   Number         0  strlen.o ABSOLUTE
    ../fplib/fpinit.s                        0x00000000   Number         0  fpinit.o ABSOLUTE
    Libraries\CMSIS\CM3\CoreSupport\core_cm3.c 0x00000000   Number         0  core_cm3.o ABSOLUTE
    Libraries\CMSIS\CM3\DeviceSupport\ST\STM32F10x\startup\arm\startup_stm32f10x_md.s 0x00000000   Number         0  startup_stm32f10x_md.o ABSOLUTE
    Libraries\STM32F10x_StdPeriph_Driver\src\misc.c 0x00000000   Number         0  misc.o ABSOLUTE
    Libraries\STM32F10x_StdPeriph_Driver\src\stm32f10x_exti.c 0x00000000   Number         0  stm32f10x_exti.o ABSOLUTE
    Libraries\STM32F10x_StdPeriph_Driver\src\stm32f10x_gpio.c 0x00000000   Number         0  stm32f10x_gpio.o ABSOLUTE
    Libraries\STM32F10x_StdPeriph_Driver\src\stm32f10x_iwdg.c 0x00000000   Number         0  stm32f10x_iwdg.o ABSOLUTE
    Libraries\STM32F10x_StdPeriph_Driver\src\stm32f10x_rcc.c 0x00000000   Number         0  stm32f10x_rcc.o ABSOLUTE
    Libraries\STM32F10x_StdPeriph_Driver\src\stm32f10x_tim.c 0x00000000   Number         0  stm32f10x_tim.o ABSOLUTE
    Libraries\STM32F10x_StdPeriph_Driver\src\stm32f10x_usart.c 0x00000000   Number         0  stm32f10x_usart.o ABSOLUTE
    Libraries\\CMSIS\\CM3\\CoreSupport\\core_cm3.c 0x00000000   Number         0  core_cm3.o ABSOLUTE
    USER\ErrorProcessing.c                   0x00000000   Number         0  errorprocessing.o ABSOLUTE
    USER\FreeRTOSV6.1.0\croutine.c           0x00000000   Number         0  croutine.o ABSOLUTE
    USER\FreeRTOSV6.1.0\list.c               0x00000000   Number         0  list.o ABSOLUTE
    USER\FreeRTOSV6.1.0\portable\MemMang\heap_2.c 0x00000000   Number         0  heap_2.o ABSOLUTE
    USER\FreeRTOSV6.1.0\portable\RVDS\ARM_CM3\port.c 0x00000000   Number         0  port.o ABSOLUTE
    USER\FreeRTOSV6.1.0\queue.c              0x00000000   Number         0  queue.o ABSOLUTE
    USER\FreeRTOSV6.1.0\tasks.c              0x00000000   Number         0  tasks.o ABSOLUTE
    USER\MyDrv\LPH8731-3C.c                  0x00000000   Number         0  lph8731-3c.o ABSOLUTE
    USER\MyDrv\delay.c                       0x00000000   Number         0  delay.o ABSOLUTE
    USER\\FreeRTOSV6.1.0\\portable\\RVDS\\ARM_CM3\\port.c 0x00000000   Number         0  port.o ABSOLUTE
    USER\main.c                              0x00000000   Number         0  main.o ABSOLUTE
    USER\mcu_config.c                        0x00000000   Number         0  mcu_config.o ABSOLUTE
    USER\motor_driver.c                      0x00000000   Number         0  motor_driver.o ABSOLUTE
    USER\stm32f10x_it.c                      0x00000000   Number         0  stm32f10x_it.o ABSOLUTE
    USER\system_stm32f10x.c                  0x00000000   Number         0  system_stm32f10x.o ABSOLUTE
    USER\usart.c                             0x00000000   Number         0  usart.o ABSOLUTE
    dc.s                                     0x00000000   Number         0  dc.o ABSOLUTE
    RESET                                    0x08000000   Section      236  startup_stm32f10x_md.o(RESET)
    !!!main                                  0x080000ec   Section        8  __main.o(!!!main)
    !!!scatter                               0x080000f4   Section       52  __scatter.o(!!!scatter)
    !!handler_copy                           0x08000128   Section       26  __scatter_copy.o(!!handler_copy)
    !!handler_zi                             0x08000144   Section       28  __scatter_zi.o(!!handler_zi)
    .ARM.Collect$$libinit$$00000000          0x08000160   Section        2  libinit.o(.ARM.Collect$$libinit$$00000000)
    .ARM.Collect$$libinit$$00000002          0x08000162   Section        0  libinit2.o(.ARM.Collect$$libinit$$00000002)
    .ARM.Collect$$libinit$$00000004          0x08000162   Section        0  libinit2.o(.ARM.Collect$$libinit$$00000004)
    .ARM.Collect$$libinit$$00000005          0x08000162   Section        8  libinit2.o(.ARM.Collect$$libinit$$00000005)
    .ARM.Collect$$libinit$$0000000A          0x0800016a   Section        0  libinit2.o(.ARM.Collect$$libinit$$0000000A)
    .ARM.Collect$$libinit$$0000000C          0x0800016a   Section        0  libinit2.o(.ARM.Collect$$libinit$$0000000C)
    .ARM.Collect$$libinit$$0000000E          0x0800016a   Section        0  libinit2.o(.ARM.Collect$$libinit$$0000000E)
    .ARM.Collect$$libinit$$00000011          0x0800016a   Section        0  libinit2.o(.ARM.Collect$$libinit$$00000011)
    .ARM.Collect$$libinit$$00000013          0x0800016a   Section        0  libinit2.o(.ARM.Collect$$libinit$$00000013)
    .ARM.Collect$$libinit$$00000015          0x0800016a   Section        0  libinit2.o(.ARM.Collect$$libinit$$00000015)
    .ARM.Collect$$libinit$$00000017          0x0800016a   Section        0  libinit2.o(.ARM.Collect$$libinit$$00000017)
    .ARM.Collect$$libinit$$00000019          0x0800016a   Section        0  libinit2.o(.ARM.Collect$$libinit$$00000019)
    .ARM.Collect$$libinit$$0000001B          0x0800016a   Section        0  libinit2.o(.ARM.Collect$$libinit$$0000001B)
    .ARM.Collect$$libinit$$0000001D          0x0800016a   Section        0  libinit2.o(.ARM.Collect$$libinit$$0000001D)
    .ARM.Collect$$libinit$$0000001F          0x0800016a   Section        0  libinit2.o(.ARM.Collect$$libinit$$0000001F)
    .ARM.Collect$$libinit$$00000021          0x0800016a   Section        0  libinit2.o(.ARM.Collect$$libinit$$00000021)
    .ARM.Collect$$libinit$$00000023          0x0800016a   Section        0  libinit2.o(.ARM.Collect$$libinit$$00000023)
    .ARM.Collect$$libinit$$00000025          0x0800016a   Section        0  libinit2.o(.ARM.Collect$$libinit$$00000025)
    .ARM.Collect$$libinit$$0000002C          0x0800016a   Section        0  libinit2.o(.ARM.Collect$$libinit$$0000002C)
    .ARM.Collect$$libinit$$0000002E          0x0800016a   Section        0  libinit2.o(.ARM.Collect$$libinit$$0000002E)
    .ARM.Collect$$libinit$$00000030          0x0800016a   Section        0  libinit2.o(.ARM.Collect$$libinit$$00000030)
    .ARM.Collect$$libinit$$00000032          0x0800016a   Section        0  libinit2.o(.ARM.Collect$$libinit$$00000032)
    .ARM.Collect$$libinit$$00000033          0x0800016a   Section        2  libinit2.o(.ARM.Collect$$libinit$$00000033)
    .ARM.Collect$$libshutdown$$00000000      0x0800016c   Section        2  libshutdown.o(.ARM.Collect$$libshutdown$$00000000)
    .ARM.Collect$$libshutdown$$00000002      0x0800016e   Section        0  libshutdown2.o(.ARM.Collect$$libshutdown$$00000002)
    .ARM.Collect$$libshutdown$$00000004      0x0800016e   Section        0  libshutdown2.o(.ARM.Collect$$libshutdown$$00000004)
    .ARM.Collect$$libshutdown$$00000007      0x0800016e   Section        0  libshutdown2.o(.ARM.Collect$$libshutdown$$00000007)
    .ARM.Collect$$libshutdown$$0000000A      0x0800016e   Section        0  libshutdown2.o(.ARM.Collect$$libshutdown$$0000000A)
    .ARM.Collect$$libshutdown$$0000000C      0x0800016e   Section        0  libshutdown2.o(.ARM.Collect$$libshutdown$$0000000C)
    .ARM.Collect$$libshutdown$$0000000F      0x0800016e   Section        0  libshutdown2.o(.ARM.Collect$$libshutdown$$0000000F)
    .ARM.Collect$$libshutdown$$00000010      0x0800016e   Section        2  libshutdown2.o(.ARM.Collect$$libshutdown$$00000010)
    .ARM.Collect$$rtentry$$00000000          0x08000170   Section        0  __rtentry.o(.ARM.Collect$$rtentry$$00000000)
    .ARM.Collect$$rtentry$$00000002          0x08000170   Section        0  __rtentry2.o(.ARM.Collect$$rtentry$$00000002)
    .ARM.Collect$$rtentry$$00000004          0x08000170   Section        6  __rtentry4.o(.ARM.Collect$$rtentry$$00000004)
    .ARM.Collect$$rtentry$$00000009          0x08000176   Section        0  __rtentry2.o(.ARM.Collect$$rtentry$$00000009)
    .ARM.Collect$$rtentry$$0000000A          0x08000176   Section        4  __rtentry2.o(.ARM.Collect$$rtentry$$0000000A)
    .ARM.Collect$$rtentry$$0000000C          0x0800017a   Section        0  __rtentry2.o(.ARM.Collect$$rtentry$$0000000C)
    .ARM.Collect$$rtentry$$0000000D          0x0800017a   Section        8  __rtentry2.o(.ARM.Collect$$rtentry$$0000000D)
    .ARM.Collect$$rtexit$$00000000           0x08000182   Section        2  rtexit.o(.ARM.Collect$$rtexit$$00000000)
    .ARM.Collect$$rtexit$$00000002           0x08000184   Section        0  rtexit2.o(.ARM.Collect$$rtexit$$00000002)
    .ARM.Collect$$rtexit$$00000003           0x08000184   Section        4  rtexit2.o(.ARM.Collect$$rtexit$$00000003)
    .ARM.Collect$$rtexit$$00000004           0x08000188   Section        6  rtexit2.o(.ARM.Collect$$rtexit$$00000004)
    .emb_text                                0x08000190   Section      136  port.o(.emb_text)
    .emb_text                                0x08000218   Section        0  maybetermalloc1.o(.emb_text)
    .text                                    0x08000218   Section       64  startup_stm32f10x_md.o(.text)
    .text                                    0x08000258   Section        0  system_stm32f10x.o(.text)
    SetSysClockTo72                          0x08000259   Thumb Code   160  system_stm32f10x.o(.text)
    .text                                    0x080003b0   Section        0  misc.o(.text)
    .text                                    0x08000460   Section        0  stm32f10x_gpio.o(.text)
    .text                                    0x080006c4   Section        0  stm32f10x_rcc.o(.text)
    .text                                    0x0800097c   Section        0  stm32f10x_tim.o(.text)
    TI2_Config                               0x08000d0f   Thumb Code   166  stm32f10x_tim.o(.text)
    TI1_Config                               0x08000dc5   Thumb Code    88  stm32f10x_tim.o(.text)
    .text                                    0x0800146c   Section        0  stm32f10x_usart.o(.text)
    .text                                    0x08001794   Section        0  list.o(.text)
    .text                                    0x08001820   Section        0  tasks.o(.text)
    prvIdleTask                              0x08001db3   Thumb Code    20  tasks.o(.text)
    prvCheckTasksWaitingTermination          0x08001f29   Thumb Code    92  tasks.o(.text)
    .text                                    0x08001f98   Section        0  port.o(.text)
    .text                                    0x08002038   Section        0  heap_2.o(.text)
    .text                                    0x0800212c   Section        0  delay.o(.text)
    .text                                    0x08002180   Section        0  lph8731-3c.o(.text)
    .text                                    0x08003010   Section        0  main.o(.text)
    .text                                    0x08003194   Section        0  mcu_config.o(.text)
    .text                                    0x08003480   Section        0  stm32f10x_it.o(.text)
    .text                                    0x0800348c   Section        0  motor_driver.o(.text)
    .text                                    0x08003940   Section        0  usart.o(.text)
    .text                                    0x08003e0c   Section        0  h1_alloc.o(.text)
    .text                                    0x08003e6a   Section        0  h1_free.o(.text)
    .text                                    0x08003eb8   Section        0  strlen.o(.text)
    .text                                    0x08003ef6   Section       16  aeabi_memset.o(.text)
    .text                                    0x08003f06   Section       86  strncpy.o(.text)
    .text                                    0x08003f5c   Section        0  heapauxi.o(.text)
    .text                                    0x08003f64   Section        8  rt_heap_descriptor_intlibspace.o(.text)
    .text                                    0x08003f6c   Section        0  hguard.o(.text)
    .text                                    0x08003f70   Section        0  init_alloc.o(.text)
    .text                                    0x08003ffa   Section        0  h1_init.o(.text)
    .text                                    0x08004008   Section       68  rt_memclr.o(.text)
    .text                                    0x0800404c   Section        8  libspace.o(.text)
    .text                                    0x08004054   Section        0  h1_extend.o(.text)
    .text                                    0x08004088   Section        0  defsig_rtmem_outer.o(.text)
    .text                                    0x08004096   Section       78  rt_memclr_w.o(.text)
    .text                                    0x080040e4   Section        2  use_no_semi.o(.text)
    .text                                    0x080040e6   Section        0  indicate_semi.o(.text)
    .text                                    0x080040e6   Section       74  sys_stackheap_outer.o(.text)
    .text                                    0x08004130   Section        0  exit.o(.text)
    .text                                    0x08004142   Section        0  defsig_exit.o(.text)
    .text                                    0x0800414c   Section        0  defsig_rtmem_inner.o(.text)
    .text                                    0x0800419c   Section        0  sys_exit.o(.text)
    .text                                    0x080041a8   Section        0  defsig_general.o(.text)
    .text                                    0x080041da   Section        0  sys_wrch.o(.text)
    .constdata                               0x080041e8   Section      800  lph8731-3c.o(.constdata)
    .data                                    0x20000000   Section       20  system_stm32f10x.o(.data)
    .data                                    0x20000014   Section       20  stm32f10x_rcc.o(.data)
    ADCPrescTable                            0x20000014   Data           4  stm32f10x_rcc.o(.data)
    APBAHBPrescTable                         0x20000018   Data          16  stm32f10x_rcc.o(.data)
    .data                                    0x20000028   Section       56  tasks.o(.data)
    uxTasksDeleted                           0x2000002c   Data           4  tasks.o(.data)
    uxCurrentNumberOfTasks                   0x20000030   Data           4  tasks.o(.data)
    xTickCount                               0x20000034   Data           4  tasks.o(.data)
    uxTopUsedPriority                        0x20000038   Data           4  tasks.o(.data)
    uxTopReadyPriority                       0x2000003c   Data           4  tasks.o(.data)
    xSchedulerRunning                        0x20000040   Data           4  tasks.o(.data)
    uxSchedulerSuspended                     0x20000044   Data           4  tasks.o(.data)
    uxMissedTicks                            0x20000048   Data           4  tasks.o(.data)
    xMissedYield                             0x2000004c   Data           4  tasks.o(.data)
    xNumOfOverflows                          0x20000050   Data           4  tasks.o(.data)
    uxTaskNumber                             0x20000054   Data           4  tasks.o(.data)
    pxDelayedTaskList                        0x20000058   Data           4  tasks.o(.data)
    pxOverflowDelayedTaskList                0x2000005c   Data           4  tasks.o(.data)
    .data                                    0x20000060   Section        4  port.o(.data)
    uxCriticalNesting                        0x20000060   Data           4  port.o(.data)
    .data                                    0x20000064   Section       24  heap_2.o(.data)
    xFreeBytesRemaining                      0x20000064   Data           4  heap_2.o(.data)
    xHeapHasBeenInitialised                  0x20000068   Data           4  heap_2.o(.data)
    xStart                                   0x2000006c   Data           8  heap_2.o(.data)
    xEnd                                     0x20000074   Data           8  heap_2.o(.data)
    .data                                    0x2000007c   Section        8  lph8731-3c.o(.data)
    .data                                    0x20000084   Section        1  mcu_config.o(.data)
    .data                                    0x20000086   Section       21  usart.o(.data)
    .bss                                     0x2000009c   Section      200  tasks.o(.bss)
    pxReadyTasksLists                        0x2000009c   Data         100  tasks.o(.bss)
    xDelayedTaskList1                        0x20000100   Data          20  tasks.o(.bss)
    xDelayedTaskList2                        0x20000114   Data          20  tasks.o(.bss)
    xPendingReadyList                        0x20000128   Data          20  tasks.o(.bss)
    xTasksWaitingTermination                 0x2000013c   Data          20  tasks.o(.bss)
    xSuspendedTaskList                       0x20000150   Data          20  tasks.o(.bss)
    .bss                                     0x20000168   Section    15360  heap_2.o(.bss)
    xHeap                                    0x20000168   Data       15360  heap_2.o(.bss)
    .bss                                     0x20003d68   Section      700  usart.o(.bss)
    .bss                                     0x20004024   Section       96  libspace.o(.bss)
    HEAP                                     0x20004088   Section      512  startup_stm32f10x_md.o(HEAP)
    Heap_Mem                                 0x20004088   Data         512  startup_stm32f10x_md.o(HEAP)
    STACK                                    0x20004288   Section     1024  startup_stm32f10x_md.o(STACK)
    Stack_Mem                                0x20004288   Data        1024  startup_stm32f10x_md.o(STACK)
    __initial_sp                             0x20004688   Data           0  startup_stm32f10x_md.o(STACK)

    Global Symbols

    Symbol Name                              Value     Ov Type        Size  Object(Section)

    BuildAttributes$$THM_ISAv4$P$D$K$B$S$PE$A:L22UL41UL21$X:L11$S22US41US21$IEEE1$IW$USESV6$~STKCKD$USESV7$~SHL$OTIME$ROPI$EBA8$UX$STANDARDLIB$REQ8$PRES8$EABIv2 0x00000000   Number         0  anon$$obj.o ABSOLUTE
    __ARM_use_no_argv                        0x00000000   Number         0  main.o ABSOLUTE
    __ARM_exceptions_init                     - Undefined Weak Reference
    __alloca_initialize                       - Undefined Weak Reference
    __arm_preinit_                            - Undefined Weak Reference
    __cpp_initialize__aeabi_                  - Undefined Weak Reference
    __cxa_finalize                            - Undefined Weak Reference
    __rt_locale                               - Undefined Weak Reference
    __sigvec_lookup                           - Undefined Weak Reference
    __user_heap_extent                        - Undefined Weak Reference
    _atexit_init                              - Undefined Weak Reference
    _call_atexit_fns                          - Undefined Weak Reference
    _clock_init                               - Undefined Weak Reference
    _fp_trap_init                             - Undefined Weak Reference
    _fp_trap_shutdown                         - Undefined Weak Reference
    _get_lc_collate                           - Undefined Weak Reference
    _get_lc_ctype                             - Undefined Weak Reference
    _get_lc_monetary                          - Undefined Weak Reference
    _get_lc_numeric                           - Undefined Weak Reference
    _get_lc_time                              - Undefined Weak Reference
    _getenv_init                              - Undefined Weak Reference
    _handle_redirection                       - Undefined Weak Reference
    _initio                                   - Undefined Weak Reference
    _mutex_acquire                            - Undefined Weak Reference
    _mutex_free                               - Undefined Weak Reference
    _mutex_release                            - Undefined Weak Reference
    _rand_init                                - Undefined Weak Reference
    _signal_finish                            - Undefined Weak Reference
    _signal_init                              - Undefined Weak Reference
    _terminateio                              - Undefined Weak Reference
    __Vectors_Size                           0x000000ec   Number         0  startup_stm32f10x_md.o ABSOLUTE
    __Vectors                                0x08000000   Data           4  startup_stm32f10x_md.o(RESET)
    __Vectors_End                            0x080000ec   Data           0  startup_stm32f10x_md.o(RESET)
    __main                                   0x080000ed   Thumb Code     8  __main.o(!!!main)
    __scatterload                            0x080000f5   Thumb Code     0  __scatter.o(!!!scatter)
    __scatterload_rt2                        0x080000f5   Thumb Code    44  __scatter.o(!!!scatter)
    __scatterload_rt2_thumb_only             0x080000f5   Thumb Code     0  __scatter.o(!!!scatter)
    __scatterload_null                       0x08000103   Thumb Code     0  __scatter.o(!!!scatter)
    __scatterload_copy                       0x08000129   Thumb Code    26  __scatter_copy.o(!!handler_copy)
    __scatterload_zeroinit                   0x08000145   Thumb Code    28  __scatter_zi.o(!!handler_zi)
    __rt_lib_init                            0x08000161   Thumb Code     0  libinit.o(.ARM.Collect$$libinit$$00000000)
    __rt_lib_init_fp_1                       0x08000163   Thumb Code     0  libinit2.o(.ARM.Collect$$libinit$$00000002)
    __rt_lib_init_heap_2                     0x08000163   Thumb Code     0  libinit2.o(.ARM.Collect$$libinit$$00000005)
    __rt_lib_init_preinit_1                  0x08000163   Thumb Code     0  libinit2.o(.ARM.Collect$$libinit$$00000004)
    __rt_lib_init_alloca_1                   0x0800016b   Thumb Code     0  libinit2.o(.ARM.Collect$$libinit$$0000002E)
    __rt_lib_init_argv_1                     0x0800016b   Thumb Code     0  libinit2.o(.ARM.Collect$$libinit$$0000002C)
    __rt_lib_init_atexit_1                   0x0800016b   Thumb Code     0  libinit2.o(.ARM.Collect$$libinit$$0000001B)
    __rt_lib_init_clock_1                    0x0800016b   Thumb Code     0  libinit2.o(.ARM.Collect$$libinit$$00000021)
    __rt_lib_init_cpp_1                      0x0800016b   Thumb Code     0  libinit2.o(.ARM.Collect$$libinit$$00000032)
    __rt_lib_init_exceptions_1               0x0800016b   Thumb Code     0  libinit2.o(.ARM.Collect$$libinit$$00000030)
    __rt_lib_init_fp_trap_1                  0x0800016b   Thumb Code     0  libinit2.o(.ARM.Collect$$libinit$$0000001F)
    __rt_lib_init_getenv_1                   0x0800016b   Thumb Code     0  libinit2.o(.ARM.Collect$$libinit$$00000023)
    __rt_lib_init_heap_1                     0x0800016b   Thumb Code     0  libinit2.o(.ARM.Collect$$libinit$$0000000A)
    __rt_lib_init_lc_collate_1               0x0800016b   Thumb Code     0  libinit2.o(.ARM.Collect$$libinit$$00000011)
    __rt_lib_init_lc_ctype_1                 0x0800016b   Thumb Code     0  libinit2.o(.ARM.Collect$$libinit$$00000013)
    __rt_lib_init_lc_monetary_1              0x0800016b   Thumb Code     0  libinit2.o(.ARM.Collect$$libinit$$00000015)
    __rt_lib_init_lc_numeric_1               0x0800016b   Thumb Code     0  libinit2.o(.ARM.Collect$$libinit$$00000017)
    __rt_lib_init_lc_time_1                  0x0800016b   Thumb Code     0  libinit2.o(.ARM.Collect$$libinit$$00000019)
    __rt_lib_init_rand_1                     0x0800016b   Thumb Code     0  libinit2.o(.ARM.Collect$$libinit$$0000000E)
    __rt_lib_init_return                     0x0800016b   Thumb Code     0  libinit2.o(.ARM.Collect$$libinit$$00000033)
    __rt_lib_init_signal_1                   0x0800016b   Thumb Code     0  libinit2.o(.ARM.Collect$$libinit$$0000001D)
    __rt_lib_init_stdio_1                    0x0800016b   Thumb Code     0  libinit2.o(.ARM.Collect$$libinit$$00000025)
    __rt_lib_init_user_alloc_1               0x0800016b   Thumb Code     0  libinit2.o(.ARM.Collect$$libinit$$0000000C)
    __rt_lib_shutdown                        0x0800016d   Thumb Code     0  libshutdown.o(.ARM.Collect$$libshutdown$$00000000)
    __rt_lib_shutdown_cpp_1                  0x0800016f   Thumb Code     0  libshutdown2.o(.ARM.Collect$$libshutdown$$00000002)
    __rt_lib_shutdown_fp_trap_1              0x0800016f   Thumb Code     0  libshutdown2.o(.ARM.Collect$$libshutdown$$00000007)
    __rt_lib_shutdown_heap_1                 0x0800016f   Thumb Code     0  libshutdown2.o(.ARM.Collect$$libshutdown$$0000000F)
    __rt_lib_shutdown_return                 0x0800016f   Thumb Code     0  libshutdown2.o(.ARM.Collect$$libshutdown$$00000010)
    __rt_lib_shutdown_signal_1               0x0800016f   Thumb Code     0  libshutdown2.o(.ARM.Collect$$libshutdown$$0000000A)
    __rt_lib_shutdown_stdio_1                0x0800016f   Thumb Code     0  libshutdown2.o(.ARM.Collect$$libshutdown$$00000004)
    __rt_lib_shutdown_user_alloc_1           0x0800016f   Thumb Code     0  libshutdown2.o(.ARM.Collect$$libshutdown$$0000000C)
    __rt_entry                               0x08000171   Thumb Code     0  __rtentry.o(.ARM.Collect$$rtentry$$00000000)
    __rt_entry_presh_1                       0x08000171   Thumb Code     0  __rtentry2.o(.ARM.Collect$$rtentry$$00000002)
    __rt_entry_sh                            0x08000171   Thumb Code     0  __rtentry4.o(.ARM.Collect$$rtentry$$00000004)
    __rt_entry_li                            0x08000177   Thumb Code     0  __rtentry2.o(.ARM.Collect$$rtentry$$0000000A)
    __rt_entry_postsh_1                      0x08000177   Thumb Code     0  __rtentry2.o(.ARM.Collect$$rtentry$$00000009)
    __rt_entry_main                          0x0800017b   Thumb Code     0  __rtentry2.o(.ARM.Collect$$rtentry$$0000000D)
    __rt_entry_postli_1                      0x0800017b   Thumb Code     0  __rtentry2.o(.ARM.Collect$$rtentry$$0000000C)
    __rt_exit                                0x08000183   Thumb Code     0  rtexit.o(.ARM.Collect$$rtexit$$00000000)
    __rt_exit_ls                             0x08000185   Thumb Code     0  rtexit2.o(.ARM.Collect$$rtexit$$00000003)
    __rt_exit_prels_1                        0x08000185   Thumb Code     0  rtexit2.o(.ARM.Collect$$rtexit$$00000002)
    __rt_exit_exit                           0x08000189   Thumb Code     0  rtexit2.o(.ARM.Collect$$rtexit$$00000004)
    SVC_Handler                              0x08000191   Thumb Code    28  port.o(.emb_text)
    vPortStartFirstTask                      0x080001b1   Thumb Code    12  port.o(.emb_text)
    PendSV_Handler                           0x080001c1   Thumb Code    56  port.o(.emb_text)
    vPortSetInterruptMask                    0x080001fd   Thumb Code    14  port.o(.emb_text)
    vPortClearInterruptMask                  0x0800020b   Thumb Code    14  port.o(.emb_text)
    Reset_Handler                            0x08000219   Thumb Code     8  startup_stm32f10x_md.o(.text)
    _maybe_terminate_alloc                   0x08000219   Thumb Code     0  maybetermalloc1.o(.emb_text)
    ADC1_2_IRQHandler                        0x08000233   Thumb Code     0  startup_stm32f10x_md.o(.text)
    CAN1_RX1_IRQHandler                      0x08000233   Thumb Code     0  startup_stm32f10x_md.o(.text)
    CAN1_SCE_IRQHandler                      0x08000233   Thumb Code     0  startup_stm32f10x_md.o(.text)
    DMA1_Channel1_IRQHandler                 0x08000233   Thumb Code     0  startup_stm32f10x_md.o(.text)
    DMA1_Channel2_IRQHandler                 0x08000233   Thumb Code     0  startup_stm32f10x_md.o(.text)
    DMA1_Channel3_IRQHandler                 0x08000233   Thumb Code     0  startup_stm32f10x_md.o(.text)
    DMA1_Channel4_IRQHandler                 0x08000233   Thumb Code     0  startup_stm32f10x_md.o(.text)
    DMA1_Channel5_IRQHandler                 0x08000233   Thumb Code     0  startup_stm32f10x_md.o(.text)
    DMA1_Channel6_IRQHandler                 0x08000233   Thumb Code     0  startup_stm32f10x_md.o(.text)
    DMA1_Channel7_IRQHandler                 0x08000233   Thumb Code     0  startup_stm32f10x_md.o(.text)
    EXTI0_IRQHandler                         0x08000233   Thumb Code     0  startup_stm32f10x_md.o(.text)
    EXTI15_10_IRQHandler                     0x08000233   Thumb Code     0  startup_stm32f10x_md.o(.text)
    EXTI1_IRQHandler                         0x08000233   Thumb Code     0  startup_stm32f10x_md.o(.text)
    EXTI2_IRQHandler                         0x08000233   Thumb Code     0  startup_stm32f10x_md.o(.text)
    EXTI3_IRQHandler                         0x08000233   Thumb Code     0  startup_stm32f10x_md.o(.text)
    EXTI4_IRQHandler                         0x08000233   Thumb Code     0  startup_stm32f10x_md.o(.text)
    EXTI9_5_IRQHandler                       0x08000233   Thumb Code     0  startup_stm32f10x_md.o(.text)
    FLASH_IRQHandler                         0x08000233   Thumb Code     0  startup_stm32f10x_md.o(.text)
    I2C1_ER_IRQHandler                       0x08000233   Thumb Code     0  startup_stm32f10x_md.o(.text)
    I2C1_EV_IRQHandler                       0x08000233   Thumb Code     0  startup_stm32f10x_md.o(.text)
    I2C2_ER_IRQHandler                       0x08000233   Thumb Code     0  startup_stm32f10x_md.o(.text)
    I2C2_EV_IRQHandler                       0x08000233   Thumb Code     0  startup_stm32f10x_md.o(.text)
    PVD_IRQHandler                           0x08000233   Thumb Code     0  startup_stm32f10x_md.o(.text)
    RCC_IRQHandler                           0x08000233   Thumb Code     0  startup_stm32f10x_md.o(.text)
    RTCAlarm_IRQHandler                      0x08000233   Thumb Code     0  startup_stm32f10x_md.o(.text)
    RTC_IRQHandler                           0x08000233   Thumb Code     0  startup_stm32f10x_md.o(.text)
    SPI1_IRQHandler                          0x08000233   Thumb Code     0  startup_stm32f10x_md.o(.text)
    SPI2_IRQHandler                          0x08000233   Thumb Code     0  startup_stm32f10x_md.o(.text)
    TAMPER_IRQHandler                        0x08000233   Thumb Code     0  startup_stm32f10x_md.o(.text)
    TIM1_BRK_IRQHandler                      0x08000233   Thumb Code     0  startup_stm32f10x_md.o(.text)
    TIM1_CC_IRQHandler                       0x08000233   Thumb Code     0  startup_stm32f10x_md.o(.text)
    TIM1_TRG_COM_IRQHandler                  0x08000233   Thumb Code     0  startup_stm32f10x_md.o(.text)
    TIM1_UP_IRQHandler                       0x08000233   Thumb Code     0  startup_stm32f10x_md.o(.text)
    TIM2_IRQHandler                          0x08000233   Thumb Code     0  startup_stm32f10x_md.o(.text)
    TIM3_IRQHandler                          0x08000233   Thumb Code     0  startup_stm32f10x_md.o(.text)
    TIM4_IRQHandler                          0x08000233   Thumb Code     0  startup_stm32f10x_md.o(.text)
    USART2_IRQHandler                        0x08000233   Thumb Code     0  startup_stm32f10x_md.o(.text)
    USART3_IRQHandler                        0x08000233   Thumb Code     0  startup_stm32f10x_md.o(.text)
    USBWakeUp_IRQHandler                     0x08000233   Thumb Code     0  startup_stm32f10x_md.o(.text)
    USB_HP_CAN1_TX_IRQHandler                0x08000233   Thumb Code     0  startup_stm32f10x_md.o(.text)
    USB_LP_CAN1_RX0_IRQHandler               0x08000233   Thumb Code     0  startup_stm32f10x_md.o(.text)
    WWDG_IRQHandler                          0x08000233   Thumb Code     0  startup_stm32f10x_md.o(.text)
    __user_initial_stackheap                 0x08000235   Thumb Code     0  startup_stm32f10x_md.o(.text)
    SystemInit                               0x080002f9   Thumb Code    64  system_stm32f10x.o(.text)
    SystemCoreClockUpdate                    0x08000339   Thumb Code    86  system_stm32f10x.o(.text)
    NVIC_PriorityGroupConfig                 0x080003b1   Thumb Code    10  misc.o(.text)
    NVIC_Init                                0x080003bb   Thumb Code    94  misc.o(.text)
    NVIC_SetVectorTable                      0x08000419   Thumb Code    14  misc.o(.text)
    NVIC_SystemLPConfig                      0x08000427   Thumb Code    20  misc.o(.text)
    SysTick_CLKSourceConfig                  0x0800043b   Thumb Code    24  misc.o(.text)
    GPIO_DeInit                              0x08000461   Thumb Code   152  stm32f10x_gpio.o(.text)
    GPIO_AFIODeInit                          0x080004f9   Thumb Code    22  stm32f10x_gpio.o(.text)
    GPIO_Init                                0x0800050f   Thumb Code   156  stm32f10x_gpio.o(.text)
    GPIO_StructInit                          0x080005ab   Thumb Code    16  stm32f10x_gpio.o(.text)
    GPIO_ReadInputDataBit                    0x080005bb   Thumb Code    14  stm32f10x_gpio.o(.text)
    GPIO_ReadInputData                       0x080005c9   Thumb Code     6  stm32f10x_gpio.o(.text)
    GPIO_ReadOutputDataBit                   0x080005cf   Thumb Code    14  stm32f10x_gpio.o(.text)
    GPIO_ReadOutputData                      0x080005dd   Thumb Code     6  stm32f10x_gpio.o(.text)
    GPIO_SetBits                             0x080005e3   Thumb Code     4  stm32f10x_gpio.o(.text)
    GPIO_ResetBits                           0x080005e7   Thumb Code     4  stm32f10x_gpio.o(.text)
    GPIO_WriteBit                            0x080005eb   Thumb Code    10  stm32f10x_gpio.o(.text)
    GPIO_Write                               0x080005f5   Thumb Code     4  stm32f10x_gpio.o(.text)
    GPIO_PinLockConfig                       0x080005f9   Thumb Code    16  stm32f10x_gpio.o(.text)
    GPIO_EventOutputConfig                   0x08000609   Thumb Code    22  stm32f10x_gpio.o(.text)
    GPIO_EventOutputCmd                      0x0800061f   Thumb Code     6  stm32f10x_gpio.o(.text)
    GPIO_PinRemapConfig                      0x08000625   Thumb Code    82  stm32f10x_gpio.o(.text)
    GPIO_EXTILineConfig                      0x08000677   Thumb Code    34  stm32f10x_gpio.o(.text)
    GPIO_ETH_MediaInterfaceConfig            0x08000699   Thumb Code     8  stm32f10x_gpio.o(.text)
    RCC_DeInit                               0x080006c5   Thumb Code    50  stm32f10x_rcc.o(.text)
    RCC_HSEConfig                            0x080006f7   Thumb Code    48  stm32f10x_rcc.o(.text)
    RCC_GetFlagStatus                        0x08000727   Thumb Code    42  stm32f10x_rcc.o(.text)
    RCC_WaitForHSEStartUp                    0x08000751   Thumb Code    44  stm32f10x_rcc.o(.text)
    RCC_AdjustHSICalibrationValue            0x0800077d   Thumb Code    16  stm32f10x_rcc.o(.text)
    RCC_HSICmd                               0x0800078d   Thumb Code     6  stm32f10x_rcc.o(.text)
    RCC_PLLConfig                            0x08000793   Thumb Code    16  stm32f10x_rcc.o(.text)
    RCC_PLLCmd                               0x080007a3   Thumb Code     6  stm32f10x_rcc.o(.text)
    RCC_SYSCLKConfig                         0x080007a9   Thumb Code    14  stm32f10x_rcc.o(.text)
    RCC_GetSYSCLKSource                      0x080007b7   Thumb Code    10  stm32f10x_rcc.o(.text)
    RCC_HCLKConfig                           0x080007c1   Thumb Code    14  stm32f10x_rcc.o(.text)
    RCC_PCLK1Config                          0x080007cf   Thumb Code    14  stm32f10x_rcc.o(.text)
    RCC_PCLK2Config                          0x080007dd   Thumb Code    16  stm32f10x_rcc.o(.text)
    RCC_ITConfig                             0x080007ed   Thumb Code    18  stm32f10x_rcc.o(.text)
    RCC_USBCLKConfig                         0x080007ff   Thumb Code     8  stm32f10x_rcc.o(.text)
    RCC_ADCCLKConfig                         0x08000807   Thumb Code    14  stm32f10x_rcc.o(.text)
    RCC_LSEConfig                            0x08000815   Thumb Code    28  stm32f10x_rcc.o(.text)
    RCC_LSICmd                               0x08000831   Thumb Code     6  stm32f10x_rcc.o(.text)
    RCC_RTCCLKConfig                         0x08000837   Thumb Code    10  stm32f10x_rcc.o(.text)
    RCC_RTCCLKCmd                            0x08000841   Thumb Code     8  stm32f10x_rcc.o(.text)
    RCC_GetClocksFreq                        0x08000849   Thumb Code   132  stm32f10x_rcc.o(.text)
    RCC_AHBPeriphClockCmd                    0x080008cd   Thumb Code    18  stm32f10x_rcc.o(.text)
    RCC_APB2PeriphClockCmd                   0x080008df   Thumb Code    18  stm32f10x_rcc.o(.text)
    RCC_APB1PeriphClockCmd                   0x080008f1   Thumb Code    18  stm32f10x_rcc.o(.text)
    RCC_APB2PeriphResetCmd                   0x08000903   Thumb Code    18  stm32f10x_rcc.o(.text)
    RCC_APB1PeriphResetCmd                   0x08000915   Thumb Code    18  stm32f10x_rcc.o(.text)
    RCC_BackupResetCmd                       0x08000927   Thumb Code     8  stm32f10x_rcc.o(.text)
    RCC_ClockSecuritySystemCmd               0x0800092f   Thumb Code     6  stm32f10x_rcc.o(.text)
    RCC_MCOConfig                            0x08000935   Thumb Code     6  stm32f10x_rcc.o(.text)
    RCC_ClearFlag                            0x0800093b   Thumb Code    12  stm32f10x_rcc.o(.text)
    RCC_GetITStatus                          0x08000947   Thumb Code    16  stm32f10x_rcc.o(.text)
    RCC_ClearITPendingBit                    0x08000957   Thumb Code     6  stm32f10x_rcc.o(.text)
    TIM_DeInit                               0x0800097d   Thumb Code   304  stm32f10x_tim.o(.text)
    TIM_TimeBaseInit                         0x08000aad   Thumb Code   114  stm32f10x_tim.o(.text)
    TIM_OC1Init                              0x08000b1f   Thumb Code   106  stm32f10x_tim.o(.text)
    TIM_OC2Init                              0x08000b89   Thumb Code   120  stm32f10x_tim.o(.text)
    TIM_OC3Init                              0x08000c01   Thumb Code   116  stm32f10x_tim.o(.text)
    TIM_OC4Init                              0x08000c75   Thumb Code    90  stm32f10x_tim.o(.text)
    TIM_SetIC4Prescaler                      0x08000ccf   Thumb Code    24  stm32f10x_tim.o(.text)
    TIM_SetIC3Prescaler                      0x08000ce7   Thumb Code    16  stm32f10x_tim.o(.text)
    TIM_SetIC2Prescaler                      0x08000cf7   Thumb Code    24  stm32f10x_tim.o(.text)
    TIM_SetIC1Prescaler                      0x08000db5   Thumb Code    16  stm32f10x_tim.o(.text)
    TIM_ICInit                               0x08000e1d   Thumb Code   270  stm32f10x_tim.o(.text)
    TIM_PWMIConfig                           0x08000f2b   Thumb Code   104  stm32f10x_tim.o(.text)
    TIM_BDTRConfig                           0x08000f93   Thumb Code    34  stm32f10x_tim.o(.text)
    TIM_TimeBaseStructInit                   0x08000fb5   Thumb Code    18  stm32f10x_tim.o(.text)
    TIM_OCStructInit                         0x08000fc7   Thumb Code    20  stm32f10x_tim.o(.text)
    TIM_ICStructInit                         0x08000fdb   Thumb Code    16  stm32f10x_tim.o(.text)
    TIM_BDTRStructInit                       0x08000feb   Thumb Code    18  stm32f10x_tim.o(.text)
    TIM_Cmd                                  0x08000ffd   Thumb Code    20  stm32f10x_tim.o(.text)
    TIM_CtrlPWMOutputs                       0x08001011   Thumb Code    22  stm32f10x_tim.o(.text)
    TIM_ITConfig                             0x08001027   Thumb Code    16  stm32f10x_tim.o(.text)
    TIM_GenerateEvent                        0x08001037   Thumb Code     4  stm32f10x_tim.o(.text)
    TIM_DMAConfig                            0x0800103b   Thumb Code     8  stm32f10x_tim.o(.text)
    TIM_DMACmd                               0x08001043   Thumb Code    16  stm32f10x_tim.o(.text)
    TIM_InternalClockConfig                  0x08001053   Thumb Code    10  stm32f10x_tim.o(.text)
    TIM_SelectInputTrigger                   0x0800105d   Thumb Code    12  stm32f10x_tim.o(.text)
    TIM_ITRxExternalClockConfig              0x08001069   Thumb Code    18  stm32f10x_tim.o(.text)
    TIM_TIxExternalClockConfig               0x0800107b   Thumb Code    46  stm32f10x_tim.o(.text)
    TIM_ETRConfig                            0x080010a9   Thumb Code    24  stm32f10x_tim.o(.text)
    TIM_ETRClockMode1Config                  0x080010c1   Thumb Code    18  stm32f10x_tim.o(.text)
    TIM_ETRClockMode2Config                  0x080010d3   Thumb Code    18  stm32f10x_tim.o(.text)
    TIM_PrescalerConfig                      0x080010e5   Thumb Code     6  stm32f10x_tim.o(.text)
    TIM_CounterModeConfig                    0x080010eb   Thumb Code    12  stm32f10x_tim.o(.text)
    TIM_EncoderInterfaceConfig               0x080010f7   Thumb Code    50  stm32f10x_tim.o(.text)
    TIM_ForcedOC1Config                      0x08001129   Thumb Code    12  stm32f10x_tim.o(.text)
    TIM_ForcedOC2Config                      0x08001135   Thumb Code    20  stm32f10x_tim.o(.text)
    TIM_ForcedOC3Config                      0x08001149   Thumb Code    12  stm32f10x_tim.o(.text)
    TIM_ForcedOC4Config                      0x08001155   Thumb Code    20  stm32f10x_tim.o(.text)
    TIM_ARRPreloadConfig                     0x08001169   Thumb Code    20  stm32f10x_tim.o(.text)
    TIM_SelectCOM                            0x0800117d   Thumb Code    20  stm32f10x_tim.o(.text)
    TIM_SelectCCDMA                          0x08001191   Thumb Code    20  stm32f10x_tim.o(.text)
    TIM_CCPreloadControl                     0x080011a5   Thumb Code    20  stm32f10x_tim.o(.text)
    TIM_OC1PreloadConfig                     0x080011b9   Thumb Code    32  stm32f10x_tim.o(.text)
    TIM_OC2PreloadConfig                     0x080011d9   Thumb Code    20  stm32f10x_tim.o(.text)
    TIM_OC3PreloadConfig                     0x080011ed   Thumb Code    12  stm32f10x_tim.o(.text)
    TIM_OC4PreloadConfig                     0x080011f9   Thumb Code    20  stm32f10x_tim.o(.text)
    TIM_OC1FastConfig                        0x0800120d   Thumb Code    12  stm32f10x_tim.o(.text)
    TIM_OC2FastConfig                        0x08001219   Thumb Code    20  stm32f10x_tim.o(.text)
    TIM_OC3FastConfig                        0x0800122d   Thumb Code    12  stm32f10x_tim.o(.text)
    TIM_OC4FastConfig                        0x08001239   Thumb Code    20  stm32f10x_tim.o(.text)
    TIM_ClearOC1Ref                          0x0800124d   Thumb Code    12  stm32f10x_tim.o(.text)
    TIM_ClearOC2Ref                          0x08001259   Thumb Code    20  stm32f10x_tim.o(.text)
    TIM_ClearOC3Ref                          0x0800126d   Thumb Code    12  stm32f10x_tim.o(.text)
    TIM_ClearOC4Ref                          0x08001279   Thumb Code    20  stm32f10x_tim.o(.text)
    TIM_OC1PolarityConfig                    0x0800128d   Thumb Code    12  stm32f10x_tim.o(.text)
    TIM_OC1NPolarityConfig                   0x08001299   Thumb Code    12  stm32f10x_tim.o(.text)
    TIM_OC2PolarityConfig                    0x080012a5   Thumb Code    20  stm32f10x_tim.o(.text)
    TIM_OC2NPolarityConfig                   0x080012b9   Thumb Code    20  stm32f10x_tim.o(.text)
    TIM_OC3PolarityConfig                    0x080012cd   Thumb Code    20  stm32f10x_tim.o(.text)
    TIM_OC3NPolarityConfig                   0x080012e1   Thumb Code    20  stm32f10x_tim.o(.text)
    TIM_OC4PolarityConfig                    0x080012f5   Thumb Code    20  stm32f10x_tim.o(.text)
    TIM_CCxCmd                               0x08001309   Thumb Code    22  stm32f10x_tim.o(.text)
    TIM_CCxNCmd                              0x0800131f   Thumb Code    22  stm32f10x_tim.o(.text)
    TIM_SelectOCxM                           0x08001335   Thumb Code    70  stm32f10x_tim.o(.text)
    TIM_UpdateDisableConfig                  0x0800137b   Thumb Code    20  stm32f10x_tim.o(.text)
    TIM_UpdateRequestConfig                  0x0800138f   Thumb Code    20  stm32f10x_tim.o(.text)
    TIM_SelectHallSensor                     0x080013a3   Thumb Code    20  stm32f10x_tim.o(.text)
    TIM_SelectOnePulseMode                   0x080013b7   Thumb Code    16  stm32f10x_tim.o(.text)
    TIM_SelectOutputTrigger                  0x080013c7   Thumb Code    16  stm32f10x_tim.o(.text)
    TIM_SelectSlaveMode                      0x080013d7   Thumb Code    16  stm32f10x_tim.o(.text)
    TIM_SelectMasterSlaveMode                0x080013e7   Thumb Code    16  stm32f10x_tim.o(.text)
    TIM_SetCounter                           0x080013f7   Thumb Code     4  stm32f10x_tim.o(.text)
    TIM_SetAutoreload                        0x080013fb   Thumb Code     4  stm32f10x_tim.o(.text)
    TIM_SetCompare1                          0x080013ff   Thumb Code     4  stm32f10x_tim.o(.text)
    TIM_SetCompare2                          0x08001403   Thumb Code     4  stm32f10x_tim.o(.text)
    TIM_SetCompare3                          0x08001407   Thumb Code     4  stm32f10x_tim.o(.text)
    TIM_SetCompare4                          0x0800140b   Thumb Code     6  stm32f10x_tim.o(.text)
    TIM_SetClockDivision                     0x08001411   Thumb Code    16  stm32f10x_tim.o(.text)
    TIM_GetCapture1                          0x08001421   Thumb Code     4  stm32f10x_tim.o(.text)
    TIM_GetCapture2                          0x08001425   Thumb Code     4  stm32f10x_tim.o(.text)
    TIM_GetCapture3                          0x08001429   Thumb Code     4  stm32f10x_tim.o(.text)
    TIM_GetCapture4                          0x0800142d   Thumb Code     6  stm32f10x_tim.o(.text)
    TIM_GetCounter                           0x08001433   Thumb Code     4  stm32f10x_tim.o(.text)
    TIM_GetPrescaler                         0x08001437   Thumb Code     4  stm32f10x_tim.o(.text)
    TIM_GetFlagStatus                        0x0800143b   Thumb Code    14  stm32f10x_tim.o(.text)
    TIM_ClearFlag                            0x08001449   Thumb Code     6  stm32f10x_tim.o(.text)
    TIM_GetITStatus                          0x0800144f   Thumb Code    24  stm32f10x_tim.o(.text)
    TIM_ClearITPendingBit                    0x08001467   Thumb Code     6  stm32f10x_tim.o(.text)
    USART_DeInit                             0x0800146d   Thumb Code    96  stm32f10x_usart.o(.text)
    USART_Init                               0x080014cd   Thumb Code   166  stm32f10x_usart.o(.text)
    USART_StructInit                         0x08001573   Thumb Code    22  stm32f10x_usart.o(.text)
    USART_ClockInit                          0x08001589   Thumb Code    30  stm32f10x_usart.o(.text)
    USART_ClockStructInit                    0x080015a7   Thumb Code    12  stm32f10x_usart.o(.text)
    USART_Cmd                                0x080015b3   Thumb Code    20  stm32f10x_usart.o(.text)
    USART_ITConfig                           0x080015c7   Thumb Code    48  stm32f10x_usart.o(.text)
    USART_DMACmd                             0x080015f7   Thumb Code    16  stm32f10x_usart.o(.text)
    USART_SetAddress                         0x08001607   Thumb Code    16  stm32f10x_usart.o(.text)
    USART_WakeUpConfig                       0x08001617   Thumb Code    16  stm32f10x_usart.o(.text)
    USART_ReceiverWakeUpCmd                  0x08001627   Thumb Code    20  stm32f10x_usart.o(.text)
    USART_LINBreakDetectLengthConfig         0x0800163b   Thumb Code    16  stm32f10x_usart.o(.text)
    USART_LINCmd                             0x0800164b   Thumb Code    20  stm32f10x_usart.o(.text)
    USART_SendData                           0x0800165f   Thumb Code     8  stm32f10x_usart.o(.text)
    USART_ReceiveData                        0x08001667   Thumb Code     8  stm32f10x_usart.o(.text)
    USART_SendBreak                          0x0800166f   Thumb Code    10  stm32f10x_usart.o(.text)
    USART_SetGuardTime                       0x08001679   Thumb Code    16  stm32f10x_usart.o(.text)
    USART_SetPrescaler                       0x08001689   Thumb Code    16  stm32f10x_usart.o(.text)
    USART_SmartCardCmd                       0x08001699   Thumb Code    20  stm32f10x_usart.o(.text)
    USART_SmartCardNACKCmd                   0x080016ad   Thumb Code    20  stm32f10x_usart.o(.text)
    USART_HalfDuplexCmd                      0x080016c1   Thumb Code    20  stm32f10x_usart.o(.text)
    USART_OverSampling8Cmd                   0x080016d5   Thumb Code    20  stm32f10x_usart.o(.text)
    USART_OneBitMethodCmd                    0x080016e9   Thumb Code    20  stm32f10x_usart.o(.text)
    USART_IrDAConfig                         0x080016fd   Thumb Code    16  stm32f10x_usart.o(.text)
    USART_IrDACmd                            0x0800170d   Thumb Code    20  stm32f10x_usart.o(.text)
    USART_GetFlagStatus                      0x08001721   Thumb Code    14  stm32f10x_usart.o(.text)
    USART_ClearFlag                          0x0800172f   Thumb Code     6  stm32f10x_usart.o(.text)
    USART_GetITStatus                        0x08001735   Thumb Code    62  stm32f10x_usart.o(.text)
    USART_ClearITPendingBit                  0x08001773   Thumb Code    12  stm32f10x_usart.o(.text)
    vListInitialise                          0x08001795   Thumb Code    22  list.o(.text)
    vListInitialiseItem                      0x080017ab   Thumb Code     6  list.o(.text)
    vListInsertEnd                           0x080017b1   Thumb Code    28  list.o(.text)
    vListInsert                              0x080017cd   Thumb Code    48  list.o(.text)
    vListRemove                              0x080017fd   Thumb Code    36  list.o(.text)
    xTaskGenericCreate                       0x08001821   Thumb Code   356  tasks.o(.text)
    vTaskDelete                              0x08001985   Thumb Code    92  tasks.o(.text)
    vTaskIncrementTick                       0x080019e1   Thumb Code   116  tasks.o(.text)
    xTaskResumeAll                           0x08001a55   Thumb Code   166  tasks.o(.text)
    vTaskSuspendAll                          0x08001afb   Thumb Code    10  tasks.o(.text)
    vTaskDelayUntil                          0x08001b05   Thumb Code    96  tasks.o(.text)
    vTaskDelay                               0x08001b65   Thumb Code    66  tasks.o(.text)
    uxTaskPriorityGet                        0x08001ba7   Thumb Code    24  tasks.o(.text)
    vTaskPrioritySet                         0x08001bbf   Thumb Code   136  tasks.o(.text)
    vTaskSwitchContext                       0x08001c47   Thumb Code    66  tasks.o(.text)
    vTaskSuspend                             0x08001c89   Thumb Code   100  tasks.o(.text)
    xTaskIsTaskSuspended                     0x08001ced   Thumb Code    28  tasks.o(.text)
    vTaskResume                              0x08001d09   Thumb Code    86  tasks.o(.text)
    xTaskResumeFromISR                       0x08001d5f   Thumb Code    84  tasks.o(.text)
    vTaskStartScheduler                      0x08001dc7   Thumb Code    50  tasks.o(.text)
    vTaskEndScheduler                        0x08001df9   Thumb Code    20  tasks.o(.text)
    xTaskGetTickCount                        0x08001e0d   Thumb Code    18  tasks.o(.text)
    xTaskGetTickCountFromISR                 0x08001e1f   Thumb Code     6  tasks.o(.text)
    uxTaskGetNumberOfTasks                   0x08001e25   Thumb Code     6  tasks.o(.text)
    vTaskPlaceOnEventList                    0x08001e2b   Thumb Code    72  tasks.o(.text)
    xTaskRemoveFromEventList                 0x08001e73   Thumb Code    90  tasks.o(.text)
    vTaskSetTimeOutState                     0x08001ecd   Thumb Code    12  tasks.o(.text)
    xTaskCheckForTimeOut                     0x08001ed9   Thumb Code    72  tasks.o(.text)
    vTaskMissedYield                         0x08001f21   Thumb Code     8  tasks.o(.text)
    pxPortInitialiseStack                    0x08001f99   Thumb Code    28  port.o(.text)
    xPortStartScheduler                      0x08001fb5   Thumb Code    46  port.o(.text)
    vPortEndScheduler                        0x08001fe3   Thumb Code     2  port.o(.text)
    vPortYieldFromISR                        0x08001fe5   Thumb Code    12  port.o(.text)
    vPortEnterCritical                       0x08001ff1   Thumb Code    16  port.o(.text)
    vPortExitCritical                        0x08002001   Thumb Code    16  port.o(.text)
    SysTick_Handler                          0x08002011   Thumb Code    28  port.o(.text)
    pvPortMalloc                             0x08002039   Thumb Code   170  heap_2.o(.text)
    vPortFree                                0x080020e3   Thumb Code    56  heap_2.o(.text)
    xPortGetFreeHeapSize                     0x0800211b   Thumb Code     6  heap_2.o(.text)
    vPortInitialiseBlocks                    0x08002121   Thumb Code     2  heap_2.o(.text)
    delay_ms                                 0x0800212d   Thumb Code    42  delay.o(.text)
    delay_us                                 0x08002157   Thumb Code    38  delay.o(.text)
    lcd_delay_us                             0x08002181   Thumb Code    12  lph8731-3c.o(.text)
    lcd_delay_ms                             0x0800218d   Thumb Code    12  lph8731-3c.o(.text)
    ClkPulse                                 0x08002199   Thumb Code    28  lph8731-3c.o(.text)
    Send_spi                                 0x080021b5   Thumb Code   204  lph8731-3c.o(.text)
    Send_to_lcd                              0x08002281   Thumb Code   102  lph8731-3c.o(.text)
    LCD_init                                 0x080022e7   Thumb Code   804  lph8731-3c.o(.text)
    SetRotation                              0x0800260b   Thumb Code    56  lph8731-3c.o(.text)
    SetArea                                  0x08002643   Thumb Code    74  lph8731-3c.o(.text)
    Put_Pixel                                0x0800268d   Thumb Code    24  lph8731-3c.o(.text)
    Send_Symbol                              0x080026a5   Thumb Code   290  lph8731-3c.o(.text)
    LCD_Putchar                              0x080027c7   Thumb Code    74  lph8731-3c.o(.text)
    LCD_Puts                                 0x08002811   Thumb Code    78  lph8731-3c.o(.text)
    Send_Symbol_Shadow                       0x0800285f   Thumb Code   274  lph8731-3c.o(.text)
    LCD_Putchar_Shadow                       0x08002971   Thumb Code    70  lph8731-3c.o(.text)
    LCD_Puts_Shadow                          0x080029b7   Thumb Code    78  lph8731-3c.o(.text)
    LCD_FillScreen                           0x08002a05   Thumb Code    38  lph8731-3c.o(.text)
    Send_Image                               0x08002a2b   Thumb Code   156  lph8731-3c.o(.text)
    LCD_Output_image                         0x08002ac7   Thumb Code    58  lph8731-3c.o(.text)
    LCD_DrawLine                             0x08002b01   Thumb Code   206  lph8731-3c.o(.text)
    LCD_FillRect                             0x08002bcf   Thumb Code    86  lph8731-3c.o(.text)
    LCD_FillLine                             0x08002c25   Thumb Code   196  lph8731-3c.o(.text)
    LCD_DrawRect                             0x08002ce9   Thumb Code   118  lph8731-3c.o(.text)
    LCD_DrawCircle                           0x08002d5f   Thumb Code   216  lph8731-3c.o(.text)
    LCD_FillCircle                           0x08002e37   Thumb Code   154  lph8731-3c.o(.text)
    LCD_DrawTriangle                         0x08002ed1   Thumb Code    56  lph8731-3c.o(.text)
    LCD_FillTriangleA                        0x08002f09   Thumb Code   194  lph8731-3c.o(.text)
    LCD_FillTriangle                         0x08002fcb   Thumb Code    70  lph8731-3c.o(.text)
    PerformQuest                             0x08003011   Thumb Code    48  main.o(.text)
    main                                     0x08003041   Thumb Code   304  main.o(.text)
    ChipInit                                 0x08003195   Thumb Code   598  mcu_config.o(.text)
    BlinkOnboardLED                          0x080033eb   Thumb Code    78  mcu_config.o(.text)
    reset_task_counter                       0x08003439   Thumb Code     8  mcu_config.o(.text)
    get_task_counter                         0x08003441   Thumb Code     6  mcu_config.o(.text)
    set_task_counter                         0x08003447   Thumb Code    22  mcu_config.o(.text)
    NMI_Handler                              0x08003481   Thumb Code     2  stm32f10x_it.o(.text)
    HardFault_Handler                        0x08003483   Thumb Code     2  stm32f10x_it.o(.text)
    MemManage_Handler                        0x08003485   Thumb Code     2  stm32f10x_it.o(.text)
    BusFault_Handler                         0x08003487   Thumb Code     2  stm32f10x_it.o(.text)
    UsageFault_Handler                       0x08003489   Thumb Code     2  stm32f10x_it.o(.text)
    DebugMon_Handler                         0x0800348b   Thumb Code     2  stm32f10x_it.o(.text)
    MotorInit                                0x0800348d   Thumb Code   358  motor_driver.o(.text)
    HorseRace                                0x080035f3   Thumb Code   340  motor_driver.o(.text)
    MotorTest                                0x08003747   Thumb Code   506  motor_driver.o(.text)
    init_usart                               0x08003941   Thumb Code   204  usart.o(.text)
    USART1_IRQHandler                        0x08003a0d   Thumb Code   178  usart.o(.text)
    get_char                                 0x08003abf   Thumb Code    66  usart.o(.text)
    usart_has_data                           0x08003b01   Thumb Code    12  usart.o(.text)
    usart_get_data_packet                    0x08003b0d   Thumb Code    36  usart.o(.text)
    put_char                                 0x08003b31   Thumb Code   106  usart.o(.text)
    put_str                                  0x08003b9b   Thumb Code    20  usart.o(.text)
    usart_packet_is_addressed_to_me          0x08003baf   Thumb Code    16  usart.o(.text)
    usart_packet_parser                      0x08003bbf   Thumb Code    88  usart.o(.text)
    usart_crc8                               0x08003c17   Thumb Code    58  usart.o(.text)
    usart_assemble_response                  0x08003c51   Thumb Code    78  usart.o(.text)
    usart_validate_crc8                      0x08003c9f   Thumb Code    58  usart.o(.text)
    usart_convert_outgoing_packet            0x08003cd9   Thumb Code    20  usart.o(.text)
    set_break_flag                           0x08003ced   Thumb Code     6  usart.o(.text)
    SendInstruction                          0x08003cf3   Thumb Code    74  usart.o(.text)
    check_usart_while_playing                0x08003d3d   Thumb Code   186  usart.o(.text)
    get_break_flag                           0x08003df7   Thumb Code     6  usart.o(.text)
    malloc                                   0x08003e0d   Thumb Code    94  h1_alloc.o(.text)
    free                                     0x08003e6b   Thumb Code    78  h1_free.o(.text)
    strlen                                   0x08003eb9   Thumb Code    62  strlen.o(.text)
    __aeabi_memset                           0x08003ef7   Thumb Code    16  aeabi_memset.o(.text)
    strncpy                                  0x08003f07   Thumb Code    86  strncpy.o(.text)
    __use_two_region_memory                  0x08003f5d   Thumb Code     2  heapauxi.o(.text)
    __rt_heap_escrow                         0x08003f5f   Thumb Code     2  heapauxi.o(.text)
    __rt_heap_expand                         0x08003f61   Thumb Code     2  heapauxi.o(.text)
    __rt_heap_descriptor                     0x08003f65   Thumb Code     8  rt_heap_descriptor_intlibspace.o(.text)
    __use_no_heap                            0x08003f6d   Thumb Code     2  hguard.o(.text)
    __heap$guard                             0x08003f6f   Thumb Code     2  hguard.o(.text)
    _terminate_user_alloc                    0x08003f71   Thumb Code     2  init_alloc.o(.text)
    _init_user_alloc                         0x08003f73   Thumb Code     2  init_alloc.o(.text)
    __Heap_Full                              0x08003f75   Thumb Code    34  init_alloc.o(.text)
    __Heap_Broken                            0x08003f97   Thumb Code     6  init_alloc.o(.text)
    _init_alloc                              0x08003f9d   Thumb Code    94  init_alloc.o(.text)
    __Heap_Initialize                        0x08003ffb   Thumb Code    10  h1_init.o(.text)
    __Heap_DescSize                          0x08004005   Thumb Code     4  h1_init.o(.text)
    __aeabi_memclr                           0x08004009   Thumb Code     0  rt_memclr.o(.text)
    __rt_memclr                              0x08004009   Thumb Code    68  rt_memclr.o(.text)
    _memset                                  0x0800400d   Thumb Code     0  rt_memclr.o(.text)
    __user_libspace                          0x0800404d   Thumb Code     8  libspace.o(.text)
    __user_perproc_libspace                  0x0800404d   Thumb Code     0  libspace.o(.text)
    __user_perthread_libspace                0x0800404d   Thumb Code     0  libspace.o(.text)
    __Heap_ProvideMemory                     0x08004055   Thumb Code    52  h1_extend.o(.text)
    __rt_SIGRTMEM                            0x08004089   Thumb Code    14  defsig_rtmem_outer.o(.text)
    __aeabi_memclr4                          0x08004097   Thumb Code     0  rt_memclr_w.o(.text)
    __aeabi_memclr8                          0x08004097   Thumb Code     0  rt_memclr_w.o(.text)
    __rt_memclr_w                            0x08004097   Thumb Code    78  rt_memclr_w.o(.text)
    _memset_w                                0x0800409b   Thumb Code     0  rt_memclr_w.o(.text)
    __I$use$semihosting                      0x080040e5   Thumb Code     0  use_no_semi.o(.text)
    __use_no_semihosting_swi                 0x080040e5   Thumb Code     2  use_no_semi.o(.text)
    __semihosting_library_function           0x080040e7   Thumb Code     0  indicate_semi.o(.text)
    __user_setup_stackheap                   0x080040e7   Thumb Code    74  sys_stackheap_outer.o(.text)
    exit                                     0x08004131   Thumb Code    18  exit.o(.text)
    __sig_exit                               0x08004143   Thumb Code    10  defsig_exit.o(.text)
    __rt_SIGRTMEM_inner                      0x0800414d   Thumb Code    22  defsig_rtmem_inner.o(.text)
    _sys_exit                                0x0800419d   Thumb Code     8  sys_exit.o(.text)
    __default_signal_display                 0x080041a9   Thumb Code    50  defsig_general.o(.text)
    _ttywrch                                 0x080041db   Thumb Code    14  sys_wrch.o(.text)
    font_5x8                                 0x080041e8   Data         800  lph8731-3c.o(.constdata)
    Region$$Table$$Base                      0x08004508   Number         0  anon$$obj.o(Region$$Table)
    Region$$Table$$Limit                     0x08004528   Number         0  anon$$obj.o(Region$$Table)
    SystemCoreClock                          0x20000000   Data           4  system_stm32f10x.o(.data)
    AHBPrescTable                            0x20000004   Data          16  system_stm32f10x.o(.data)
    pxCurrentTCB                             0x20000028   Data           4  tasks.o(.data)
    RS_old                                   0x2000007c   Data           1  lph8731-3c.o(.data)
    rot                                      0x20000080   Data           4  lph8731-3c.o(.data)
    _task_counter                            0x20000084   Data           1  mcu_config.o(.data)
    rx_buffer_overflow                       0x20000086   Data           1  usart.o(.data)
    break_flag                               0x20000087   Data           1  usart.o(.data)
    incoming_crc8                            0x20000088   Data           1  usart.o(.data)
    rx_wr_index                              0x2000008a   Data           2  usart.o(.data)
    rx_rd_index                              0x2000008c   Data           2  usart.o(.data)
    rx_counter                               0x2000008e   Data           2  usart.o(.data)
    tx_wr_index                              0x20000090   Data           2  usart.o(.data)
    tx_rd_index                              0x20000092   Data           2  usart.o(.data)
    tx_counter                               0x20000094   Data           2  usart.o(.data)
    data_for_crc8                            0x20000096   Data           5  usart.o(.data)
    rx_buffer                                0x20003d68   Data         350  usart.o(.bss)
    tx_buffer                                0x20003ec6   Data         350  usart.o(.bss)
    __libspace_start                         0x20004024   Data          96  libspace.o(.bss)
    __temporary_stack_top$libspace           0x20004084   Data           0  libspace.o(.bss)



==============================================================================

Memory Map of the image

  Image Entry point : 0x080000ed

  Load Region LR_IROM1 (Base: 0x08000000, Size: 0x000045c4, Max: 0x00010000, ABSOLUTE)

    Execution Region ER_IROM1 (Base: 0x08000000, Size: 0x00004528, Max: 0x00010000, ABSOLUTE)

    Base Addr    Size         Type   Attr      Idx    E Section Name        Object

    0x08000000   0x000000ec   Data   RO            3    RESET               startup_stm32f10x_md.o
    0x080000ec   0x00000008   Code   RO          592  * !!!main             c_w.l(__main.o)
    0x080000f4   0x00000034   Code   RO          799    !!!scatter          c_w.l(__scatter.o)
    0x08000128   0x0000001a   Code   RO          801    !!handler_copy      c_w.l(__scatter_copy.o)
    0x08000142   0x00000002   PAD
    0x08000144   0x0000001c   Code   RO          803    !!handler_zi        c_w.l(__scatter_zi.o)
    0x08000160   0x00000002   Code   RO          738    .ARM.Collect$$libinit$$00000000  c_w.l(libinit.o)
    0x08000162   0x00000000   Code   RO          629    .ARM.Collect$$libinit$$00000002  c_w.l(libinit2.o)
    0x08000162   0x00000000   Code   RO          631    .ARM.Collect$$libinit$$00000004  c_w.l(libinit2.o)
    0x08000162   0x00000008   Code   RO          632    .ARM.Collect$$libinit$$00000005  c_w.l(libinit2.o)
    0x0800016a   0x00000000   Code   RO          634    .ARM.Collect$$libinit$$0000000A  c_w.l(libinit2.o)
    0x0800016a   0x00000000   Code   RO          636    .ARM.Collect$$libinit$$0000000C  c_w.l(libinit2.o)
    0x0800016a   0x00000000   Code   RO          638    .ARM.Collect$$libinit$$0000000E  c_w.l(libinit2.o)
    0x0800016a   0x00000000   Code   RO          641    .ARM.Collect$$libinit$$00000011  c_w.l(libinit2.o)
    0x0800016a   0x00000000   Code   RO          643    .ARM.Collect$$libinit$$00000013  c_w.l(libinit2.o)
    0x0800016a   0x00000000   Code   RO          645    .ARM.Collect$$libinit$$00000015  c_w.l(libinit2.o)
    0x0800016a   0x00000000   Code   RO          647    .ARM.Collect$$libinit$$00000017  c_w.l(libinit2.o)
    0x0800016a   0x00000000   Code   RO          649    .ARM.Collect$$libinit$$00000019  c_w.l(libinit2.o)
    0x0800016a   0x00000000   Code   RO          651    .ARM.Collect$$libinit$$0000001B  c_w.l(libinit2.o)
    0x0800016a   0x00000000   Code   RO          653    .ARM.Collect$$libinit$$0000001D  c_w.l(libinit2.o)
    0x0800016a   0x00000000   Code   RO          655    .ARM.Collect$$libinit$$0000001F  c_w.l(libinit2.o)
    0x0800016a   0x00000000   Code   RO          657    .ARM.Collect$$libinit$$00000021  c_w.l(libinit2.o)
    0x0800016a   0x00000000   Code   RO          659    .ARM.Collect$$libinit$$00000023  c_w.l(libinit2.o)
    0x0800016a   0x00000000   Code   RO          661    .ARM.Collect$$libinit$$00000025  c_w.l(libinit2.o)
    0x0800016a   0x00000000   Code   RO          665    .ARM.Collect$$libinit$$0000002C  c_w.l(libinit2.o)
    0x0800016a   0x00000000   Code   RO          667    .ARM.Collect$$libinit$$0000002E  c_w.l(libinit2.o)
    0x0800016a   0x00000000   Code   RO          669    .ARM.Collect$$libinit$$00000030  c_w.l(libinit2.o)
    0x0800016a   0x00000000   Code   RO          671    .ARM.Collect$$libinit$$00000032  c_w.l(libinit2.o)
    0x0800016a   0x00000002   Code   RO          672    .ARM.Collect$$libinit$$00000033  c_w.l(libinit2.o)
    0x0800016c   0x00000002   Code   RO          796    .ARM.Collect$$libshutdown$$00000000  c_w.l(libshutdown.o)
    0x0800016e   0x00000000   Code   RO          752    .ARM.Collect$$libshutdown$$00000002  c_w.l(libshutdown2.o)
    0x0800016e   0x00000000   Code   RO          754    .ARM.Collect$$libshutdown$$00000004  c_w.l(libshutdown2.o)
    0x0800016e   0x00000000   Code   RO          757    .ARM.Collect$$libshutdown$$00000007  c_w.l(libshutdown2.o)
    0x0800016e   0x00000000   Code   RO          760    .ARM.Collect$$libshutdown$$0000000A  c_w.l(libshutdown2.o)
    0x0800016e   0x00000000   Code   RO          762    .ARM.Collect$$libshutdown$$0000000C  c_w.l(libshutdown2.o)
    0x0800016e   0x00000000   Code   RO          765    .ARM.Collect$$libshutdown$$0000000F  c_w.l(libshutdown2.o)
    0x0800016e   0x00000002   Code   RO          766    .ARM.Collect$$libshutdown$$00000010  c_w.l(libshutdown2.o)
    0x08000170   0x00000000   Code   RO          596    .ARM.Collect$$rtentry$$00000000  c_w.l(__rtentry.o)
    0x08000170   0x00000000   Code   RO          679    .ARM.Collect$$rtentry$$00000002  c_w.l(__rtentry2.o)
    0x08000170   0x00000006   Code   RO          691    .ARM.Collect$$rtentry$$00000004  c_w.l(__rtentry4.o)
    0x08000176   0x00000000   Code   RO          681    .ARM.Collect$$rtentry$$00000009  c_w.l(__rtentry2.o)
    0x08000176   0x00000004   Code   RO          682    .ARM.Collect$$rtentry$$0000000A  c_w.l(__rtentry2.o)
    0x0800017a   0x00000000   Code   RO          684    .ARM.Collect$$rtentry$$0000000C  c_w.l(__rtentry2.o)
    0x0800017a   0x00000008   Code   RO          685    .ARM.Collect$$rtentry$$0000000D  c_w.l(__rtentry2.o)
    0x08000182   0x00000002   Code   RO          741    .ARM.Collect$$rtexit$$00000000  c_w.l(rtexit.o)
    0x08000184   0x00000000   Code   RO          770    .ARM.Collect$$rtexit$$00000002  c_w.l(rtexit2.o)
    0x08000184   0x00000004   Code   RO          771    .ARM.Collect$$rtexit$$00000003  c_w.l(rtexit2.o)
    0x08000188   0x00000006   Code   RO          772    .ARM.Collect$$rtexit$$00000004  c_w.l(rtexit2.o)
    0x0800018e   0x00000002   PAD
    0x08000190   0x00000088   Code   RO          285    .emb_text           port.o
    0x08000218   0x00000000   Code   RO          695    .emb_text           c_w.l(maybetermalloc1.o)
    0x08000218   0x00000040   Code   RO            4    .text               startup_stm32f10x_md.o
    0x08000258   0x00000158   Code   RO           24    .text               system_stm32f10x.o
    0x080003b0   0x000000b0   Code   RO           76    .text               misc.o
    0x08000460   0x00000264   Code   RO          107    .text               stm32f10x_gpio.o
    0x080006c4   0x000002b8   Code   RO          134    .text               stm32f10x_rcc.o
    0x0800097c   0x00000af0   Code   RO          148    .text               stm32f10x_tim.o
    0x0800146c   0x00000328   Code   RO          161    .text               stm32f10x_usart.o
    0x08001794   0x0000008c   Code   RO          219    .text               list.o
    0x08001820   0x00000778   Code   RO          252    .text               tasks.o
    0x08001f98   0x000000a0   Code   RO          286    .text               port.o
    0x08002038   0x000000f4   Code   RO          303    .text               heap_2.o
    0x0800212c   0x00000054   Code   RO          318    .text               delay.o
    0x08002180   0x00000e90   Code   RO          330    .text               lph8731-3c.o
    0x08003010   0x00000184   Code   RO          353    .text               main.o
    0x08003194   0x000002ec   Code   RO          428    .text               mcu_config.o
    0x08003480   0x0000000c   Code   RO          447    .text               stm32f10x_it.o
    0x0800348c   0x000004b4   Code   RO          475    .text               motor_driver.o
    0x08003940   0x000004cc   Code   RO          490    .text               usart.o
    0x08003e0c   0x0000005e   Code   RO          524    .text               c_w.l(h1_alloc.o)
    0x08003e6a   0x0000004e   Code   RO          526    .text               c_w.l(h1_free.o)
    0x08003eb8   0x0000003e   Code   RO          582    .text               c_w.l(strlen.o)
    0x08003ef6   0x00000010   Code   RO          586    .text               c_w.l(aeabi_memset.o)
    0x08003f06   0x00000056   Code   RO          588    .text               c_w.l(strncpy.o)
    0x08003f5c   0x00000006   Code   RO          590    .text               c_w.l(heapauxi.o)
    0x08003f62   0x00000002   PAD
    0x08003f64   0x00000008   Code   RO          600    .text               c_w.l(rt_heap_descriptor_intlibspace.o)
    0x08003f6c   0x00000004   Code   RO          602    .text               c_w.l(hguard.o)
    0x08003f70   0x0000008a   Code   RO          604    .text               c_w.l(init_alloc.o)
    0x08003ffa   0x0000000e   Code   RO          608    .text               c_w.l(h1_init.o)
    0x08004008   0x00000044   Code   RO          624    .text               c_w.l(rt_memclr.o)
    0x0800404c   0x00000008   Code   RO          675    .text               c_w.l(libspace.o)
    0x08004054   0x00000034   Code   RO          697    .text               c_w.l(h1_extend.o)
    0x08004088   0x0000000e   Code   RO          701    .text               c_w.l(defsig_rtmem_outer.o)
    0x08004096   0x0000004e   Code   RO          705    .text               c_w.l(rt_memclr_w.o)
    0x080040e4   0x00000002   Code   RO          714    .text               c_w.l(use_no_semi.o)
    0x080040e6   0x00000000   Code   RO          716    .text               c_w.l(indicate_semi.o)
    0x080040e6   0x0000004a   Code   RO          717    .text               c_w.l(sys_stackheap_outer.o)
    0x08004130   0x00000012   Code   RO          723    .text               c_w.l(exit.o)
    0x08004142   0x0000000a   Code   RO          725    .text               c_w.l(defsig_exit.o)
    0x0800414c   0x00000050   Code   RO          727    .text               c_w.l(defsig_rtmem_inner.o)
    0x0800419c   0x0000000c   Code   RO          739    .text               c_w.l(sys_exit.o)
    0x080041a8   0x00000032   Code   RO          749    .text               c_w.l(defsig_general.o)
    0x080041da   0x0000000e   Code   RO          767    .text               c_w.l(sys_wrch.o)
    0x080041e8   0x00000320   Data   RO          331    .constdata          lph8731-3c.o
    0x08004508   0x00000020   Data   RO          797    Region$$Table       anon$$obj.o


    Execution Region RW_IRAM1 (Base: 0x20000000, Size: 0x00004688, Max: 0x00005000, ABSOLUTE)

    Base Addr    Size         Type   Attr      Idx    E Section Name        Object

    0x20000000   0x00000014   Data   RW           25    .data               system_stm32f10x.o
    0x20000014   0x00000014   Data   RW          135    .data               stm32f10x_rcc.o
    0x20000028   0x00000038   Data   RW          254    .data               tasks.o
    0x20000060   0x00000004   Data   RW          287    .data               port.o
    0x20000064   0x00000018   Data   RW          305    .data               heap_2.o
    0x2000007c   0x00000008   Data   RW          332    .data               lph8731-3c.o
    0x20000084   0x00000001   Data   RW          429    .data               mcu_config.o
    0x20000085   0x00000001   PAD
    0x20000086   0x00000015   Data   RW          496    .data               usart.o
    0x2000009b   0x00000001   PAD
    0x2000009c   0x000000c8   Zero   RW          253    .bss                tasks.o
    0x20000164   0x00000004   PAD
    0x20000168   0x00003c00   Zero   RW          304    .bss                heap_2.o
    0x20003d68   0x000002bc   Zero   RW          493    .bss                usart.o
    0x20004024   0x00000060   Zero   RW          676    .bss                c_w.l(libspace.o)
    0x20004084   0x00000004   PAD
    0x20004088   0x00000200   Zero   RW            2    HEAP                startup_stm32f10x_md.o
    0x20004288   0x00000400   Zero   RW            1    STACK               startup_stm32f10x_md.o


==============================================================================

Image component sizes


      Code (inc. data)   RO Data    RW Data    ZI Data      Debug   Object Name

         0          0          0          0          0       4508   core_cm3.o
         0          0          0          0          0       5016   croutine.o
        84          4          0          0          0       1056   delay.o
       244         10          0         24      15360       3412   heap_2.o
       140          0          0          0          0       3213   list.o
      3728         20        800          8          0      14733   lph8731-3c.o
       388         36          0          0          0      17527   main.o
       748         36          0          1          0      17131   mcu_config.o
       176         14          0          0          0       1917   misc.o
      1204         84          0          0          0       1736   motor_driver.o
       296         24          0          4          0       3437   port.o
        64         26        236          0       1536        888   startup_stm32f10x_md.o
       612         36          0          0          0       6041   stm32f10x_gpio.o
        12          0          0          0          0        851   stm32f10x_it.o
       696         32          0         20          0       9004   stm32f10x_rcc.o
      2800         84          0          0          0      23982   stm32f10x_tim.o
       808         22          0          0          0       8912   stm32f10x_usart.o
       344         34          0         20          0     247575   system_stm32f10x.o
      1912         28          0         56        200      12092   tasks.o
      1228         36          0         21        700       6530   usart.o

    ----------------------------------------------------------------------
     15484        526       1068        156      17800     389561   Object Totals
         0          0         32          0          0          0   (incl. Generated)
         0          0          0          2          4          0   (incl. Padding)

    ----------------------------------------------------------------------

      Code (inc. data)   RO Data    RW Data    ZI Data      Debug   Library Member Name

         8          0          0          0          0         68   __main.o
         0          0          0          0          0          0   __rtentry.o
        12          0          0          0          0          0   __rtentry2.o
         6          0          0          0          0          0   __rtentry4.o
        52          8          0          0          0          0   __scatter.o
        26          0          0          0          0          0   __scatter_copy.o
        28          0          0          0          0          0   __scatter_zi.o
        16          0          0          0          0         68   aeabi_memset.o
        10          0          0          0          0         68   defsig_exit.o
        50          0          0          0          0         88   defsig_general.o
        80         58          0          0          0         76   defsig_rtmem_inner.o
        14          0          0          0          0         80   defsig_rtmem_outer.o
        18          0          0          0          0         80   exit.o
        94          0          0          0          0         80   h1_alloc.o
        52          0          0          0          0         68   h1_extend.o
        78          0          0          0          0         80   h1_free.o
        14          0          0          0          0         84   h1_init.o
         6          0          0          0          0        152   heapauxi.o
         4          0          0          0          0        136   hguard.o
         0          0          0          0          0          0   indicate_semi.o
       138          0          0          0          0        168   init_alloc.o
         2          0          0          0          0          0   libinit.o
        10          0          0          0          0          0   libinit2.o
         2          0          0          0          0          0   libshutdown.o
         2          0          0          0          0          0   libshutdown2.o
         8          4          0          0         96         68   libspace.o
         0          0          0          0          0          0   maybetermalloc1.o
         8          4          0          0          0         68   rt_heap_descriptor_intlibspace.o
        68          0          0          0          0         68   rt_memclr.o
        78          0          0          0          0         80   rt_memclr_w.o
         2          0          0          0          0          0   rtexit.o
        10          0          0          0          0          0   rtexit2.o
        62          0          0          0          0         76   strlen.o
        86          0          0          0          0         76   strncpy.o
        12          4          0          0          0         68   sys_exit.o
        74          0          0          0          0         80   sys_stackheap_outer.o
        14          0          0          0          0         76   sys_wrch.o
         2          0          0          0          0         68   use_no_semi.o

    ----------------------------------------------------------------------
      1152         78          0          0        100       2024   Library Totals
         6          0          0          0          4          0   (incl. Padding)

    ----------------------------------------------------------------------

      Code (inc. data)   RO Data    RW Data    ZI Data      Debug   Library Name

      1146         78          0          0         96       2024   c_w.l

    ----------------------------------------------------------------------
      1152         78          0          0        100       2024   Library Totals

    ----------------------------------------------------------------------

==============================================================================


      Code (inc. data)   RO Data    RW Data    ZI Data      Debug   

     16636        604       1068        156      17900     387941   Grand Totals
     16636        604       1068        156      17900     387941   ELF Image Totals
     16636        604       1068        156          0          0   ROM Totals

==============================================================================

    Total RO  Size (Code + RO Data)                17704 (  17.29kB)
    Total RW  Size (RW Data + ZI Data)             18056 (  17.63kB)
    Total ROM Size (Code + RO Data + RW Data)      17860 (  17.44kB)

==============================================================================

